Archive member included to satisfy reference by file (symbol)

c:/ac6/systemworkbench/plugins/fr.ac6.mcu.externaltools.arm-none.win32_1.7.0.201602121829/tools/compiler/bin/../lib/gcc/arm-none-eabi/5.2.1/armv7e-m/fpu\libgcc.a(_lshrdi3.o)
                              Drivers/STM32F3xx_HAL_Driver/Src/stm32f3xx_hal_flash.o (__aeabi_llsr)
c:/ac6/systemworkbench/plugins/fr.ac6.mcu.externaltools.arm-none.win32_1.7.0.201602121829/tools/compiler/bin/../lib/gcc/arm-none-eabi/5.2.1/armv7e-m/fpu\libgcc.a(_arm_addsubdf3.o)
                              Src/speedcalc.o (__aeabi_dadd)
c:/ac6/systemworkbench/plugins/fr.ac6.mcu.externaltools.arm-none.win32_1.7.0.201602121829/tools/compiler/bin/../lib/gcc/arm-none-eabi/5.2.1/armv7e-m/fpu\libgcc.a(_arm_muldivdf3.o)
                              Src/speedcalc.o (__aeabi_dmul)
c:/ac6/systemworkbench/plugins/fr.ac6.mcu.externaltools.arm-none.win32_1.7.0.201602121829/tools/compiler/bin/../lib/gcc/arm-none-eabi/5.2.1/armv7e-m/fpu\libgcc.a(_arm_truncdfsf2.o)
                              Src/speedcalc.o (__aeabi_d2f)
c:/ac6/systemworkbench/plugins/fr.ac6.mcu.externaltools.arm-none.win32_1.7.0.201602121829/tools/compiler/bin/../lib/gcc/arm-none-eabi/5.2.1/../../../../arm-none-eabi/lib/armv7e-m/fpu\libc_nano.a(lib_a-exit.o)
                              c:/ac6/systemworkbench/plugins/fr.ac6.mcu.externaltools.arm-none.win32_1.7.0.201602121829/tools/compiler/bin/../lib/gcc/arm-none-eabi/5.2.1/../../../../arm-none-eabi/lib/armv7e-m/fpu/crt0.o (exit)
c:/ac6/systemworkbench/plugins/fr.ac6.mcu.externaltools.arm-none.win32_1.7.0.201602121829/tools/compiler/bin/../lib/gcc/arm-none-eabi/5.2.1/../../../../arm-none-eabi/lib/armv7e-m/fpu\libc_nano.a(lib_a-impure.o)
                              c:/ac6/systemworkbench/plugins/fr.ac6.mcu.externaltools.arm-none.win32_1.7.0.201602121829/tools/compiler/bin/../lib/gcc/arm-none-eabi/5.2.1/../../../../arm-none-eabi/lib/armv7e-m/fpu\libc_nano.a(lib_a-exit.o) (_global_impure_ptr)
c:/ac6/systemworkbench/plugins/fr.ac6.mcu.externaltools.arm-none.win32_1.7.0.201602121829/tools/compiler/bin/../lib/gcc/arm-none-eabi/5.2.1/../../../../arm-none-eabi/lib/armv7e-m/fpu\libc_nano.a(lib_a-init.o)
                              c:/ac6/systemworkbench/plugins/fr.ac6.mcu.externaltools.arm-none.win32_1.7.0.201602121829/tools/compiler/bin/../lib/gcc/arm-none-eabi/5.2.1/../../../../arm-none-eabi/lib/armv7e-m/fpu/crt0.o (__libc_init_array)
c:/ac6/systemworkbench/plugins/fr.ac6.mcu.externaltools.arm-none.win32_1.7.0.201602121829/tools/compiler/bin/../lib/gcc/arm-none-eabi/5.2.1/../../../../arm-none-eabi/lib/armv7e-m/fpu\libc_nano.a(lib_a-memcpy-stub.o)
                              Src/TextOut.o (memcpy)
c:/ac6/systemworkbench/plugins/fr.ac6.mcu.externaltools.arm-none.win32_1.7.0.201602121829/tools/compiler/bin/../lib/gcc/arm-none-eabi/5.2.1/../../../../arm-none-eabi/lib/armv7e-m/fpu\libc_nano.a(lib_a-memset.o)
                              c:/ac6/systemworkbench/plugins/fr.ac6.mcu.externaltools.arm-none.win32_1.7.0.201602121829/tools/compiler/bin/../lib/gcc/arm-none-eabi/5.2.1/../../../../arm-none-eabi/lib/armv7e-m/fpu/crt0.o (memset)
c:/ac6/systemworkbench/plugins/fr.ac6.mcu.externaltools.arm-none.win32_1.7.0.201602121829/tools/compiler/bin/../lib/gcc/arm-none-eabi/5.2.1/../../../../arm-none-eabi/lib/armv7e-m/fpu\libc_nano.a(lib_a-nano-vfprintf_float.o)
                              (_printf_float)
c:/ac6/systemworkbench/plugins/fr.ac6.mcu.externaltools.arm-none.win32_1.7.0.201602121829/tools/compiler/bin/../lib/gcc/arm-none-eabi/5.2.1/../../../../arm-none-eabi/lib/armv7e-m/fpu\libc_nano.a(lib_a-nano-vfprintf_i.o)
                              c:/ac6/systemworkbench/plugins/fr.ac6.mcu.externaltools.arm-none.win32_1.7.0.201602121829/tools/compiler/bin/../lib/gcc/arm-none-eabi/5.2.1/../../../../arm-none-eabi/lib/armv7e-m/fpu\libc_nano.a(lib_a-nano-vfprintf_float.o) (_printf_common)
c:/ac6/systemworkbench/plugins/fr.ac6.mcu.externaltools.arm-none.win32_1.7.0.201602121829/tools/compiler/bin/../lib/gcc/arm-none-eabi/5.2.1/../../../../arm-none-eabi/lib/armv7e-m/fpu\libc_nano.a(lib_a-s_fpclassify.o)
                              c:/ac6/systemworkbench/plugins/fr.ac6.mcu.externaltools.arm-none.win32_1.7.0.201602121829/tools/compiler/bin/../lib/gcc/arm-none-eabi/5.2.1/../../../../arm-none-eabi/lib/armv7e-m/fpu\libc_nano.a(lib_a-nano-vfprintf_float.o) (__fpclassifyd)
c:/ac6/systemworkbench/plugins/fr.ac6.mcu.externaltools.arm-none.win32_1.7.0.201602121829/tools/compiler/bin/../lib/gcc/arm-none-eabi/5.2.1/../../../../arm-none-eabi/lib/armv7e-m/fpu\libc_nano.a(lib_a-sprintf.o)
                              Src/commsfpga.o (sprintf)
c:/ac6/systemworkbench/plugins/fr.ac6.mcu.externaltools.arm-none.win32_1.7.0.201602121829/tools/compiler/bin/../lib/gcc/arm-none-eabi/5.2.1/../../../../arm-none-eabi/lib/armv7e-m/fpu\libc_nano.a(lib_a-strchr.o)
                              Src/TextOut.o (strchr)
[...]
Memory Configuration

Name             Origin             Length             Attributes
RAM              0x20000000         0x0000a000         xrw
CCMRAM           0x10000000         0x00002000         rw
FLASH            0x08000000         0x00040000         xr
*default*        0x00000000         0xffffffff

Linker script and memory map

LOAD c:/ac6/systemworkbench/plugins/fr.ac6.mcu.externaltools.arm-none.win32_1.7.0.201602121829/tools/compiler/bin/../lib/gcc/arm-none-eabi/5.2.1/armv7e-m/fpu/crti.o
LOAD c:/ac6/systemworkbench/plugins/fr.ac6.mcu.externaltools.arm-none.win32_1.7.0.201602121829/tools/compiler/bin/../lib/gcc/arm-none-eabi/5.2.1/armv7e-m/fpu/crtbegin.o
LOAD c:/ac6/systemworkbench/plugins/fr.ac6.mcu.externaltools.arm-none.win32_1.7.0.201602121829/tools/compiler/bin/../lib/gcc/arm-none-eabi/5.2.1/../../../../arm-none-eabi/lib/armv7e-m/fpu/crt0.o
LOAD c:/ac6/systemworkbench/plugins/fr.ac6.mcu.externaltools.arm-none.win32_1.7.0.201602121829/tools/compiler/bin/../lib/gcc/arm-none-eabi/5.2.1/../../../../arm-none-eabi/lib/armv7e-m/fpu\libm.a
LOAD Drivers/STM32F3xx_HAL_Driver/Src/stm32f3xx_hal.o
LOAD Drivers/STM32F3xx_HAL_Driver/Src/stm32f3xx_hal_cortex.o
LOAD Drivers/STM32F3xx_HAL_Driver/Src/stm32f3xx_hal_dma.o
LOAD Drivers/STM32F3xx_HAL_Driver/Src/stm32f3xx_hal_flash.o
LOAD Drivers/STM32F3xx_HAL_Driver/Src/stm32f3xx_hal_flash_ex.o
LOAD Drivers/STM32F3xx_HAL_Driver/Src/stm32f3xx_hal_gpio.o
LOAD Drivers/STM32F3xx_HAL_Driver/Src/stm32f3xx_hal_i2c.o
LOAD Drivers/STM32F3xx_HAL_Driver/Src/stm32f3xx_hal_i2c_ex.o
LOAD Drivers/STM32F3xx_HAL_Driver/Src/stm32f3xx_hal_pcd.o
LOAD Drivers/STM32F3xx_HAL_Driver/Src/stm32f3xx_hal_pcd_ex.o
LOAD Drivers/STM32F3xx_HAL_Driver/Src/stm32f3xx_hal_pwr.o
LOAD Drivers/STM32F3xx_HAL_Driver/Src/stm32f3xx_hal_pwr_ex.o
LOAD Drivers/STM32F3xx_HAL_Driver/Src/stm32f3xx_hal_rcc.o
LOAD Drivers/STM32F3xx_HAL_Driver/Src/stm32f3xx_hal_rcc_ex.o
LOAD Drivers/STM32F3xx_HAL_Driver/Src/stm32f3xx_hal_spi.o
LOAD Drivers/STM32F3xx_HAL_Driver/Src/stm32f3xx_hal_spi_ex.o
LOAD Drivers/STM32F3xx_HAL_Driver/Src/stm32f3xx_hal_tim.o
LOAD Drivers/STM32F3xx_HAL_Driver/Src/stm32f3xx_hal_tim_ex.o
LOAD Middlewares/ST/STM32_USB_Device_Library/Class/CDC/Src/usbd_cdc.o
LOAD Middlewares/ST/STM32_USB_Device_Library/Core/Src/usbd_core.o
LOAD Middlewares/ST/STM32_USB_Device_Library/Core/Src/usbd_ctlreq.o
LOAD Middlewares/ST/STM32_USB_Device_Library/Core/Src/usbd_ioreq.o
LOAD Src/TextOut.o
LOAD Src/commsfpga.o
LOAD Src/gpio.o
LOAD Src/main.o
LOAD Src/myNRF24.o
LOAD Src/speedcalc.o
LOAD Src/spi.o
LOAD Src/stm32f3xx_hal_msp.o
LOAD Src/stm32f3xx_it.o
LOAD Src/system_stm32f3xx.o
LOAD Src/tim.o
LOAD Src/usb_device.o
LOAD Src/usbd_cdc_if.o
LOAD Src/usbd_conf.o
LOAD Src/usbd_desc.o
LOAD startup/startup_stm32f303xc.o
START GROUP
LOAD c:/ac6/systemworkbench/plugins/fr.ac6.mcu.externaltools.arm-none.win32_1.7.0.201602121829/tools/compiler/bin/../lib/gcc/arm-none-eabi/5.2.1/armv7e-m/fpu\libgcc.a
LOAD c:/ac6/systemworkbench/plugins/fr.ac6.mcu.externaltools.arm-none.win32_1.7.0.201602121829/tools/compiler/bin/../lib/gcc/arm-none-eabi/5.2.1/../../../../arm-none-eabi/lib/armv7e-m/fpu\libc_nano.a
END GROUP
START GROUP
LOAD c:/ac6/systemworkbench/plugins/fr.ac6.mcu.externaltools.arm-none.win32_1.7.0.201602121829/tools/compiler/bin/../lib/gcc/arm-none-eabi/5.2.1/armv7e-m/fpu\libgcc.a
LOAD c:/ac6/systemworkbench/plugins/fr.ac6.mcu.externaltools.arm-none.win32_1.7.0.201602121829/tools/compiler/bin/../lib/gcc/arm-none-eabi/5.2.1/../../../../arm-none-eabi/lib/armv7e-m/fpu\libc_nano.a
LOAD c:/ac6/systemworkbench/plugins/fr.ac6.mcu.externaltools.arm-none.win32_1.7.0.201602121829/tools/compiler/bin/../lib/gcc/arm-none-eabi/5.2.1/../../../../arm-none-eabi/lib/armv7e-m/fpu\libnosys.a
END GROUP
START GROUP
LOAD c:/ac6/systemworkbench/plugins/fr.ac6.mcu.externaltools.arm-none.win32_1.7.0.201602121829/tools/compiler/bin/../lib/gcc/arm-none-eabi/5.2.1/armv7e-m/fpu\libgcc.a
LOAD c:/ac6/systemworkbench/plugins/fr.ac6.mcu.externaltools.arm-none.win32_1.7.0.201602121829/tools/compiler/bin/../lib/gcc/arm-none-eabi/5.2.1/../../../../arm-none-eabi/lib/armv7e-m/fpu\libc_nano.a
LOAD c:/ac6/systemworkbench/plugins/fr.ac6.mcu.externaltools.arm-none.win32_1.7.0.201602121829/tools/compiler/bin/../lib/gcc/arm-none-eabi/5.2.1/../../../../arm-none-eabi/lib/armv7e-m/fpu\libnosys.a
END GROUP
LOAD c:/ac6/systemworkbench/plugins/fr.ac6.mcu.externaltools.arm-none.win32_1.7.0.201602121829/tools/compiler/bin/../lib/gcc/arm-none-eabi/5.2.1/armv7e-m/fpu/crtend.o
LOAD c:/ac6/systemworkbench/plugins/fr.ac6.mcu.externaltools.arm-none.win32_1.7.0.201602121829/tools/compiler/bin/../lib/gcc/arm-none-eabi/5.2.1/armv7e-m/fpu/crtn.o
                0x2000a000                _estack = 0x2000a000
                0x00000200                _Min_Heap_Size = 0x200
                0x00000400                _Min_Stack_Size = 0x400

.isr_vector     0x08000000      0x188
                0x08000000                . = ALIGN (0x4)
 *(.isr_vector)
 .isr_vector    0x08000000      0x188 startup/startup_stm32f303xc.o
                0x08000000                g_pfnVectors
                0x08000188                . = ALIGN (0x4)

.text           0x08000190     0x8f18
                0x08000190                . = ALIGN (0x4)
 *(.text)
 .text          0x08000190       0xa4 c:/ac6/systemworkbench/plugins/fr.ac6.mcu.externaltools.arm-none.win32_1.7.0.201602121829/tools/compiler/bin/../lib/gcc/arm-none-eabi/5.2.1/armv7e-m/fpu/crtbegin.o
 .text          0x08000234      0x370 c:/ac6/systemworkbench/plugins/fr.ac6.mcu.externaltools.arm-none.win32_1.7.0.201602121829/tools/compiler/bin/../lib/gcc/arm-none-eabi/5.2.1/armv7e-m/fpu\libgcc.a(_arm_addsubdf3.o)
                0x08000234                __aeabi_drsub
                0x0800023c                __aeabi_dsub
                0x0800023c                __subdf3
                0x08000240                __aeabi_dadd
                0x08000240                __adddf3
                0x080004b8                __floatunsidf
                0x080004b8                __aeabi_ui2d
                0x080004d8                __floatsidf
                0x080004d8                __aeabi_i2d
                0x080004fc                __aeabi_f2d
                0x080004fc                __extendsfdf2
                0x08000538                __floatundidf
                0x08000538                __aeabi_ul2d
                0x08000548                __floatdidf
                0x08000548                __aeabi_l2d
 .text          0x080005a4      0x424 c:/ac6/systemworkbench/plugins/fr.ac6.mcu.externaltools.arm-none.win32_1.7.0.201602121829/tools/compiler/bin/../lib/gcc/arm-none-eabi/5.2.1/armv7e-m/fpu\libgcc.a(_arm_muldivdf3.o)
                0x080005a4                __aeabi_dmul
                0x080005a4                __muldf3
                0x080007f8                __divdf3
                0x080007f8                __aeabi_ddiv
 .text          0x080009c8       0xa0 c:/ac6/systemworkbench/plugins/fr.ac6.mcu.externaltools.arm-none.win32_1.7.0.201602121829/tools/compiler/bin/../lib/gcc/arm-none-eabi/5.2.1/armv7e-m/fpu\libgcc.a(_arm_truncdfsf2.o)
                0x080009c8                __truncdfsf2
                0x080009c8                __aeabi_d2f
 .text          0x08000a68       0x10 c:/ac6/systemworkbench/plugins/fr.ac6.mcu.externaltools.arm-none.win32_1.7.0.201602121829/tools/compiler/bin/../lib/gcc/arm-none-eabi/5.2.1/../../../../arm-none-eabi/lib/armv7e-m/fpu\libc_nano.a(lib_a-strlen.o)
                0x08000a68                strlen
 *fill*         0x08000a78        0x8 
 .text          0x08000a80       0xa0 c:/ac6/systemworkbench/plugins/fr.ac6.mcu.externaltools.arm-none.win32_1.7.0.201602121829/tools/compiler/bin/../lib/gcc/arm-none-eabi/5.2.1/../../../../arm-none-eabi/lib/armv7e-m/fpu\libc_nano.a(lib_a-memchr.o)
                0x08000a80                memchr
 .text          0x08000b20      0x110 c:/ac6/systemworkbench/plugins/fr.ac6.mcu.externaltools.arm-none.win32_1.7.0.201602121829/tools/compiler/bin/../lib/gcc/arm-none-eabi/5.2.1/armv7e-m/fpu\libgcc.a(_arm_cmpdf2.o)
                0x08000b20                __gtdf2
                0x08000b20                __gedf2
                0x08000b28                __ltdf2
                0x08000b28                __ledf2
                0x08000b30                __nedf2
                0x08000b30                __eqdf2
                0x08000b30                __cmpdf2
                0x08000bac                __aeabi_cdrcmple
                0x08000bbc                __aeabi_cdcmpeq
                0x08000bbc                __aeabi_cdcmple
                0x08000bcc                __aeabi_dcmpeq
                0x08000be0                __aeabi_dcmplt
                0x08000bf4                __aeabi_dcmple
                0x08000c08                __aeabi_dcmpge
                0x08000c1c                __aeabi_dcmpgt
 .text          0x08000c30       0x50 c:/ac6/systemworkbench/plugins/fr.ac6.mcu.externaltools.arm-none.win32_1.7.0.201602121829/tools/compiler/bin/../lib/gcc/arm-none-eabi/5.2.1/armv7e-m/fpu\libgcc.a(_arm_fixdfsi.o)
                0x08000c30                __aeabi_d2iz
                0x08000c30                __fixdfsi
 *(.text*)
 .text.HAL_InitTick
                0x08000c80       0x28 Drivers/STM32F3xx_HAL_Driver/Src/stm32f3xx_hal.o
                0x08000c80                HAL_InitTick
 .text.HAL_Init
                0x08000ca8       0x24 Drivers/STM32F3xx_HAL_Driver/Src/stm32f3xx_hal.o
                0x08000ca8                HAL_Init
 .text.HAL_IncTick
                0x08000ccc       0x10 Drivers/STM32F3xx_HAL_Driver/Src/stm32f3xx_hal.o
                0x08000ccc                HAL_IncTick
 .text.HAL_GetTick
                0x08000cdc        0xc Drivers/STM32F3xx_HAL_Driver/Src/stm32f3xx_hal.o
                0x08000cdc                HAL_GetTick
 .text.HAL_Delay
                0x08000ce8       0x1a Drivers/STM32F3xx_HAL_Driver/Src/stm32f3xx_hal.o
                0x08000ce8                HAL_Delay
 *fill*         0x08000d02        0x2 
 .text.HAL_NVIC_SetPriorityGrouping
                0x08000d04       0x24 Drivers/STM32F3xx_HAL_Driver/Src/stm32f3xx_hal_cortex.o
                0x08000d04                HAL_NVIC_SetPriorityGrouping
 .text.HAL_NVIC_SetPriority
                0x08000d28       0x68 Drivers/STM32F3xx_HAL_Driver/Src/stm32f3xx_hal_cortex.o
                0x08000d28                HAL_NVIC_SetPriority
 .text.HAL_NVIC_EnableIRQ
                0x08000d90       0x18 Drivers/STM32F3xx_HAL_Driver/Src/stm32f3xx_hal_cortex.o
                0x08000d90                HAL_NVIC_EnableIRQ
 .text.HAL_SYSTICK_Config
                0x08000da8       0x2c Drivers/STM32F3xx_HAL_Driver/Src/stm32f3xx_hal_cortex.o
                0x08000da8                HAL_SYSTICK_Config
 .text.HAL_SYSTICK_CLKSourceConfig
                0x08000dd4       0x18 Drivers/STM32F3xx_HAL_Driver/Src/stm32f3xx_hal_cortex.o
                0x08000dd4                HAL_SYSTICK_CLKSourceConfig
 .text.HAL_SYSTICK_Callback
                0x08000dec        0x2 Drivers/STM32F3xx_HAL_Driver/Src/stm32f3xx_hal_cortex.o
                0x08000dec                HAL_SYSTICK_Callback
 .text.HAL_SYSTICK_IRQHandler
                0x08000dee        0x8 Drivers/STM32F3xx_HAL_Driver/Src/stm32f3xx_hal_cortex.o
                0x08000dee                HAL_SYSTICK_IRQHandler
 *fill*         0x08000df6        0x2 
 .text.HAL_GPIO_Init
                0x08000df8      0x194 Drivers/STM32F3xx_HAL_Driver/Src/stm32f3xx_hal_gpio.o
                0x08000df8                HAL_GPIO_Init
 .text.HAL_GPIO_ReadPin
                0x08000f8c        0xc Drivers/STM32F3xx_HAL_Driver/Src/stm32f3xx_hal_gpio.o
                0x08000f8c                HAL_GPIO_ReadPin
 .text.HAL_GPIO_WritePin
                0x08000f98        0xa Drivers/STM32F3xx_HAL_Driver/Src/stm32f3xx_hal_gpio.o
                0x08000f98                HAL_GPIO_WritePin
 .text.HAL_PCD_Init
                0x08000fa2       0xaa Drivers/STM32F3xx_HAL_Driver/Src/stm32f3xx_hal_pcd.o
                0x08000fa2                HAL_PCD_Init
 .text.HAL_PCD_Start
                0x0800104c        0xc Drivers/STM32F3xx_HAL_Driver/Src/stm32f3xx_hal_pcd.o
                0x0800104c                HAL_PCD_Start
 .text.HAL_PCD_SetAddress
                0x08001058       0x2c Drivers/STM32F3xx_HAL_Driver/Src/stm32f3xx_hal_pcd.o
                0x08001058                HAL_PCD_SetAddress
 .text.HAL_PCD_EP_Open
                0x08001084      0x33a Drivers/STM32F3xx_HAL_Driver/Src/stm32f3xx_hal_pcd.o
                0x08001084                HAL_PCD_EP_Open
 .text.HAL_PCD_EP_Close
                0x080013be      0x1b2 Drivers/STM32F3xx_HAL_Driver/Src/stm32f3xx_hal_pcd.o
                0x080013be                HAL_PCD_EP_Close
 .text.HAL_PCD_EP_Receive
                0x08001570       0xfa Drivers/STM32F3xx_HAL_Driver/Src/stm32f3xx_hal_pcd.o
                0x08001570                HAL_PCD_EP_Receive
 .text.HAL_PCD_EP_GetRxCount
                0x0800166a       0x10 Drivers/STM32F3xx_HAL_Driver/Src/stm32f3xx_hal_pcd.o
                0x0800166a                HAL_PCD_EP_GetRxCount
 .text.HAL_PCD_EP_Transmit
                0x0800167a      0x10a Drivers/STM32F3xx_HAL_Driver/Src/stm32f3xx_hal_pcd.o
                0x0800167a                HAL_PCD_EP_Transmit
 .text.HAL_PCD_IRQHandler
                0x08001784      0x4ba Drivers/STM32F3xx_HAL_Driver/Src/stm32f3xx_hal_pcd.o
                0x08001784                HAL_PCD_IRQHandler
 .text.HAL_PCD_EP_SetStall
                0x08001c3e       0xa2 Drivers/STM32F3xx_HAL_Driver/Src/stm32f3xx_hal_pcd.o
                0x08001c3e                HAL_PCD_EP_SetStall
 .text.HAL_PCD_EP_ClrStall
                0x08001ce0       0xca Drivers/STM32F3xx_HAL_Driver/Src/stm32f3xx_hal_pcd.o
                0x08001ce0                HAL_PCD_EP_ClrStall
 .text.HAL_PCDEx_PMAConfig
                0x08001daa       0x36 Drivers/STM32F3xx_HAL_Driver/Src/stm32f3xx_hal_pcd_ex.o
                0x08001daa                HAL_PCDEx_PMAConfig
 .text.PCD_WritePMA
                0x08001de0       0x22 Drivers/STM32F3xx_HAL_Driver/Src/stm32f3xx_hal_pcd_ex.o
                0x08001de0                PCD_WritePMA
 .text.PCD_ReadPMA
                0x08001e02       0x22 Drivers/STM32F3xx_HAL_Driver/Src/stm32f3xx_hal_pcd_ex.o
                0x08001e02                PCD_ReadPMA
 .text.HAL_RCC_OscConfig
                0x08001e24      0x4cc Drivers/STM32F3xx_HAL_Driver/Src/stm32f3xx_hal_rcc.o
                0x08001e24                HAL_RCC_OscConfig
 .text.HAL_RCC_GetSysClockFreq
                0x080022f0       0x64 Drivers/STM32F3xx_HAL_Driver/Src/stm32f3xx_hal_rcc.o
                0x080022f0                HAL_RCC_GetSysClockFreq
 .text.HAL_RCC_ClockConfig
                0x08002354      0x164 Drivers/STM32F3xx_HAL_Driver/Src/stm32f3xx_hal_rcc.o
                0x08002354                HAL_RCC_ClockConfig
 .text.HAL_RCC_GetHCLKFreq
                0x080024b8        0xc Drivers/STM32F3xx_HAL_Driver/Src/stm32f3xx_hal_rcc.o
                0x080024b8                HAL_RCC_GetHCLKFreq
 .text.HAL_RCCEx_PeriphCLKConfig
                0x080024c4      0x204 Drivers/STM32F3xx_HAL_Driver/Src/stm32f3xx_hal_rcc_ex.o
                0x080024c4                HAL_RCCEx_PeriphCLKConfig
 .text.SPI_WaitFlagStateUntilTimeout.part.1
                0x080026c8       0x52 Drivers/STM32F3xx_HAL_Driver/Src/stm32f3xx_hal_spi.o
 .text.SPI_WaitFifoStateUntilTimeout
                0x0800271a       0x54 Drivers/STM32F3xx_HAL_Driver/Src/stm32f3xx_hal_spi.o
 .text.SPI_WaitFlagStateUntilTimeout
                0x0800276e       0x40 Drivers/STM32F3xx_HAL_Driver/Src/stm32f3xx_hal_spi.o
 .text.SPI_EndRxTxTransaction
                0x080027ae       0x2e Drivers/STM32F3xx_HAL_Driver/Src/stm32f3xx_hal_spi.o
 .text.SPI_EndRxTransaction
                0x080027dc       0x6a Drivers/STM32F3xx_HAL_Driver/Src/stm32f3xx_hal_spi.o
 .text.HAL_SPI_Init
                0x08002846       0xb2 Drivers/STM32F3xx_HAL_Driver/Src/stm32f3xx_hal_spi.o
                0x08002846                HAL_SPI_Init
 .text.HAL_SPI_Transmit
                0x080028f8      0x176 Drivers/STM32F3xx_HAL_Driver/Src/stm32f3xx_hal_spi.o
                0x080028f8                HAL_SPI_Transmit
 .text.HAL_SPI_TransmitReceive
                0x08002a6e      0x2d6 Drivers/STM32F3xx_HAL_Driver/Src/stm32f3xx_hal_spi.o
                0x08002a6e                HAL_SPI_TransmitReceive
 .text.HAL_SPI_Receive
                0x08002d44      0x224 Drivers/STM32F3xx_HAL_Driver/Src/stm32f3xx_hal_spi.o
                0x08002d44                HAL_SPI_Receive
 .text.HAL_TIM_PWM_MspInit
                0x08002f68        0x2 Drivers/STM32F3xx_HAL_Driver/Src/stm32f3xx_hal_tim.o
                0x08002f68                HAL_TIM_PWM_MspInit
 *fill*         0x08002f6a        0x2 
 .text.TIM_Base_SetConfig
                0x08002f6c       0xb4 Drivers/STM32F3xx_HAL_Driver/Src/stm32f3xx_hal_tim.o
                0x08002f6c                TIM_Base_SetConfig
 .text.HAL_TIM_Base_Init
                0x08003020       0x34 Drivers/STM32F3xx_HAL_Driver/Src/stm32f3xx_hal_tim.o
                0x08003020                HAL_TIM_Base_Init
 .text.HAL_TIM_PWM_Init
                0x08003054       0x34 Drivers/STM32F3xx_HAL_Driver/Src/stm32f3xx_hal_tim.o
                0x08003054                HAL_TIM_PWM_Init
 .text.TIM_OC1_SetConfig
                0x08003088       0x98 Drivers/STM32F3xx_HAL_Driver/Src/stm32f3xx_hal_tim.o
                0x08003088                TIM_OC1_SetConfig
 .text.TIM_OC2_SetConfig
                0x08003120       0x8c Drivers/STM32F3xx_HAL_Driver/Src/stm32f3xx_hal_tim.o
                0x08003120                TIM_OC2_SetConfig
 .text.TIM_OC3_SetConfig
                0x080031ac       0x8c Drivers/STM32F3xx_HAL_Driver/Src/stm32f3xx_hal_tim.o
                0x080031ac                TIM_OC3_SetConfig
 .text.TIM_OC4_SetConfig
                0x08003238       0x68 Drivers/STM32F3xx_HAL_Driver/Src/stm32f3xx_hal_tim.o
                0x08003238                TIM_OC4_SetConfig
 .text.TIM_ETR_SetConfig
                0x080032a0       0x14 Drivers/STM32F3xx_HAL_Driver/Src/stm32f3xx_hal_tim.o
                0x080032a0                TIM_ETR_SetConfig
 .text.HAL_TIM_ConfigClockSource
                0x080032b4      0x170 Drivers/STM32F3xx_HAL_Driver/Src/stm32f3xx_hal_tim.o
                0x080032b4                HAL_TIM_ConfigClockSource
 .text.TIM_CCxChannelCmd
                0x08003424       0x1a Drivers/STM32F3xx_HAL_Driver/Src/stm32f3xx_hal_tim.o
                0x08003424                TIM_CCxChannelCmd
 *fill*         0x0800343e        0x2 
 .text.HAL_TIM_PWM_Start
                0x08003440       0x4c Drivers/STM32F3xx_HAL_Driver/Src/stm32f3xx_hal_tim.o
                0x08003440                HAL_TIM_PWM_Start
 .text.TIM_OC5_SetConfig
                0x0800348c       0x68 Drivers/STM32F3xx_HAL_Driver/Src/stm32f3xx_hal_tim_ex.o
 .text.TIM_OC6_SetConfig
                0x080034f4       0x68 Drivers/STM32F3xx_HAL_Driver/Src/stm32f3xx_hal_tim_ex.o
 .text.HAL_TIM_PWM_ConfigChannel
                0x0800355c      0x10c Drivers/STM32F3xx_HAL_Driver/Src/stm32f3xx_hal_tim_ex.o
                0x0800355c                HAL_TIM_PWM_ConfigChannel
 .text.HAL_TIMEx_MasterConfigSynchronization
                0x08003668       0x4c Drivers/STM32F3xx_HAL_Driver/Src/stm32f3xx_hal_tim_ex.o
                0x08003668                HAL_TIMEx_MasterConfigSynchronization
 .text.HAL_TIMEx_ConfigBreakDeadTime
                0x080036b4       0x84 Drivers/STM32F3xx_HAL_Driver/Src/stm32f3xx_hal_tim_ex.o
                0x080036b4                HAL_TIMEx_ConfigBreakDeadTime
 .text.USBD_CDC_DataIn
                0x08003738       0x12 Middlewares/ST/STM32_USB_Device_Library/Class/CDC/Src/usbd_cdc.o
 .text.USBD_CDC_EP0_RxReady
                0x0800374a       0x28 Middlewares/ST/STM32_USB_Device_Library/Class/CDC/Src/usbd_cdc.o
 *fill*         0x08003772        0x2 
 .text.USBD_CDC_GetFSCfgDesc
                0x08003774        0xc Middlewares/ST/STM32_USB_Device_Library/Class/CDC/Src/usbd_cdc.o
 .text.USBD_CDC_GetHSCfgDesc
                0x08003780        0xc Middlewares/ST/STM32_USB_Device_Library/Class/CDC/Src/usbd_cdc.o
 .text.USBD_CDC_GetOtherSpeedCfgDesc
                0x0800378c        0xc Middlewares/ST/STM32_USB_Device_Library/Class/CDC/Src/usbd_cdc.o
 .text.USBD_CDC_GetDeviceQualifierDescriptor
                0x08003798        0xc Middlewares/ST/STM32_USB_Device_Library/Class/CDC/Src/usbd_cdc.o
                0x08003798                USBD_CDC_GetDeviceQualifierDescriptor
 .text.USBD_CDC_DataOut
                0x080037a4       0x2e Middlewares/ST/STM32_USB_Device_Library/Class/CDC/Src/usbd_cdc.o
 *fill*         0x080037d2        0x2 
 .text.USBD_CDC_Setup
                0x080037d4       0x6c Middlewares/ST/STM32_USB_Device_Library/Class/CDC/Src/usbd_cdc.o
 .text.USBD_CDC_DeInit
                0x08003840       0x3a Middlewares/ST/STM32_USB_Device_Library/Class/CDC/Src/usbd_cdc.o
 .text.USBD_CDC_Init
                0x0800387a       0x8c Middlewares/ST/STM32_USB_Device_Library/Class/CDC/Src/usbd_cdc.o
 .text.USBD_CDC_RegisterInterface
                0x08003906        0xe Middlewares/ST/STM32_USB_Device_Library/Class/CDC/Src/usbd_cdc.o
                0x08003906                USBD_CDC_RegisterInterface
 .text.USBD_CDC_SetTxBuffer
                0x08003914       0x10 Middlewares/ST/STM32_USB_Device_Library/Class/CDC/Src/usbd_cdc.o
                0x08003914                USBD_CDC_SetTxBuffer
 .text.USBD_CDC_SetRxBuffer
                0x08003924        0xc Middlewares/ST/STM32_USB_Device_Library/Class/CDC/Src/usbd_cdc.o
                0x08003924                USBD_CDC_SetRxBuffer
 .text.USBD_CDC_TransmitPacket
                0x08003930       0x2e Middlewares/ST/STM32_USB_Device_Library/Class/CDC/Src/usbd_cdc.o
                0x08003930                USBD_CDC_TransmitPacket
 .text.USBD_CDC_ReceivePacket
                0x0800395e       0x26 Middlewares/ST/STM32_USB_Device_Library/Class/CDC/Src/usbd_cdc.o
                0x0800395e                USBD_CDC_ReceivePacket
 .text.USBD_Init
                0x08003984       0x2a Middlewares/ST/STM32_USB_Device_Library/Core/Src/usbd_core.o
                0x08003984                USBD_Init
 .text.USBD_RegisterClass
                0x080039ae        0xe Middlewares/ST/STM32_USB_Device_Library/Core/Src/usbd_core.o
                0x080039ae                USBD_RegisterClass
 .text.USBD_Start
                0x080039bc        0xa Middlewares/ST/STM32_USB_Device_Library/Core/Src/usbd_core.o
                0x080039bc                USBD_Start
 .text.USBD_SetClassConfig
                0x080039c6       0x16 Middlewares/ST/STM32_USB_Device_Library/Core/Src/usbd_core.o
                0x080039c6                USBD_SetClassConfig
 .text.USBD_ClrClassConfig
                0x080039dc        0xe Middlewares/ST/STM32_USB_Device_Library/Core/Src/usbd_core.o
                0x080039dc                USBD_ClrClassConfig
 .text.USBD_LL_SetupStage
                0x080039ea       0x5a Middlewares/ST/STM32_USB_Device_Library/Core/Src/usbd_core.o
                0x080039ea                USBD_LL_SetupStage
 .text.USBD_LL_DataOutStage
                0x08003a44       0x62 Middlewares/ST/STM32_USB_Device_Library/Core/Src/usbd_core.o
                0x08003a44                USBD_LL_DataOutStage
 .text.USBD_LL_DataInStage
                0x08003aa6       0x9c Middlewares/ST/STM32_USB_Device_Library/Core/Src/usbd_core.o
                0x08003aa6                USBD_LL_DataInStage
 .text.USBD_LL_Reset
                0x08003b42       0x3e Middlewares/ST/STM32_USB_Device_Library/Core/Src/usbd_core.o
                0x08003b42                USBD_LL_Reset
 .text.USBD_LL_SetSpeed
                0x08003b80        0x6 Middlewares/ST/STM32_USB_Device_Library/Core/Src/usbd_core.o
                0x08003b80                USBD_LL_SetSpeed
 .text.USBD_LL_Suspend
                0x08003b86       0x12 Middlewares/ST/STM32_USB_Device_Library/Core/Src/usbd_core.o
                0x08003b86                USBD_LL_Suspend
 .text.USBD_LL_Resume
                0x08003b98        0xc Middlewares/ST/STM32_USB_Device_Library/Core/Src/usbd_core.o
                0x08003b98                USBD_LL_Resume
 .text.USBD_LL_SOF
                0x08003ba4       0x18 Middlewares/ST/STM32_USB_Device_Library/Core/Src/usbd_core.o
                0x08003ba4                USBD_LL_SOF
 .text.USBD_ParseSetupRequest
                0x08003bbc       0x28 Middlewares/ST/STM32_USB_Device_Library/Core/Src/usbd_ctlreq.o
                0x08003bbc                USBD_ParseSetupRequest
 .text.USBD_CtlError
                0x08003be4       0x16 Middlewares/ST/STM32_USB_Device_Library/Core/Src/usbd_ctlreq.o
                0x08003be4                USBD_CtlError
 *fill*         0x08003bfa        0x2 
 .text.USBD_StdDevReq
                0x08003bfc      0x214 Middlewares/ST/STM32_USB_Device_Library/Core/Src/usbd_ctlreq.o
                0x08003bfc                USBD_StdDevReq
 .text.USBD_StdItfReq
                0x08003e10       0x30 Middlewares/ST/STM32_USB_Device_Library/Core/Src/usbd_ctlreq.o
                0x08003e10                USBD_StdItfReq
 .text.USBD_StdEPReq
                0x08003e40       0xc6 Middlewares/ST/STM32_USB_Device_Library/Core/Src/usbd_ctlreq.o
                0x08003e40                USBD_StdEPReq
 .text.USBD_GetString
                0x08003f06       0x38 Middlewares/ST/STM32_USB_Device_Library/Core/Src/usbd_ctlreq.o
                0x08003f06                USBD_GetString
 .text.USBD_CtlSendData
                0x08003f3e       0x1a Middlewares/ST/STM32_USB_Device_Library/Core/Src/usbd_ioreq.o
                0x08003f3e                USBD_CtlSendData
 .text.USBD_CtlContinueSendData
                0x08003f58       0x10 Middlewares/ST/STM32_USB_Device_Library/Core/Src/usbd_ioreq.o
                0x08003f58                USBD_CtlContinueSendData
 .text.USBD_CtlPrepareRx
                0x08003f68       0x1e Middlewares/ST/STM32_USB_Device_Library/Core/Src/usbd_ioreq.o
                0x08003f68                USBD_CtlPrepareRx
 .text.USBD_CtlContinueRx
                0x08003f86       0x10 Middlewares/ST/STM32_USB_Device_Library/Core/Src/usbd_ioreq.o
                0x08003f86                USBD_CtlContinueRx
 .text.USBD_CtlSendStatus
                0x08003f96       0x16 Middlewares/ST/STM32_USB_Device_Library/Core/Src/usbd_ioreq.o
                0x08003f96                USBD_CtlSendStatus
 .text.USBD_CtlReceiveStatus
                0x08003fac       0x16 Middlewares/ST/STM32_USB_Device_Library/Core/Src/usbd_ioreq.o
                0x08003fac                USBD_CtlReceiveStatus
 *fill*         0x08003fc2        0x2 
 .text.backslashNfixer
                0x08003fc4       0x34 Src/TextOut.o
                0x08003fc4                backslashNfixer
 .text.TextOut  0x08003ff8       0x24 Src/TextOut.o
                0x08003ff8                TextOut
 .text.csLow    0x0800401c        0xc Src/commsfpga.o
                0x0800401c                csLow
 .text.csHigh   0x08004028        0xc Src/commsfpga.o
                0x08004028                csHigh
 .text.reverseByte
                0x08004034       0x3e Src/commsfpga.o
                0x08004034                reverseByte
 *fill*         0x08004072        0x2 
 .text.sendReceivePacket
                0x08004074      0x238 Src/commsfpga.o
                0x08004074                sendReceivePacket
 .text.MX_GPIO_Init
                0x080042ac      0x138 Src/gpio.o
                0x080042ac                MX_GPIO_Init
 .text.SystemClock_Config
                0x080043e4       0x8a Src/main.o
                0x080043e4                SystemClock_Config
 *fill*         0x0800446e        0x2 
 .text.shoot    0x08004470       0x68 Src/main.o
                0x08004470                shoot
 .text.startup.main
                0x080044d8      0x308 Src/main.o
                0x080044d8                main
 .text.Error_Handler
                0x080047e0        0x2 Src/main.o
                0x080047e0                Error_Handler
 *fill*         0x080047e2        0x2 
 .text.fun      0x080047e4       0x9c Src/myNRF24.o
                0x080047e4                fun
 .text.nssHigh  0x08004880       0x20 Src/myNRF24.o
                0x08004880                nssHigh
 .text.nssLow   0x080048a0       0x20 Src/myNRF24.o
                0x080048a0                nssLow
 .text.writeRegMulti.part.3
                0x080048c0       0x46 Src/myNRF24.o
 .text.readReg.part.4
                0x08004906       0x36 Src/myNRF24.o
 .text.ceHigh   0x0800493c       0x1c Src/myNRF24.o
                0x0800493c                ceHigh
 .text.ceLow    0x08004958       0x1c Src/myNRF24.o
                0x08004958                ceLow
 .text.irqRead  0x08004974       0x24 Src/myNRF24.o
                0x08004974                irqRead
 .text.writeReg
                0x08004998       0x70 Src/myNRF24.o
                0x08004998                writeReg
 .text.setRXbufferSize.part.7
                0x08004a08       0x3a Src/myNRF24.o
 *fill*         0x08004a42        0x2 
 .text.writeRegMulti
                0x08004a44       0x30 Src/myNRF24.o
                0x08004a44                writeRegMulti
 .text.readReg  0x08004a74       0x1c Src/myNRF24.o
                0x08004a74                readReg
 .text.readRegMulti
                0x08004a90       0x48 Src/myNRF24.o
                0x08004a90                readRegMulti
 .text.reset    0x08004ad8      0x130 Src/myNRF24.o
                0x08004ad8                reset
 .text.setFreqChannel
                0x08004c08       0x18 Src/myNRF24.o
                0x08004c08                setFreqChannel
 .text.setDataPipeArray
                0x08004c20       0x38 Src/myNRF24.o
                0x08004c20                setDataPipeArray
 .text.RXinterrupts
                0x08004c58       0x1e Src/myNRF24.o
                0x08004c58                RXinterrupts
 .text.flushTX  0x08004c76       0x24 Src/myNRF24.o
                0x08004c76                flushTX
 .text.flushRX  0x08004c9a       0x24 Src/myNRF24.o
                0x08004c9a                flushRX
 .text.NRFinit  0x08004cbe       0x36 Src/myNRF24.o
                0x08004cbe                NRFinit
 .text.powerUpRX
                0x08004cf4       0x2a Src/myNRF24.o
                0x08004cf4                powerUpRX
 .text.readData
                0x08004d1e       0x34 Src/myNRF24.o
                0x08004d1e                readData
 *fill*         0x08004d52        0x2 
 .text.printAllRegisters
                0x08004d54       0xc8 Src/myNRF24.o
                0x08004d54                printAllRegisters
 .text.initRobo
                0x08004e1c       0x70 Src/myNRF24.o
                0x08004e1c                initRobo
 .text.roboCallback
                0x08004e8c       0x94 Src/myNRF24.o
                0x08004e8c                roboCallback
 .text.printDataStruct
                0x08004f20       0xec Src/myNRF24.o
                0x08004f20                printDataStruct
 *fill*         0x0800500c        0x4 
 .text.splitVector
                0x08005010       0x94 Src/speedcalc.o
                0x08005010                splitVector
 .text.calcFPGAFromRPS
                0x080050a4       0x38 Src/speedcalc.o
                0x080050a4                calcFPGAFromRPS
 *fill*         0x080050dc        0x4 
 .text.calcMotorRaw
                0x080050e0      0x254 Src/speedcalc.o
                0x080050e0                calcMotorRaw
 .text.calcMotorSpeed
                0x08005334       0x40 Src/speedcalc.o
                0x08005334                calcMotorSpeed
 .text.MX_SPI1_Init
                0x08005374       0x50 Src/spi.o
                0x08005374                MX_SPI1_Init
 .text.MX_SPI3_Init
                0x080053c4       0x50 Src/spi.o
                0x080053c4                MX_SPI3_Init
 .text.HAL_SPI_MspInit
                0x08005414       0x9c Src/spi.o
                0x08005414                HAL_SPI_MspInit
 .text.HAL_MspInit
                0x080054b0       0x7c Src/stm32f3xx_hal_msp.o
                0x080054b0                HAL_MspInit
 .text.SysTick_Handler
                0x0800552c        0xe Src/stm32f3xx_it.o
                0x0800552c                SysTick_Handler
 *fill*         0x0800553a        0x2 
 .text.USB_LP_CAN_RX0_IRQHandler
                0x0800553c        0xc Src/stm32f3xx_it.o
                0x0800553c                USB_LP_CAN_RX0_IRQHandler
 .text.SystemInit
                0x08005548       0x68 Src/system_stm32f3xx.o
                0x08005548                SystemInit
 .text.HAL_TIM_Base_MspInit
                0x080055b0       0x48 Src/tim.o
                0x080055b0                HAL_TIM_Base_MspInit
 .text.HAL_TIM_MspPostInit
                0x080055f8       0x48 Src/tim.o
                0x080055f8                HAL_TIM_MspPostInit
 .text.MX_TIM1_Init
                0x08005640       0xc0 Src/tim.o
                0x08005640                MX_TIM1_Init
 .text.MX_TIM2_Init
                0x08005700       0x84 Src/tim.o
                0x08005700                MX_TIM2_Init
 .text.MX_USB_DEVICE_Init
                0x08005784       0x38 Src/usb_device.o
                0x08005784                MX_USB_DEVICE_Init
 .text.CDC_DeInit_FS
                0x080057bc        0x4 Src/usbd_cdc_if.o
 .text.CDC_Control_FS
                0x080057c0        0x4 Src/usbd_cdc_if.o
 .text.CDC_Receive_FS
                0x080057c4       0x3c Src/usbd_cdc_if.o
 .text.CDC_Init_FS
                0x08005800       0x28 Src/usbd_cdc_if.o
 .text.CDC_Transmit_FS
                0x08005828       0x2c Src/usbd_cdc_if.o
                0x08005828                CDC_Transmit_FS
 .text.HAL_PCD_MspInit
                0x08005854       0x5c Src/usbd_conf.o
                0x08005854                HAL_PCD_MspInit
 .text.HAL_PCD_SetupStageCallback
                0x080058b0        0xc Src/usbd_conf.o
                0x080058b0                HAL_PCD_SetupStageCallback
 .text.HAL_PCD_DataOutStageCallback
                0x080058bc       0x12 Src/usbd_conf.o
                0x080058bc                HAL_PCD_DataOutStageCallback
 .text.HAL_PCD_DataInStageCallback
                0x080058ce       0x10 Src/usbd_conf.o
                0x080058ce                HAL_PCD_DataInStageCallback
 .text.HAL_PCD_SOFCallback
                0x080058de        0x8 Src/usbd_conf.o
                0x080058de                HAL_PCD_SOFCallback
 .text.HAL_PCD_ResetCallback
                0x080058e6       0x1a Src/usbd_conf.o
                0x080058e6                HAL_PCD_ResetCallback
 .text.HAL_PCD_SuspendCallback
                0x08005900       0x20 Src/usbd_conf.o
                0x08005900                HAL_PCD_SuspendCallback
 .text.HAL_PCD_ResumeCallback
                0x08005920        0x8 Src/usbd_conf.o
                0x08005920                HAL_PCD_ResumeCallback
 .text.USBD_LL_Init
                0x08005928       0x84 Src/usbd_conf.o
                0x08005928                USBD_LL_Init
 .text.USBD_LL_Start
                0x080059ac        0xe Src/usbd_conf.o
                0x080059ac                USBD_LL_Start
 .text.USBD_LL_OpenEP
                0x080059ba       0x14 Src/usbd_conf.o
                0x080059ba                USBD_LL_OpenEP
 .text.USBD_LL_CloseEP
                0x080059ce        0xe Src/usbd_conf.o
                0x080059ce                USBD_LL_CloseEP
 .text.USBD_LL_StallEP
                0x080059dc        0xe Src/usbd_conf.o
                0x080059dc                USBD_LL_StallEP
 .text.USBD_LL_ClearStallEP
                0x080059ea        0xe Src/usbd_conf.o
                0x080059ea                USBD_LL_ClearStallEP
 .text.USBD_LL_IsStallEP
                0x080059f8       0x26 Src/usbd_conf.o
                0x080059f8                USBD_LL_IsStallEP
 .text.USBD_LL_SetUSBAddress
                0x08005a1e        0xe Src/usbd_conf.o
                0x08005a1e                USBD_LL_SetUSBAddress
 .text.USBD_LL_Transmit
                0x08005a2c        0xe Src/usbd_conf.o
                0x08005a2c                USBD_LL_Transmit
 .text.USBD_LL_PrepareReceive
                0x08005a3a        0xe Src/usbd_conf.o
                0x08005a3a                USBD_LL_PrepareReceive
 .text.USBD_LL_GetRxDataSize
                0x08005a48        0xc Src/usbd_conf.o
                0x08005a48                USBD_LL_GetRxDataSize
 .text.USBD_static_malloc
                0x08005a54        0x8 Src/usbd_conf.o
                0x08005a54                USBD_static_malloc
 .text.USBD_static_free
                0x08005a5c        0x2 Src/usbd_conf.o
                0x08005a5c                USBD_static_free
 .text.HAL_PCDEx_SetConnectionState
                0x08005a5e        0x2 Src/usbd_conf.o
                0x08005a5e                HAL_PCDEx_SetConnectionState
 .text.USBD_FS_DeviceDescriptor
                0x08005a60        0xc Src/usbd_desc.o
                0x08005a60                USBD_FS_DeviceDescriptor
 .text.USBD_FS_LangIDStrDescriptor
                0x08005a6c        0xc Src/usbd_desc.o
                0x08005a6c                USBD_FS_LangIDStrDescriptor
 .text.USBD_FS_ManufacturerStrDescriptor
                0x08005a78       0x1c Src/usbd_desc.o
                0x08005a78                USBD_FS_ManufacturerStrDescriptor
 .text.USBD_FS_ProductStrDescriptor
                0x08005a94       0x1c Src/usbd_desc.o
                0x08005a94                USBD_FS_ProductStrDescriptor
 .text.USBD_FS_SerialStrDescriptor
                0x08005ab0       0x1c Src/usbd_desc.o
                0x08005ab0                USBD_FS_SerialStrDescriptor
 .text.USBD_FS_ConfigStrDescriptor
                0x08005acc       0x1c Src/usbd_desc.o
                0x08005acc                USBD_FS_ConfigStrDescriptor
 .text.USBD_FS_InterfaceStrDescriptor
                0x08005ae8       0x1c Src/usbd_desc.o
                0x08005ae8                USBD_FS_InterfaceStrDescriptor
 .text.Reset_Handler
                0x08005b04       0x50 startup/startup_stm32f303xc.o
                0x08005b04                Reset_Handler
 .text.Default_Handler
                0x08005b54        0x2 startup/startup_stm32f303xc.o
                0x08005b54                RTC_Alarm_IRQHandler
                0x08005b54                TIM8_TRG_COM_IRQHandler
                0x08005b54                TIM8_CC_IRQHandler
                0x08005b54                DebugMon_Handler
                0x08005b54                TIM1_CC_IRQHandler
                0x08005b54                HardFault_Handler
                0x08005b54                USB_HP_IRQHandler
                0x08005b54                PVD_IRQHandler
                0x08005b54                TAMP_STAMP_IRQHandler
                0x08005b54                PendSV_Handler
                0x08005b54                NMI_Handler
                0x08005b54                EXTI3_IRQHandler
                0x08005b54                USB_HP_CAN_TX_IRQHandler
                0x08005b54                EXTI0_IRQHandler
                0x08005b54                I2C2_EV_IRQHandler
                0x08005b54                FPU_IRQHandler
                0x08005b54                TIM1_UP_TIM16_IRQHandler
                0x08005b54                UsageFault_Handler
                0x08005b54                ADC1_2_IRQHandler
                0x08005b54                SPI1_IRQHandler
                0x08005b54                CAN_SCE_IRQHandler
                0x08005b54                TIM6_DAC_IRQHandler
                0x08005b54                TIM8_UP_IRQHandler
                0x08005b54                DMA2_Channel2_IRQHandler
                0x08005b54                DMA1_Channel4_IRQHandler
                0x08005b54                USART3_IRQHandler
                0x08005b54                DMA1_Channel7_IRQHandler
                0x08005b54                UART5_IRQHandler
                0x08005b54                ADC3_IRQHandler
                0x08005b54                TIM4_IRQHandler
                0x08005b54                CAN_RX1_IRQHandler
                0x08005b54                DMA2_Channel1_IRQHandler
                0x08005b54                I2C1_EV_IRQHandler
                0x08005b54                DMA1_Channel6_IRQHandler
                0x08005b54                UART4_IRQHandler
                0x08005b54                DMA2_Channel4_IRQHandler
                0x08005b54                TIM3_IRQHandler
                0x08005b54                RCC_IRQHandler
                0x08005b54                DMA1_Channel1_IRQHandler
                0x08005b54                Default_Handler
                0x08005b54                USBWakeUp_RMP_IRQHandler
                0x08005b54                EXTI15_10_IRQHandler
                0x08005b54                TIM7_IRQHandler
                0x08005b54                EXTI9_5_IRQHandler
                0x08005b54                RTC_WKUP_IRQHandler
                0x08005b54                SPI2_IRQHandler
                0x08005b54                MemManage_Handler
                0x08005b54                SVC_Handler
                0x08005b54                DMA2_Channel5_IRQHandler
                0x08005b54                DMA1_Channel5_IRQHandler
                0x08005b54                USB_LP_IRQHandler
                0x08005b54                EXTI4_IRQHandler
                0x08005b54                TIM1_TRG_COM_TIM17_IRQHandler
                0x08005b54                DMA1_Channel3_IRQHandler
                0x08005b54                ADC4_IRQHandler
                0x08005b54                WWDG_IRQHandler
                0x08005b54                TIM2_IRQHandler
                0x08005b54                COMP7_IRQHandler
                0x08005b54                COMP1_2_3_IRQHandler
                0x08005b54                EXTI1_IRQHandler
                0x08005b54                USART2_IRQHandler
                0x08005b54                COMP4_5_6_IRQHandler
                0x08005b54                I2C2_ER_IRQHandler
                0x08005b54                DMA1_Channel2_IRQHandler
                0x08005b54                TIM8_BRK_IRQHandler
                0x08005b54                FLASH_IRQHandler
                0x08005b54                BusFault_Handler
                0x08005b54                USART1_IRQHandler
                0x08005b54                SPI3_IRQHandler
                0x08005b54                I2C1_ER_IRQHandler
                0x08005b54                USBWakeUp_IRQHandler
                0x08005b54                DMA2_Channel3_IRQHandler
                0x08005b54                EXTI2_TSC_IRQHandler
                0x08005b54                TIM1_BRK_TIM15_IRQHandler
 *fill*         0x08005b56        0x2 
 .text.__libc_init_array
                0x08005b58       0x4c c:/ac6/systemworkbench/plugins/fr.ac6.mcu.externaltools.arm-none.win32_1.7.0.201602121829/tools/compiler/bin/../lib/gcc/arm-none-eabi/5.2.1/../../../../arm-none-eabi/lib/armv7e-m/fpu\libc_nano.a(lib_a-init.o)
                0x08005b58                __libc_init_array
 .text.memcpy   0x08005ba4       0x16 c:/ac6/systemworkbench/plugins/fr.ac6.mcu.externaltools.arm-none.win32_1.7.0.201602121829/tools/compiler/bin/../lib/gcc/arm-none-eabi/5.2.1/../../../../arm-none-eabi/lib/armv7e-m/fpu\libc_nano.a(lib_a-memcpy-stub.o)
                0x08005ba4                memcpy
 .text.memset   0x08005bba       0x10 c:/ac6/systemworkbench/plugins/fr.ac6.mcu.externaltools.arm-none.win32_1.7.0.201602121829/tools/compiler/bin/../lib/gcc/arm-none-eabi/5.2.1/../../../../arm-none-eabi/lib/armv7e-m/fpu\libc_nano.a(lib_a-memset.o)
                0x08005bba                memset
 .text.__cvt    0x08005bca       0xc8 c:/ac6/systemworkbench/plugins/fr.ac6.mcu.externaltools.arm-none.win32_1.7.0.201602121829/tools/compiler/bin/../lib/gcc/arm-none-eabi/5.2.1/../../../../arm-none-eabi/lib/armv7e-m/fpu\libc_nano.a(lib_a-nano-vfprintf_float.o)
                0x08005bca                __cvt
 .text.__exponent
                0x08005c92       0x60 c:/ac6/systemworkbench/plugins/fr.ac6.mcu.externaltools.arm-none.win32_1.7.0.201602121829/tools/compiler/bin/../lib/gcc/arm-none-eabi/5.2.1/../../../../arm-none-eabi/lib/armv7e-m/fpu\libc_nano.a(lib_a-nano-vfprintf_float.o)
                0x08005c92                __exponent
 *fill*         0x08005cf2        0x2 
 .text._printf_float
                0x08005cf4      0x454 c:/ac6/systemworkbench/plugins/fr.ac6.mcu.externaltools.arm-none.win32_1.7.0.201602121829/tools/compiler/bin/../lib/gcc/arm-none-eabi/5.2.1/../../../../arm-none-eabi/lib/armv7e-m/fpu\libc_nano.a(lib_a-nano-vfprintf_float.o)
                0x08005cf4                _printf_float
 .text._printf_common
                0x08006148       0xec c:/ac6/systemworkbench/plugins/fr.ac6.mcu.externaltools.arm-none.win32_1.7.0.201602121829/tools/compiler/bin/../lib/gcc/arm-none-eabi/5.2.1/../../../../arm-none-eabi/lib/armv7e-m/fpu\libc_nano.a(lib_a-nano-vfprintf_i.o)
                0x08006148                _printf_common
 .text._printf_i
                0x08006234      0x24c c:/ac6/systemworkbench/plugins/fr.ac6.mcu.externaltools.arm-none.win32_1.7.0.201602121829/tools/compiler/bin/../lib/gcc/arm-none-eabi/5.2.1/../../../../arm-none-eabi/lib/armv7e-m/fpu\libc_nano.a(lib_a-nano-vfprintf_i.o)
                0x08006234                _printf_i
 .text.__fpclassifyd
                0x08006480       0x58 c:/ac6/systemworkbench/plugins/fr.ac6.mcu.externaltools.arm-none.win32_1.7.0.201602121829/tools/compiler/bin/../lib/gcc/arm-none-eabi/5.2.1/../../../../arm-none-eabi/lib/armv7e-m/fpu\libc_nano.a(lib_a-s_fpclassify.o)
                0x08006480                __fpclassifyd
 .text.sprintf  0x080064d8       0x48 c:/ac6/systemworkbench/plugins/fr.ac6.mcu.externaltools.arm-none.win32_1.7.0.201602121829/tools/compiler/bin/../lib/gcc/arm-none-eabi/5.2.1/../../../../arm-none-eabi/lib/armv7e-m/fpu\libc_nano.a(lib_a-sprintf.o)
                0x080064d8                siprintf
                0x080064d8                sprintf
 .text.strchr   0x08006520       0x1c c:/ac6/systemworkbench/plugins/fr.ac6.mcu.externaltools.arm-none.win32_1.7.0.201602121829/tools/compiler/bin/../lib/gcc/arm-none-eabi/5.2.1/../../../../arm-none-eabi/lib/armv7e-m/fpu\libc_nano.a(lib_a-strchr.o)
                0x08006520                strchr
 .text.quorem   0x0800653c      0x11e c:/ac6/systemworkbench/plugins/fr.ac6.mcu.externaltools.arm-none.win32_1.7.0.201602121829/tools/compiler/bin/../lib/gcc/arm-none-eabi/5.2.1/../../../../arm-none-eabi/lib/armv7e-m/fpu\libc_nano.a(lib_a-dtoa.o)
 *fill*         0x0800665a        0x6 
 .text._dtoa_r  0x08006660      0xb40 c:/ac6/systemworkbench/plugins/fr.ac6.mcu.externaltools.arm-none.win32_1.7.0.201602121829/tools/compiler/bin/../lib/gcc/arm-none-eabi/5.2.1/../../../../arm-none-eabi/lib/armv7e-m/fpu\libc_nano.a(lib_a-dtoa.o)
                0x08006660                _dtoa_r
 .text._localeconv_r
                0x080071a0        0x8 c:/ac6/systemworkbench/plugins/fr.ac6.mcu.externaltools.arm-none.win32_1.7.0.201602121829/tools/compiler/bin/../lib/gcc/arm-none-eabi/5.2.1/../../../../arm-none-eabi/lib/armv7e-m/fpu\libc_nano.a(lib_a-locale.o)
                0x080071a0                _localeconv_r
 .text.malloc   0x080071a8       0x10 c:/ac6/systemworkbench/plugins/fr.ac6.mcu.externaltools.arm-none.win32_1.7.0.201602121829/tools/compiler/bin/../lib/gcc/arm-none-eabi/5.2.1/../../../../arm-none-eabi/lib/armv7e-m/fpu\libc_nano.a(lib_a-malloc.o)
                0x080071a8                malloc
 .text._Balloc  0x080071b8       0x6a c:/ac6/systemworkbench/plugins/fr.ac6.mcu.externaltools.arm-none.win32_1.7.0.201602121829/tools/compiler/bin/../lib/gcc/arm-none-eabi/5.2.1/../../../../arm-none-eabi/lib/armv7e-m/fpu\libc_nano.a(lib_a-mprec.o)
                0x080071b8                _Balloc
 .text._Bfree   0x08007222       0x2e c:/ac6/systemworkbench/plugins/fr.ac6.mcu.externaltools.arm-none.win32_1.7.0.201602121829/tools/compiler/bin/../lib/gcc/arm-none-eabi/5.2.1/../../../../arm-none-eabi/lib/armv7e-m/fpu\libc_nano.a(lib_a-mprec.o)
                0x08007222                _Bfree
 .text.__multadd
                0x08007250       0x76 c:/ac6/systemworkbench/plugins/fr.ac6.mcu.externaltools.arm-none.win32_1.7.0.201602121829/tools/compiler/bin/../lib/gcc/arm-none-eabi/5.2.1/../../../../arm-none-eabi/lib/armv7e-m/fpu\libc_nano.a(lib_a-mprec.o)
                0x08007250                __multadd
 .text.__hi0bits
                0x080072c6       0x40 c:/ac6/systemworkbench/plugins/fr.ac6.mcu.externaltools.arm-none.win32_1.7.0.201602121829/tools/compiler/bin/../lib/gcc/arm-none-eabi/5.2.1/../../../../arm-none-eabi/lib/armv7e-m/fpu\libc_nano.a(lib_a-mprec.o)
                0x080072c6                __hi0bits
 .text.__lo0bits
                0x08007306       0x5a c:/ac6/systemworkbench/plugins/fr.ac6.mcu.externaltools.arm-none.win32_1.7.0.201602121829/tools/compiler/bin/../lib/gcc/arm-none-eabi/5.2.1/../../../../arm-none-eabi/lib/armv7e-m/fpu\libc_nano.a(lib_a-mprec.o)
                0x08007306                __lo0bits
 .text.__i2b    0x08007360       0x12 c:/ac6/systemworkbench/plugins/fr.ac6.mcu.externaltools.arm-none.win32_1.7.0.201602121829/tools/compiler/bin/../lib/gcc/arm-none-eabi/5.2.1/../../../../arm-none-eabi/lib/armv7e-m/fpu\libc_nano.a(lib_a-mprec.o)
                0x08007360                __i2b
 .text.__multiply
                0x08007372      0x122 c:/ac6/systemworkbench/plugins/fr.ac6.mcu.externaltools.arm-none.win32_1.7.0.201602121829/tools/compiler/bin/../lib/gcc/arm-none-eabi/5.2.1/../../../../arm-none-eabi/lib/armv7e-m/fpu\libc_nano.a(lib_a-mprec.o)
                0x08007372                __multiply
 .text.__pow5mult
                0x08007494       0x9c c:/ac6/systemworkbench/plugins/fr.ac6.mcu.externaltools.arm-none.win32_1.7.0.201602121829/tools/compiler/bin/../lib/gcc/arm-none-eabi/5.2.1/../../../../arm-none-eabi/lib/armv7e-m/fpu\libc_nano.a(lib_a-mprec.o)
                0x08007494                __pow5mult
 .text.__lshift
                0x08007530       0xa2 c:/ac6/systemworkbench/plugins/fr.ac6.mcu.externaltools.arm-none.win32_1.7.0.201602121829/tools/compiler/bin/../lib/gcc/arm-none-eabi/5.2.1/../../../../arm-none-eabi/lib/armv7e-m/fpu\libc_nano.a(lib_a-mprec.o)
                0x08007530                __lshift
 .text.__mcmp   0x080075d2       0x38 c:/ac6/systemworkbench/plugins/fr.ac6.mcu.externaltools.arm-none.win32_1.7.0.201602121829/tools/compiler/bin/../lib/gcc/arm-none-eabi/5.2.1/../../../../arm-none-eabi/lib/armv7e-m/fpu\libc_nano.a(lib_a-mprec.o)
                0x080075d2                __mcmp
 .text.__mdiff  0x0800760a       0xbe c:/ac6/systemworkbench/plugins/fr.ac6.mcu.externaltools.arm-none.win32_1.7.0.201602121829/tools/compiler/bin/../lib/gcc/arm-none-eabi/5.2.1/../../../../arm-none-eabi/lib/armv7e-m/fpu\libc_nano.a(lib_a-mprec.o)
                0x0800760a                __mdiff
 .text.__d2b    0x080076c8       0x9c c:/ac6/systemworkbench/plugins/fr.ac6.mcu.externaltools.arm-none.win32_1.7.0.201602121829/tools/compiler/bin/../lib/gcc/arm-none-eabi/5.2.1/../../../../arm-none-eabi/lib/armv7e-m/fpu\libc_nano.a(lib_a-mprec.o)
                0x080076c8                __d2b
 .text._calloc_r
                0x08007764       0x1c c:/ac6/systemworkbench/plugins/fr.ac6.mcu.externaltools.arm-none.win32_1.7.0.201602121829/tools/compiler/bin/../lib/gcc/arm-none-eabi/5.2.1/../../../../arm-none-eabi/lib/armv7e-m/fpu\libc_nano.a(lib_a-nano-callocr.o)
                0x08007764                _calloc_r
 .text._free_r  0x08007780       0x8c c:/ac6/systemworkbench/plugins/fr.ac6.mcu.externaltools.arm-none.win32_1.7.0.201602121829/tools/compiler/bin/../lib/gcc/arm-none-eabi/5.2.1/../../../../arm-none-eabi/lib/armv7e-m/fpu\libc_nano.a(lib_a-nano-freer.o)
                0x08007780                _free_r
 .text._malloc_r
                0x0800780c       0xa8 c:/ac6/systemworkbench/plugins/fr.ac6.mcu.externaltools.arm-none.win32_1.7.0.201602121829/tools/compiler/bin/../lib/gcc/arm-none-eabi/5.2.1/../../../../arm-none-eabi/lib/armv7e-m/fpu\libc_nano.a(lib_a-nano-mallocr.o)
                0x0800780c                _malloc_r
 .text.__ssputs_r
                0x080078b4       0xb2 c:/ac6/systemworkbench/plugins/fr.ac6.mcu.externaltools.arm-none.win32_1.7.0.201602121829/tools/compiler/bin/../lib/gcc/arm-none-eabi/5.2.1/../../../../arm-none-eabi/lib/armv7e-m/fpu\libc_nano.a(lib_a-nano-svfprintf.o)
                0x080078b4                __ssputs_r
 *fill*         0x08007966        0x2 
 .text._svfprintf_r
                0x08007968      0x1e8 c:/ac6/systemworkbench/plugins/fr.ac6.mcu.externaltools.arm-none.win32_1.7.0.201602121829/tools/compiler/bin/../lib/gcc/arm-none-eabi/5.2.1/../../../../arm-none-eabi/lib/armv7e-m/fpu\libc_nano.a(lib_a-nano-svfprintf.o)
                0x08007968                _svfiprintf_r
                0x08007968                _svfprintf_r
 .text._sbrk_r  0x08007b50       0x20 c:/ac6/systemworkbench/plugins/fr.ac6.mcu.externaltools.arm-none.win32_1.7.0.201602121829/tools/compiler/bin/../lib/gcc/arm-none-eabi/5.2.1/../../../../arm-none-eabi/lib/armv7e-m/fpu\libc_nano.a(lib_a-sbrkr.o)
                0x08007b50                _sbrk_r
 .text.memmove  0x08007b70       0x36 c:/ac6/systemworkbench/plugins/fr.ac6.mcu.externaltools.arm-none.win32_1.7.0.201602121829/tools/compiler/bin/../lib/gcc/arm-none-eabi/5.2.1/../../../../arm-none-eabi/lib/armv7e-m/fpu\libc_nano.a(lib_a-memmove.o)
                0x08007b70                memmove
 .text._realloc_r
                0x08007ba6       0x4c c:/ac6/systemworkbench/plugins/fr.ac6.mcu.externaltools.arm-none.win32_1.7.0.201602121829/tools/compiler/bin/../lib/gcc/arm-none-eabi/5.2.1/../../../../arm-none-eabi/lib/armv7e-m/fpu\libc_nano.a(lib_a-nano-reallocr.o)
                0x08007ba6                _realloc_r
 .text._malloc_usable_size_r
                0x08007bf2       0x14 c:/ac6/systemworkbench/plugins/fr.ac6.mcu.externaltools.arm-none.win32_1.7.0.201602121829/tools/compiler/bin/../lib/gcc/arm-none-eabi/5.2.1/../../../../arm-none-eabi/lib/armv7e-m/fpu\libc_nano.a(lib_a-nano-msizer.o)
                0x08007bf2                _malloc_usable_size_r
 *fill*         0x08007c06        0x2 
 .text._sbrk    0x08007c08       0x1c c:/ac6/systemworkbench/plugins/fr.ac6.mcu.externaltools.arm-none.win32_1.7.0.201602121829/tools/compiler/bin/../lib/gcc/arm-none-eabi/5.2.1/../../../../arm-none-eabi/lib/armv7e-m/fpu\libnosys.a(sbrk.o)
                0x08007c08                _sbrk
 *fill*         0x08007c24        0x4 
 .text.cos      0x08007c28       0xc0 c:/ac6/systemworkbench/plugins/fr.ac6.mcu.externaltools.arm-none.win32_1.7.0.201602121829/tools/compiler/bin/../lib/gcc/arm-none-eabi/5.2.1/../../../../arm-none-eabi/lib/armv7e-m/fpu\libm.a(lib_a-s_cos.o)
                0x08007c28                cos
 .text.sin      0x08007ce8       0xc0 c:/ac6/systemworkbench/plugins/fr.ac6.mcu.externaltools.arm-none.win32_1.7.0.201602121829/tools/compiler/bin/../lib/gcc/arm-none-eabi/5.2.1/../../../../arm-none-eabi/lib/armv7e-m/fpu\libm.a(lib_a-s_sin.o)
                0x08007ce8                sin
 .text.__ieee754_rem_pio2
                0x08007da8      0x44c c:/ac6/systemworkbench/plugins/fr.ac6.mcu.externaltools.arm-none.win32_1.7.0.201602121829/tools/compiler/bin/../lib/gcc/arm-none-eabi/5.2.1/../../../../arm-none-eabi/lib/armv7e-m/fpu\libm.a(lib_a-e_rem_pio2.o)
                0x08007da8                __ieee754_rem_pio2
 *fill*         0x080081f4        0x4 
 .text.__kernel_cos
                0x080081f8      0x284 c:/ac6/systemworkbench/plugins/fr.ac6.mcu.externaltools.arm-none.win32_1.7.0.201602121829/tools/compiler/bin/../lib/gcc/arm-none-eabi/5.2.1/../../../../arm-none-eabi/lib/armv7e-m/fpu\libm.a(lib_a-k_cos.o)
                0x080081f8                __kernel_cos
 *fill*         0x0800847c        0x4 
 .text.__kernel_rem_pio2
                0x08008480      0x820 c:/ac6/systemworkbench/plugins/fr.ac6.mcu.externaltools.arm-none.win32_1.7.0.201602121829/tools/compiler/bin/../lib/gcc/arm-none-eabi/5.2.1/../../../../arm-none-eabi/lib/armv7e-m/fpu\libm.a(lib_a-k_rem_pio2.o)
                0x08008480                __kernel_rem_pio2
 .text.__kernel_sin
                0x08008ca0      0x194 c:/ac6/systemworkbench/plugins/fr.ac6.mcu.externaltools.arm-none.win32_1.7.0.201602121829/tools/compiler/bin/../lib/gcc/arm-none-eabi/5.2.1/../../../../arm-none-eabi/lib/armv7e-m/fpu\libm.a(lib_a-k_sin.o)
                0x08008ca0                __kernel_sin
 .text.fabs     0x08008e34       0x10 c:/ac6/systemworkbench/plugins/fr.ac6.mcu.externaltools.arm-none.win32_1.7.0.201602121829/tools/compiler/bin/../lib/gcc/arm-none-eabi/5.2.1/../../../../arm-none-eabi/lib/armv7e-m/fpu\libm.a(lib_a-s_fabs.o)
                0x08008e34                fabs
 *fill*         0x08008e44        0x4 
 .text.floor    0x08008e48      0x120 c:/ac6/systemworkbench/plugins/fr.ac6.mcu.externaltools.arm-none.win32_1.7.0.201602121829/tools/compiler/bin/../lib/gcc/arm-none-eabi/5.2.1/../../../../arm-none-eabi/lib/armv7e-m/fpu\libm.a(lib_a-s_floor.o)
                0x08008e48                floor
 .text.scalbn   0x08008f68      0x10c c:/ac6/systemworkbench/plugins/fr.ac6.mcu.externaltools.arm-none.win32_1.7.0.201602121829/tools/compiler/bin/../lib/gcc/arm-none-eabi/5.2.1/../../../../arm-none-eabi/lib/armv7e-m/fpu\libm.a(lib_a-s_scalbn.o)
                0x08008f68                scalbn
 .text.copysign
                0x08009074       0x1c c:/ac6/systemworkbench/plugins/fr.ac6.mcu.externaltools.arm-none.win32_1.7.0.201602121829/tools/compiler/bin/../lib/gcc/arm-none-eabi/5.2.1/../../../../arm-none-eabi/lib/armv7e-m/fpu\libm.a(lib_a-s_copysign.o)
                0x08009074                copysign
 *(.glue_7)
 .glue_7        0x08009090        0x0 linker stubs
 *(.glue_7t)
 .glue_7t       0x08009090        0x0 linker stubs
 *(.eh_frame)
 .eh_frame      0x08009090        0x0 c:/ac6/systemworkbench/plugins/fr.ac6.mcu.externaltools.arm-none.win32_1.7.0.201602121829/tools/compiler/bin/../lib/gcc/arm-none-eabi/5.2.1/armv7e-m/fpu/crtbegin.o
 *(.init)
 .init          0x08009090        0x4 c:/ac6/systemworkbench/plugins/fr.ac6.mcu.externaltools.arm-none.win32_1.7.0.201602121829/tools/compiler/bin/../lib/gcc/arm-none-eabi/5.2.1/armv7e-m/fpu/crti.o
                0x08009090                _init
 .init          0x08009094        0x8 c:/ac6/systemworkbench/plugins/fr.ac6.mcu.externaltools.arm-none.win32_1.7.0.201602121829/tools/compiler/bin/../lib/gcc/arm-none-eabi/5.2.1/armv7e-m/fpu/crtn.o
 *(.fini)
 .fini          0x0800909c        0x4 c:/ac6/systemworkbench/plugins/fr.ac6.mcu.externaltools.arm-none.win32_1.7.0.201602121829/tools/compiler/bin/../lib/gcc/arm-none-eabi/5.2.1/armv7e-m/fpu/crti.o
                0x0800909c                _fini
 .fini          0x080090a0        0x8 c:/ac6/systemworkbench/plugins/fr.ac6.mcu.externaltools.arm-none.win32_1.7.0.201602121829/tools/compiler/bin/../lib/gcc/arm-none-eabi/5.2.1/armv7e-m/fpu/crtn.o
                0x080090a8                . = ALIGN (0x4)
                0x080090a8                _etext = .

.vfp11_veneer   0x080090a8        0x0
 .vfp11_veneer  0x080090a8        0x0 linker stubs

.v4_bx          0x080090a8        0x0
 .v4_bx         0x080090a8        0x0 linker stubs

.iplt           0x080090a8        0x0
 .iplt          0x080090a8        0x0 c:/ac6/systemworkbench/plugins/fr.ac6.mcu.externaltools.arm-none.win32_1.7.0.201602121829/tools/compiler/bin/../lib/gcc/arm-none-eabi/5.2.1/armv7e-m/fpu/crtbegin.o

.rodata         0x080090a8      0x8f0
                0x080090a8                . = ALIGN (0x4)
 *(.rodata)
 .rodata        0x080090a8       0x20 Drivers/STM32F3xx_HAL_Driver/Src/stm32f3xx_hal_rcc.o
                0x080090a8                aPLLMULFactorTable
                0x080090b8                aPredivFactorTable
 .rodata        0x080090c8       0x10 Src/myNRF24.o
 .rodata        0x080090d8       0x18 Src/system_stm32f3xx.o
                0x080090d8                AHBPrescTable
                0x080090e8                APBPrescTable
 *(.rodata*)
 .rodata.str1.1
                0x080090f0        0x4 Src/commsfpga.o
 .rodata.str1.1
                0x080090f4       0xf5 Src/main.o
                                 0xfa (size before relaxing)
 .rodata.str1.1
                0x080091e9      0x407 Src/myNRF24.o
                                0x413 (size before relaxing)
 .rodata.str1.1
                0x080095f0       0x22 Src/speedcalc.o
 .rodata.str1.1
                0x08009612       0x4f Src/usbd_desc.o
 .rodata.str1.1
                0x08009661        0x2 c:/ac6/systemworkbench/plugins/fr.ac6.mcu.externaltools.arm-none.win32_1.7.0.201602121829/tools/compiler/bin/../lib/gcc/arm-none-eabi/5.2.1/../../../../arm-none-eabi/lib/armv7e-m/fpu\libc_nano.a(lib_a-impure.o)
 .rodata.str1.1
                0x08009663       0x12 c:/ac6/systemworkbench/plugins/fr.ac6.mcu.externaltools.arm-none.win32_1.7.0.201602121829/tools/compiler/bin/../lib/gcc/arm-none-eabi/5.2.1/../../../../arm-none-eabi/lib/armv7e-m/fpu\libc_nano.a(lib_a-nano-vfprintf_float.o)
 .rodata.str1.1
                0x08009675       0x22 c:/ac6/systemworkbench/plugins/fr.ac6.mcu.externaltools.arm-none.win32_1.7.0.201602121829/tools/compiler/bin/../lib/gcc/arm-none-eabi/5.2.1/../../../../arm-none-eabi/lib/armv7e-m/fpu\libc_nano.a(lib_a-nano-vfprintf_i.o)
 .rodata.str1.1
                0x08009697        0xd c:/ac6/systemworkbench/plugins/fr.ac6.mcu.externaltools.arm-none.win32_1.7.0.201602121829/tools/compiler/bin/../lib/gcc/arm-none-eabi/5.2.1/../../../../arm-none-eabi/lib/armv7e-m/fpu\libc_nano.a(lib_a-dtoa.o)
                                  0xf (size before relaxing)
 .rodata.str1.1
                0x080096a4        0x8 c:/ac6/systemworkbench/plugins/fr.ac6.mcu.externaltools.arm-none.win32_1.7.0.201602121829/tools/compiler/bin/../lib/gcc/arm-none-eabi/5.2.1/../../../../arm-none-eabi/lib/armv7e-m/fpu\libc_nano.a(lib_a-locale.o)
                                  0xb (size before relaxing)
 *fill*         0x080096ac        0x4 
 .rodata.__mprec_tens
                0x080096b0       0xc8 c:/ac6/systemworkbench/plugins/fr.ac6.mcu.externaltools.arm-none.win32_1.7.0.201602121829/tools/compiler/bin/../lib/gcc/arm-none-eabi/5.2.1/../../../../arm-none-eabi/lib/armv7e-m/fpu\libc_nano.a(lib_a-mprec.o)
                0x080096b0                __mprec_tens
 .rodata.__mprec_bigtens
                0x08009778       0x28 c:/ac6/systemworkbench/plugins/fr.ac6.mcu.externaltools.arm-none.win32_1.7.0.201602121829/tools/compiler/bin/../lib/gcc/arm-none-eabi/5.2.1/../../../../arm-none-eabi/lib/armv7e-m/fpu\libc_nano.a(lib_a-mprec.o)
                0x08009778                __mprec_bigtens
 .rodata.p05.5416
                0x080097a0        0xc c:/ac6/systemworkbench/plugins/fr.ac6.mcu.externaltools.arm-none.win32_1.7.0.201602121829/tools/compiler/bin/../lib/gcc/arm-none-eabi/5.2.1/../../../../arm-none-eabi/lib/armv7e-m/fpu\libc_nano.a(lib_a-mprec.o)
 .rodata.str1.1
                0x080097ac       0x11 c:/ac6/systemworkbench/plugins/fr.ac6.mcu.externaltools.arm-none.win32_1.7.0.201602121829/tools/compiler/bin/../lib/gcc/arm-none-eabi/5.2.1/../../../../arm-none-eabi/lib/armv7e-m/fpu\libc_nano.a(lib_a-nano-svfprintf.o)
 *fill*         0x080097bd        0x3 
 .rodata.npio2_hw
                0x080097c0       0x80 c:/ac6/systemworkbench/plugins/fr.ac6.mcu.externaltools.arm-none.win32_1.7.0.201602121829/tools/compiler/bin/../lib/gcc/arm-none-eabi/5.2.1/../../../../arm-none-eabi/lib/armv7e-m/fpu\libm.a(lib_a-e_rem_pio2.o)
 .rodata.two_over_pi
                0x08009840      0x108 c:/ac6/systemworkbench/plugins/fr.ac6.mcu.externaltools.arm-none.win32_1.7.0.201602121829/tools/compiler/bin/../lib/gcc/arm-none-eabi/5.2.1/../../../../arm-none-eabi/lib/armv7e-m/fpu\libm.a(lib_a-e_rem_pio2.o)
 .rodata.init_jk
                0x08009948       0x10 c:/ac6/systemworkbench/plugins/fr.ac6.mcu.externaltools.arm-none.win32_1.7.0.201602121829/tools/compiler/bin/../lib/gcc/arm-none-eabi/5.2.1/../../../../arm-none-eabi/lib/armv7e-m/fpu\libm.a(lib_a-k_rem_pio2.o)
 .rodata.PIo2   0x08009958       0x40 c:/ac6/systemworkbench/plugins/fr.ac6.mcu.externaltools.arm-none.win32_1.7.0.201602121829/tools/compiler/bin/../lib/gcc/arm-none-eabi/5.2.1/../../../../arm-none-eabi/lib/armv7e-m/fpu\libm.a(lib_a-k_rem_pio2.o)
                0x08009998                . = ALIGN (0x4)

.rel.dyn        0x08009998        0x0
 .rel.iplt      0x08009998        0x0 c:/ac6/systemworkbench/plugins/fr.ac6.mcu.externaltools.arm-none.win32_1.7.0.201602121829/tools/compiler/bin/../lib/gcc/arm-none-eabi/5.2.1/armv7e-m/fpu/crtbegin.o

.ARM.extab
 *(.ARM.extab* .gnu.linkonce.armextab.*)

.ARM            0x08009998        0x0
                0x08009998                __exidx_start = .
 *(.ARM.exidx*)
                0x08009998                __exidx_end = .

.preinit_array  0x08009998        0x0
                0x08009998                PROVIDE (__preinit_array_start, .)
 *(.preinit_array*)
                0x08009998                PROVIDE (__preinit_array_end, .)

.init_array     0x08009998        0x4
                0x08009998                PROVIDE (__init_array_start, .)
 *(SORT(.init_array.*))
 *(.init_array*)
 .init_array    0x08009998        0x4 c:/ac6/systemworkbench/plugins/fr.ac6.mcu.externaltools.arm-none.win32_1.7.0.201602121829/tools/compiler/bin/../lib/gcc/arm-none-eabi/5.2.1/armv7e-m/fpu/crtbegin.o
                0x0800999c                PROVIDE (__init_array_end, .)

.fini_array     0x0800999c        0x4
                [!provide]                PROVIDE (__fini_array_start, .)
 *(SORT(.fini_array.*))
 *(.fini_array*)
 .fini_array    0x0800999c        0x4 c:/ac6/systemworkbench/plugins/fr.ac6.mcu.externaltools.arm-none.win32_1.7.0.201602121829/tools/compiler/bin/../lib/gcc/arm-none-eabi/5.2.1/armv7e-m/fpu/crtbegin.o
                [!provide]                PROVIDE (__fini_array_end, .)
                0x080099a0                _sidata = LOADADDR (.data)

.data           0x20000000      0x1f4 load address 0x080099a0
                0x20000000                . = ALIGN (0x4)
                0x20000000                _sdata = .
 *(.data)
 .data          0x20000000      0x110 Middlewares/ST/STM32_USB_Device_Library/Class/CDC/Src/usbd_cdc.o
                0x20000000                USBD_CDC_CfgFSDesc
                0x20000044                USBD_CDC_CfgHSDesc
                0x20000088                USBD_CDC_OtherSpeedCfgDesc
                0x200000d8                USBD_CDC
 .data          0x20000110        0x4 Src/system_stm32f3xx.o
                0x20000110                SystemCoreClock
 .data          0x20000114       0x10 Src/usbd_cdc_if.o
                0x20000114                USBD_Interface_fops_FS
 .data          0x20000124       0x34 Src/usbd_desc.o
                0x20000124                USBD_FS_DeviceDesc
                0x20000138                USBD_LangIDDesc
                0x2000013c                FS_Desc
 *(.data*)
 .data.impure_data
                0x20000158       0x60 c:/ac6/systemworkbench/plugins/fr.ac6.mcu.externaltools.arm-none.win32_1.7.0.201602121829/tools/compiler/bin/../lib/gcc/arm-none-eabi/5.2.1/../../../../arm-none-eabi/lib/armv7e-m/fpu\libc_nano.a(lib_a-impure.o)
 .data._impure_ptr
                0x200001b8        0x4 c:/ac6/systemworkbench/plugins/fr.ac6.mcu.externaltools.arm-none.win32_1.7.0.201602121829/tools/compiler/bin/../lib/gcc/arm-none-eabi/5.2.1/../../../../arm-none-eabi/lib/armv7e-m/fpu\libc_nano.a(lib_a-impure.o)
                0x200001b8                _impure_ptr
 .data.lconv    0x200001bc       0x38 c:/ac6/systemworkbench/plugins/fr.ac6.mcu.externaltools.arm-none.win32_1.7.0.201602121829/tools/compiler/bin/../lib/gcc/arm-none-eabi/5.2.1/../../../../arm-none-eabi/lib/armv7e-m/fpu\libc_nano.a(lib_a-locale.o)
                0x200001f4                . = ALIGN (0x4)
                0x200001f4                _edata = .
                0x08009b94                _siccmram = LOADADDR (.ccmram)

.jcr            0x200001f4        0x0 load address 0x08009b94
 .jcr           0x200001f4        0x0 c:/ac6/systemworkbench/plugins/fr.ac6.mcu.externaltools.arm-none.win32_1.7.0.201602121829/tools/compiler/bin/../lib/gcc/arm-none-eabi/5.2.1/armv7e-m/fpu/crtbegin.o

.tm_clone_table
                0x200001f4        0x0 load address 0x08009b94
 .tm_clone_table
                0x200001f4        0x0 c:/ac6/systemworkbench/plugins/fr.ac6.mcu.externaltools.arm-none.win32_1.7.0.201602121829/tools/compiler/bin/../lib/gcc/arm-none-eabi/5.2.1/armv7e-m/fpu/crtbegin.o
 .tm_clone_table
                0x200001f4        0x0 c:/ac6/systemworkbench/plugins/fr.ac6.mcu.externaltools.arm-none.win32_1.7.0.201602121829/tools/compiler/bin/../lib/gcc/arm-none-eabi/5.2.1/armv7e-m/fpu/crtend.o

.igot.plt       0x200001f4        0x0 load address 0x08009b94
 .igot.plt      0x200001f4        0x0 c:/ac6/systemworkbench/plugins/fr.ac6.mcu.externaltools.arm-none.win32_1.7.0.201602121829/tools/compiler/bin/../lib/gcc/arm-none-eabi/5.2.1/armv7e-m/fpu/crtbegin.o

.ccmram         0x10000000        0x0 load address 0x08009b94
                0x10000000                . = ALIGN (0x4)
                0x10000000                _sccmram = .
 *(.ccmram)
 *(.ccmram*)
                0x10000000                . = ALIGN (0x4)
                0x10000000                _eccmram = .
                0x10000000                . = ALIGN (0x4)

.bss            0x200001f4      0xfac
                0x200001f4                _sbss = .
                0x200001f4                __bss_start__ = _sbss
 *(.bss)
 .bss           0x200001f4       0x1c c:/ac6/systemworkbench/plugins/fr.ac6.mcu.externaltools.arm-none.win32_1.7.0.201602121829/tools/compiler/bin/../lib/gcc/arm-none-eabi/5.2.1/armv7e-m/fpu/crtbegin.o
 .bss           0x20000210        0x1 Middlewares/ST/STM32_USB_Device_Library/Class/CDC/Src/usbd_cdc.o
 .bss           0x20000211        0x1 Middlewares/ST/STM32_USB_Device_Library/Core/Src/usbd_ctlreq.o
 *fill*         0x20000212        0x2 
 .bss           0x20000214        0x4 Src/usbd_cdc_if.o
                0x20000214                usbLength
 .bss           0x20000218      0x220 Src/usbd_conf.o
 *(.bss*)
 .bss.__malloc_sbrk_start
                0x20000438        0x4 c:/ac6/systemworkbench/plugins/fr.ac6.mcu.externaltools.arm-none.win32_1.7.0.201602121829/tools/compiler/bin/../lib/gcc/arm-none-eabi/5.2.1/../../../../arm-none-eabi/lib/armv7e-m/fpu\libc_nano.a(lib_a-nano-mallocr.o)
                0x20000438                __malloc_sbrk_start
 .bss.__malloc_free_list
                0x2000043c        0x4 c:/ac6/systemworkbench/plugins/fr.ac6.mcu.externaltools.arm-none.win32_1.7.0.201602121829/tools/compiler/bin/../lib/gcc/arm-none-eabi/5.2.1/../../../../arm-none-eabi/lib/armv7e-m/fpu\libc_nano.a(lib_a-nano-mallocr.o)
                0x2000043c                __malloc_free_list
 .bss.heap_end.4169
                0x20000440        0x4 c:/ac6/systemworkbench/plugins/fr.ac6.mcu.externaltools.arm-none.win32_1.7.0.201602121829/tools/compiler/bin/../lib/gcc/arm-none-eabi/5.2.1/../../../../arm-none-eabi/lib/armv7e-m/fpu\libnosys.a(sbrk.o)
 *(COMMON)
 COMMON         0x20000444        0x4 Drivers/STM32F3xx_HAL_Driver/Src/stm32f3xx_hal.o
                0x20000444                uwTick
 COMMON         0x20000448      0x400 Src/TextOut.o
                0x20000448                smallStrBuffer
 COMMON         0x20000848       0xc8 Src/spi.o
                0x20000848                hspi3
                0x200008ac                hspi1
 COMMON         0x20000910       0x78 Src/tim.o
                0x20000910                htim1
                0x2000094c                htim2
 COMMON         0x20000988      0x224 Src/usb_device.o
                0x20000988                hUsbDeviceFS
 COMMON         0x20000bac       0x48 Src/usbd_cdc_if.o
                0x20000bac                UserRxBufferFS
                0x20000bb0                usbData
                0x20000bf0                UserTxBufferFS
 COMMON         0x20000bf4      0x3a8 Src/usbd_conf.o
                0x20000bf4                hpcd_USB_FS
 COMMON         0x20000f9c      0x200 Src/usbd_desc.o
                0x20000f9c                USBD_StrDesc
 COMMON         0x2000119c        0x4 c:/ac6/systemworkbench/plugins/fr.ac6.mcu.externaltools.arm-none.win32_1.7.0.201602121829/tools/compiler/bin/../lib/gcc/arm-none-eabi/5.2.1/../../../../arm-none-eabi/lib/armv7e-m/fpu\libc_nano.a(lib_a-reent.o)
                0x2000119c                errno
                0x200011a0                . = ALIGN (0x4)
                0x200011a0                _ebss = .
                0x200011a0                __bss_end__ = _ebss

._user_heap_stack
                0x200011a0      0x600
                0x200011a0                . = ALIGN (0x8)
                0x200011a0                PROVIDE (end, .)
                [!provide]                PROVIDE (_end, .)
                0x200013a0                . = (. + _Min_Heap_Size)
 *fill*         0x200011a0      0x200 
                0x200017a0                . = (. + _Min_Stack_Size)
 *fill*         0x200013a0      0x400 
                0x200017a0                . = ALIGN (0x8)

/DISCARD/
 libc.a(*)
 libm.a(*)
 libgcc.a(*)

.ARM.attributes
                0x00000000       0x30
 *(.ARM.attributes)
 .ARM.attributes
                0x00000000       0x22 c:/ac6/systemworkbench/plugins/fr.ac6.mcu.externaltools.arm-none.win32_1.7.0.201602121829/tools/compiler/bin/../lib/gcc/arm-none-eabi/5.2.1/armv7e-m/fpu/crti.o
 .ARM.attributes
                0x00000022       0x34 c:/ac6/systemworkbench/plugins/fr.ac6.mcu.externaltools.arm-none.win32_1.7.0.201602121829/tools/compiler/bin/../lib/gcc/arm-none-eabi/5.2.1/armv7e-m/fpu/crtbegin.o
 .ARM.attributes
                0x00000056       0x39 Drivers/STM32F3xx_HAL_Driver/Src/stm32f3xx_hal.o
 .ARM.attributes
                0x0000008f       0x39 Drivers/STM32F3xx_HAL_Driver/Src/stm32f3xx_hal_cortex.o
 .ARM.attributes
                0x000000c8       0x39 Drivers/STM32F3xx_HAL_Driver/Src/stm32f3xx_hal_gpio.o
 .ARM.attributes
                0x00000101       0x39 Drivers/STM32F3xx_HAL_Driver/Src/stm32f3xx_hal_pcd.o
 .ARM.attributes
                0x0000013a       0x39 Drivers/STM32F3xx_HAL_Driver/Src/stm32f3xx_hal_pcd_ex.o
 .ARM.attributes
                0x00000173       0x39 Drivers/STM32F3xx_HAL_Driver/Src/stm32f3xx_hal_rcc.o
 .ARM.attributes
                0x000001ac       0x39 Drivers/STM32F3xx_HAL_Driver/Src/stm32f3xx_hal_rcc_ex.o
 .ARM.attributes
                0x000001e5       0x39 Drivers/STM32F3xx_HAL_Driver/Src/stm32f3xx_hal_spi.o
 .ARM.attributes
                0x0000021e       0x39 Drivers/STM32F3xx_HAL_Driver/Src/stm32f3xx_hal_tim.o
 .ARM.attributes
                0x00000257       0x39 Drivers/STM32F3xx_HAL_Driver/Src/stm32f3xx_hal_tim_ex.o
 .ARM.attributes
                0x00000290       0x39 Middlewares/ST/STM32_USB_Device_Library/Class/CDC/Src/usbd_cdc.o
 .ARM.attributes
                0x000002c9       0x39 Middlewares/ST/STM32_USB_Device_Library/Core/Src/usbd_core.o
 .ARM.attributes
                0x00000302       0x39 Middlewares/ST/STM32_USB_Device_Library/Core/Src/usbd_ctlreq.o
 .ARM.attributes
                0x0000033b       0x39 Middlewares/ST/STM32_USB_Device_Library/Core/Src/usbd_ioreq.o
 .ARM.attributes
                0x00000374       0x39 Src/TextOut.o
 .ARM.attributes
                0x000003ad       0x39 Src/commsfpga.o
 .ARM.attributes
                0x000003e6       0x39 Src/gpio.o
 .ARM.attributes
                0x0000041f       0x39 Src/main.o
 .ARM.attributes
                0x00000458       0x39 Src/myNRF24.o
 .ARM.attributes
                0x00000491       0x39 Src/speedcalc.o
 .ARM.attributes
                0x000004ca       0x39 Src/spi.o
 .ARM.attributes
                0x00000503       0x39 Src/stm32f3xx_hal_msp.o
 .ARM.attributes
                0x0000053c       0x39 Src/stm32f3xx_it.o
 .ARM.attributes
                0x00000575       0x39 Src/system_stm32f3xx.o
 .ARM.attributes
                0x000005ae       0x39 Src/tim.o
 .ARM.attributes
                0x000005e7       0x39 Src/usb_device.o
 .ARM.attributes
                0x00000620       0x39 Src/usbd_cdc_if.o
 .ARM.attributes
                0x00000659       0x39 Src/usbd_conf.o
 .ARM.attributes
                0x00000692       0x39 Src/usbd_desc.o
 .ARM.attributes
                0x000006cb       0x21 startup/startup_stm32f303xc.o
 .ARM.attributes
                0x000006ec       0x22 c:/ac6/systemworkbench/plugins/fr.ac6.mcu.externaltools.arm-none.win32_1.7.0.201602121829/tools/compiler/bin/../lib/gcc/arm-none-eabi/5.2.1/armv7e-m/fpu\libgcc.a(_arm_addsubdf3.o)
 .ARM.attributes
                0x0000070e       0x22 c:/ac6/systemworkbench/plugins/fr.ac6.mcu.externaltools.arm-none.win32_1.7.0.201602121829/tools/compiler/bin/../lib/gcc/arm-none-eabi/5.2.1/armv7e-m/fpu\libgcc.a(_arm_muldivdf3.o)
 .ARM.attributes
                0x00000730       0x22 c:/ac6/systemworkbench/plugins/fr.ac6.mcu.externaltools.arm-none.win32_1.7.0.201602121829/tools/compiler/bin/../lib/gcc/arm-none-eabi/5.2.1/armv7e-m/fpu\libgcc.a(_arm_truncdfsf2.o)
 .ARM.attributes
                0x00000752       0x34 c:/ac6/systemworkbench/plugins/fr.ac6.mcu.externaltools.arm-none.win32_1.7.0.201602121829/tools/compiler/bin/../lib/gcc/arm-none-eabi/5.2.1/../../../../arm-none-eabi/lib/armv7e-m/fpu\libc_nano.a(lib_a-impure.o)
 .ARM.attributes
                0x00000786       0x34 c:/ac6/systemworkbench/plugins/fr.ac6.mcu.externaltools.arm-none.win32_1.7.0.201602121829/tools/compiler/bin/../lib/gcc/arm-none-eabi/5.2.1/../../../../arm-none-eabi/lib/armv7e-m/fpu\libc_nano.a(lib_a-init.o)
 .ARM.attributes
                0x000007ba       0x34 c:/ac6/systemworkbench/plugins/fr.ac6.mcu.externaltools.arm-none.win32_1.7.0.201602121829/tools/compiler/bin/../lib/gcc/arm-none-eabi/5.2.1/../../../../arm-none-eabi/lib/armv7e-m/fpu\libc_nano.a(lib_a-memcpy-stub.o)
 .ARM.attributes
                0x000007ee       0x34 c:/ac6/systemworkbench/plugins/fr.ac6.mcu.externaltools.arm-none.win32_1.7.0.201602121829/tools/compiler/bin/../lib/gcc/arm-none-eabi/5.2.1/../../../../arm-none-eabi/lib/armv7e-m/fpu\libc_nano.a(lib_a-memset.o)
 .ARM.attributes
                0x00000822       0x34 c:/ac6/systemworkbench/plugins/fr.ac6.mcu.externaltools.arm-none.win32_1.7.0.201602121829/tools/compiler/bin/../lib/gcc/arm-none-eabi/5.2.1/../../../../arm-none-eabi/lib/armv7e-m/fpu\libc_nano.a(lib_a-nano-vfprintf_float.o)
 .ARM.attributes
                0x00000856       0x34 c:/ac6/systemworkbench/plugins/fr.ac6.mcu.externaltools.arm-none.win32_1.7.0.201602121829/tools/compiler/bin/../lib/gcc/arm-none-eabi/5.2.1/../../../../arm-none-eabi/lib/armv7e-m/fpu\libc_nano.a(lib_a-nano-vfprintf_i.o)
 .ARM.attributes
                0x0000088a       0x34 c:/ac6/systemworkbench/plugins/fr.ac6.mcu.externaltools.arm-none.win32_1.7.0.201602121829/tools/compiler/bin/../lib/gcc/arm-none-eabi/5.2.1/../../../../arm-none-eabi/lib/armv7e-m/fpu\libc_nano.a(lib_a-s_fpclassify.o)
 .ARM.attributes
                0x000008be       0x34 c:/ac6/systemworkbench/plugins/fr.ac6.mcu.externaltools.arm-none.win32_1.7.0.201602121829/tools/compiler/bin/../lib/gcc/arm-none-eabi/5.2.1/../../../../arm-none-eabi/lib/armv7e-m/fpu\libc_nano.a(lib_a-sprintf.o)
 .ARM.attributes
                0x000008f2       0x34 c:/ac6/systemworkbench/plugins/fr.ac6.mcu.externaltools.arm-none.win32_1.7.0.201602121829/tools/compiler/bin/../lib/gcc/arm-none-eabi/5.2.1/../../../../arm-none-eabi/lib/armv7e-m/fpu\libc_nano.a(lib_a-strchr.o)
 .ARM.attributes
                0x00000926       0x1b c:/ac6/systemworkbench/plugins/fr.ac6.mcu.externaltools.arm-none.win32_1.7.0.201602121829/tools/compiler/bin/../lib/gcc/arm-none-eabi/5.2.1/../../../../arm-none-eabi/lib/armv7e-m/fpu\libc_nano.a(lib_a-strlen.o)
 .ARM.attributes
                0x00000941       0x34 c:/ac6/systemworkbench/plugins/fr.ac6.mcu.externaltools.arm-none.win32_1.7.0.201602121829/tools/compiler/bin/../lib/gcc/arm-none-eabi/5.2.1/../../../../arm-none-eabi/lib/armv7e-m/fpu\libc_nano.a(lib_a-dtoa.o)
 .ARM.attributes
                0x00000975       0x34 c:/ac6/systemworkbench/plugins/fr.ac6.mcu.externaltools.arm-none.win32_1.7.0.201602121829/tools/compiler/bin/../lib/gcc/arm-none-eabi/5.2.1/../../../../arm-none-eabi/lib/armv7e-m/fpu\libc_nano.a(lib_a-locale.o)
 .ARM.attributes
                0x000009a9       0x34 c:/ac6/systemworkbench/plugins/fr.ac6.mcu.externaltools.arm-none.win32_1.7.0.201602121829/tools/compiler/bin/../lib/gcc/arm-none-eabi/5.2.1/../../../../arm-none-eabi/lib/armv7e-m/fpu\libc_nano.a(lib_a-malloc.o)
 .ARM.attributes
                0x000009dd       0x20 c:/ac6/systemworkbench/plugins/fr.ac6.mcu.externaltools.arm-none.win32_1.7.0.201602121829/tools/compiler/bin/../lib/gcc/arm-none-eabi/5.2.1/../../../../arm-none-eabi/lib/armv7e-m/fpu\libc_nano.a(lib_a-memchr.o)
 .ARM.attributes
                0x000009fd       0x34 c:/ac6/systemworkbench/plugins/fr.ac6.mcu.externaltools.arm-none.win32_1.7.0.201602121829/tools/compiler/bin/../lib/gcc/arm-none-eabi/5.2.1/../../../../arm-none-eabi/lib/armv7e-m/fpu\libc_nano.a(lib_a-mprec.o)
 .ARM.attributes
                0x00000a31       0x34 c:/ac6/systemworkbench/plugins/fr.ac6.mcu.externaltools.arm-none.win32_1.7.0.201602121829/tools/compiler/bin/../lib/gcc/arm-none-eabi/5.2.1/../../../../arm-none-eabi/lib/armv7e-m/fpu\libc_nano.a(lib_a-nano-callocr.o)
 .ARM.attributes
                0x00000a65       0x34 c:/ac6/systemworkbench/plugins/fr.ac6.mcu.externaltools.arm-none.win32_1.7.0.201602121829/tools/compiler/bin/../lib/gcc/arm-none-eabi/5.2.1/../../../../arm-none-eabi/lib/armv7e-m/fpu\libc_nano.a(lib_a-nano-freer.o)
 .ARM.attributes
                0x00000a99       0x34 c:/ac6/systemworkbench/plugins/fr.ac6.mcu.externaltools.arm-none.win32_1.7.0.201602121829/tools/compiler/bin/../lib/gcc/arm-none-eabi/5.2.1/../../../../arm-none-eabi/lib/armv7e-m/fpu\libc_nano.a(lib_a-nano-mallocr.o)
 .ARM.attributes
                0x00000acd       0x34 c:/ac6/systemworkbench/plugins/fr.ac6.mcu.externaltools.arm-none.win32_1.7.0.201602121829/tools/compiler/bin/../lib/gcc/arm-none-eabi/5.2.1/../../../../arm-none-eabi/lib/armv7e-m/fpu\libc_nano.a(lib_a-nano-svfprintf.o)
 .ARM.attributes
                0x00000b01       0x34 c:/ac6/systemworkbench/plugins/fr.ac6.mcu.externaltools.arm-none.win32_1.7.0.201602121829/tools/compiler/bin/../lib/gcc/arm-none-eabi/5.2.1/../../../../arm-none-eabi/lib/armv7e-m/fpu\libc_nano.a(lib_a-sbrkr.o)
 .ARM.attributes
                0x00000b35       0x34 c:/ac6/systemworkbench/plugins/fr.ac6.mcu.externaltools.arm-none.win32_1.7.0.201602121829/tools/compiler/bin/../lib/gcc/arm-none-eabi/5.2.1/../../../../arm-none-eabi/lib/armv7e-m/fpu\libc_nano.a(lib_a-memmove.o)
 .ARM.attributes
                0x00000b69       0x34 c:/ac6/systemworkbench/plugins/fr.ac6.mcu.externaltools.arm-none.win32_1.7.0.201602121829/tools/compiler/bin/../lib/gcc/arm-none-eabi/5.2.1/../../../../arm-none-eabi/lib/armv7e-m/fpu\libc_nano.a(lib_a-nano-reallocr.o)
 .ARM.attributes
                0x00000b9d       0x34 c:/ac6/systemworkbench/plugins/fr.ac6.mcu.externaltools.arm-none.win32_1.7.0.201602121829/tools/compiler/bin/../lib/gcc/arm-none-eabi/5.2.1/../../../../arm-none-eabi/lib/armv7e-m/fpu\libc_nano.a(lib_a-reent.o)
 .ARM.attributes
                0x00000bd1       0x34 c:/ac6/systemworkbench/plugins/fr.ac6.mcu.externaltools.arm-none.win32_1.7.0.201602121829/tools/compiler/bin/../lib/gcc/arm-none-eabi/5.2.1/../../../../arm-none-eabi/lib/armv7e-m/fpu\libc_nano.a(lib_a-nano-msizer.o)
 .ARM.attributes
                0x00000c05       0x22 c:/ac6/systemworkbench/plugins/fr.ac6.mcu.externaltools.arm-none.win32_1.7.0.201602121829/tools/compiler/bin/../lib/gcc/arm-none-eabi/5.2.1/armv7e-m/fpu\libgcc.a(_arm_cmpdf2.o)
 .ARM.attributes
                0x00000c27       0x22 c:/ac6/systemworkbench/plugins/fr.ac6.mcu.externaltools.arm-none.win32_1.7.0.201602121829/tools/compiler/bin/../lib/gcc/arm-none-eabi/5.2.1/armv7e-m/fpu\libgcc.a(_arm_fixdfsi.o)
 .ARM.attributes
                0x00000c49       0x34 c:/ac6/systemworkbench/plugins/fr.ac6.mcu.externaltools.arm-none.win32_1.7.0.201602121829/tools/compiler/bin/../lib/gcc/arm-none-eabi/5.2.1/../../../../arm-none-eabi/lib/armv7e-m/fpu\libnosys.a(sbrk.o)
 .ARM.attributes
                0x00000c7d       0x34 c:/ac6/systemworkbench/plugins/fr.ac6.mcu.externaltools.arm-none.win32_1.7.0.201602121829/tools/compiler/bin/../lib/gcc/arm-none-eabi/5.2.1/armv7e-m/fpu/crtend.o
 .ARM.attributes
                0x00000cb1       0x22 c:/ac6/systemworkbench/plugins/fr.ac6.mcu.externaltools.arm-none.win32_1.7.0.201602121829/tools/compiler/bin/../lib/gcc/arm-none-eabi/5.2.1/armv7e-m/fpu/crtn.o
OUTPUT(HansRikFusion.elf elf32-littlearm)

.debug_info     0x00000000    0x17e83
 .debug_info    0x00000000      0x6f1 Drivers/STM32F3xx_HAL_Driver/Src/stm32f3xx_hal.o
 .debug_info    0x000006f1      0xe1b Drivers/STM32F3xx_HAL_Driver/Src/stm32f3xx_hal_cortex.o
 .debug_info    0x0000150c      0x675 Drivers/STM32F3xx_HAL_Driver/Src/stm32f3xx_hal_gpio.o
 .debug_info    0x00001b81      0xfb6 Drivers/STM32F3xx_HAL_Driver/Src/stm32f3xx_hal_pcd.o
 .debug_info    0x00002b37      0x69e Drivers/STM32F3xx_HAL_Driver/Src/stm32f3xx_hal_pcd_ex.o
 .debug_info    0x000031d5     0x1322 Drivers/STM32F3xx_HAL_Driver/Src/stm32f3xx_hal_rcc.o
 .debug_info    0x000044f7      0x6b4 Drivers/STM32F3xx_HAL_Driver/Src/stm32f3xx_hal_rcc_ex.o
 .debug_info    0x00004bab     0x1b79 Drivers/STM32F3xx_HAL_Driver/Src/stm32f3xx_hal_spi.o
 .debug_info    0x00006724     0x2d6b Drivers/STM32F3xx_HAL_Driver/Src/stm32f3xx_hal_tim.o
 .debug_info    0x0000948f     0x12a6 Drivers/STM32F3xx_HAL_Driver/Src/stm32f3xx_hal_tim_ex.o
 .debug_info    0x0000a735      0xc84 Middlewares/ST/STM32_USB_Device_Library/Class/CDC/Src/usbd_cdc.o
 .debug_info    0x0000b3b9      0xbdd Middlewares/ST/STM32_USB_Device_Library/Core/Src/usbd_core.o
 .debug_info    0x0000bf96      0xbcb Middlewares/ST/STM32_USB_Device_Library/Core/Src/usbd_ctlreq.o
 .debug_info    0x0000cb61      0x765 Middlewares/ST/STM32_USB_Device_Library/Core/Src/usbd_ioreq.o
 .debug_info    0x0000d2c6      0x27a Src/TextOut.o
 .debug_info    0x0000d540      0x8d2 Src/commsfpga.o
 .debug_info    0x0000de12      0x4b8 Src/gpio.o
 .debug_info    0x0000e2ca     0x15e1 Src/main.o
 .debug_info    0x0000f8ab     0x319e Src/myNRF24.o
 .debug_info    0x00012a49      0x58e Src/speedcalc.o
 .debug_info    0x00012fd7      0x892 Src/spi.o
 .debug_info    0x00013869      0x47b Src/stm32f3xx_hal_msp.o
 .debug_info    0x00013ce4      0x521 Src/stm32f3xx_it.o
 .debug_info    0x00014205      0x3ea Src/system_stm32f3xx.o
 .debug_info    0x000145ef      0xc79 Src/tim.o
 .debug_info    0x00015268      0x619 Src/usb_device.o
 .debug_info    0x00015881      0x866 Src/usbd_cdc_if.o
 .debug_info    0x000160e7     0x1833 Src/usbd_conf.o
 .debug_info    0x0001791a      0x4f2 Src/usbd_desc.o
 .debug_info    0x00017e0c       0x77 startup/startup_stm32f303xc.o

.debug_abbrev   0x00000000     0x3e9a
 .debug_abbrev  0x00000000      0x1d3 Drivers/STM32F3xx_HAL_Driver/Src/stm32f3xx_hal.o
 .debug_abbrev  0x000001d3      0x316 Drivers/STM32F3xx_HAL_Driver/Src/stm32f3xx_hal_cortex.o
 .debug_abbrev  0x000004e9      0x1cb Drivers/STM32F3xx_HAL_Driver/Src/stm32f3xx_hal_gpio.o
 .debug_abbrev  0x000006b4      0x322 Drivers/STM32F3xx_HAL_Driver/Src/stm32f3xx_hal_pcd.o
 .debug_abbrev  0x000009d6      0x1b5 Drivers/STM32F3xx_HAL_Driver/Src/stm32f3xx_hal_pcd_ex.o
 .debug_abbrev  0x00000b8b      0x2cd Drivers/STM32F3xx_HAL_Driver/Src/stm32f3xx_hal_rcc.o
 .debug_abbrev  0x00000e58      0x261 Drivers/STM32F3xx_HAL_Driver/Src/stm32f3xx_hal_rcc_ex.o
 .debug_abbrev  0x000010b9      0x366 Drivers/STM32F3xx_HAL_Driver/Src/stm32f3xx_hal_spi.o
 .debug_abbrev  0x0000141f      0x313 Drivers/STM32F3xx_HAL_Driver/Src/stm32f3xx_hal_tim.o
 .debug_abbrev  0x00001732      0x273 Drivers/STM32F3xx_HAL_Driver/Src/stm32f3xx_hal_tim_ex.o
 .debug_abbrev  0x000019a5      0x259 Middlewares/ST/STM32_USB_Device_Library/Class/CDC/Src/usbd_cdc.o
 .debug_abbrev  0x00001bfe      0x273 Middlewares/ST/STM32_USB_Device_Library/Core/Src/usbd_core.o
 .debug_abbrev  0x00001e71      0x2c7 Middlewares/ST/STM32_USB_Device_Library/Core/Src/usbd_ctlreq.o
 .debug_abbrev  0x00002138      0x158 Middlewares/ST/STM32_USB_Device_Library/Core/Src/usbd_ioreq.o
 .debug_abbrev  0x00002290      0x126 Src/TextOut.o
 .debug_abbrev  0x000023b6      0x20f Src/commsfpga.o
 .debug_abbrev  0x000025c5      0x151 Src/gpio.o
 .debug_abbrev  0x00002716      0x271 Src/main.o
 .debug_abbrev  0x00002987      0x41a Src/myNRF24.o
 .debug_abbrev  0x00002da1      0x1b8 Src/speedcalc.o
 .debug_abbrev  0x00002f59      0x1b4 Src/spi.o
 .debug_abbrev  0x0000310d      0x112 Src/stm32f3xx_hal_msp.o
 .debug_abbrev  0x0000321f      0x160 Src/stm32f3xx_it.o
 .debug_abbrev  0x0000337f      0x104 Src/system_stm32f3xx.o
 .debug_abbrev  0x00003483      0x21c Src/tim.o
 .debug_abbrev  0x0000369f      0x173 Src/usb_device.o
 .debug_abbrev  0x00003812      0x23c Src/usbd_cdc_if.o
 .debug_abbrev  0x00003a4e      0x29a Src/usbd_conf.o
 .debug_abbrev  0x00003ce8      0x1a0 Src/usbd_desc.o
 .debug_abbrev  0x00003e88       0x12 startup/startup_stm32f303xc.o

.debug_loc      0x00000000     0xc0d6
 .debug_loc     0x00000000       0x4b Drivers/STM32F3xx_HAL_Driver/Src/stm32f3xx_hal.o
 .debug_loc     0x0000004b      0x4ab Drivers/STM32F3xx_HAL_Driver/Src/stm32f3xx_hal_cortex.o
 .debug_loc     0x000004f6      0x29a Drivers/STM32F3xx_HAL_Driver/Src/stm32f3xx_hal_gpio.o
 .debug_loc     0x00000790      0xca8 Drivers/STM32F3xx_HAL_Driver/Src/stm32f3xx_hal_pcd.o
 .debug_loc     0x00001438      0x488 Drivers/STM32F3xx_HAL_Driver/Src/stm32f3xx_hal_pcd_ex.o
 .debug_loc     0x000018c0      0x82b Drivers/STM32F3xx_HAL_Driver/Src/stm32f3xx_hal_rcc.o
 .debug_loc     0x000020eb      0x675 Drivers/STM32F3xx_HAL_Driver/Src/stm32f3xx_hal_rcc_ex.o
 .debug_loc     0x00002760     0x15d0 Drivers/STM32F3xx_HAL_Driver/Src/stm32f3xx_hal_spi.o
 .debug_loc     0x00003d30     0x2f16 Drivers/STM32F3xx_HAL_Driver/Src/stm32f3xx_hal_tim.o
 .debug_loc     0x00006c46      0xdca Drivers/STM32F3xx_HAL_Driver/Src/stm32f3xx_hal_tim_ex.o
 .debug_loc     0x00007a10      0x4bc Middlewares/ST/STM32_USB_Device_Library/Class/CDC/Src/usbd_cdc.o
 .debug_loc     0x00007ecc      0x5d9 Middlewares/ST/STM32_USB_Device_Library/Core/Src/usbd_core.o
 .debug_loc     0x000084a5      0x6d9 Middlewares/ST/STM32_USB_Device_Library/Core/Src/usbd_ctlreq.o
 .debug_loc     0x00008b7e      0x23c Middlewares/ST/STM32_USB_Device_Library/Core/Src/usbd_ioreq.o
 .debug_loc     0x00008dba       0xde Src/TextOut.o
 .debug_loc     0x00008e98      0x2c9 Src/commsfpga.o
 .debug_loc     0x00009161      0x30c Src/main.o
 .debug_loc     0x0000946d     0x1af5 Src/myNRF24.o
 .debug_loc     0x0000af62      0x5e3 Src/speedcalc.o
 .debug_loc     0x0000b545       0x7f Src/spi.o
 .debug_loc     0x0000b5c4       0xbe Src/system_stm32f3xx.o
 .debug_loc     0x0000b682       0x34 Src/tim.o
 .debug_loc     0x0000b6b6      0x122 Src/usbd_cdc_if.o
 .debug_loc     0x0000b7d8      0x68b Src/usbd_conf.o
 .debug_loc     0x0000be63      0x273 Src/usbd_desc.o

.debug_aranges  0x00000000      0xfa0
 .debug_aranges
                0x00000000       0xa8 Drivers/STM32F3xx_HAL_Driver/Src/stm32f3xx_hal.o
 .debug_aranges
                0x000000a8       0x98 Drivers/STM32F3xx_HAL_Driver/Src/stm32f3xx_hal_cortex.o
 .debug_aranges
                0x00000140       0x58 Drivers/STM32F3xx_HAL_Driver/Src/stm32f3xx_hal_gpio.o
 .debug_aranges
                0x00000198       0xc0 Drivers/STM32F3xx_HAL_Driver/Src/stm32f3xx_hal_pcd.o
 .debug_aranges
                0x00000258       0x38 Drivers/STM32F3xx_HAL_Driver/Src/stm32f3xx_hal_pcd_ex.o
 .debug_aranges
                0x00000290       0x88 Drivers/STM32F3xx_HAL_Driver/Src/stm32f3xx_hal_rcc.o
 .debug_aranges
                0x00000318       0x38 Drivers/STM32F3xx_HAL_Driver/Src/stm32f3xx_hal_rcc_ex.o
 .debug_aranges
                0x00000350      0x190 Drivers/STM32F3xx_HAL_Driver/Src/stm32f3xx_hal_spi.o
 .debug_aranges
                0x000004e0      0x258 Drivers/STM32F3xx_HAL_Driver/Src/stm32f3xx_hal_tim.o
 .debug_aranges
                0x00000738      0x120 Drivers/STM32F3xx_HAL_Driver/Src/stm32f3xx_hal_tim_ex.o
 .debug_aranges
                0x00000858       0x90 Middlewares/ST/STM32_USB_Device_Library/Class/CDC/Src/usbd_cdc.o
 .debug_aranges
                0x000008e8       0xa8 Middlewares/ST/STM32_USB_Device_Library/Core/Src/usbd_core.o
 .debug_aranges
                0x00000990       0x48 Middlewares/ST/STM32_USB_Device_Library/Core/Src/usbd_ctlreq.o
 .debug_aranges
                0x000009d8       0x50 Middlewares/ST/STM32_USB_Device_Library/Core/Src/usbd_ioreq.o
 .debug_aranges
                0x00000a28       0x30 Src/TextOut.o
 .debug_aranges
                0x00000a58       0x48 Src/commsfpga.o
 .debug_aranges
                0x00000aa0       0x20 Src/gpio.o
 .debug_aranges
                0x00000ac0       0x38 Src/main.o
 .debug_aranges
                0x00000af8      0x180 Src/myNRF24.o
 .debug_aranges
                0x00000c78       0x58 Src/speedcalc.o
 .debug_aranges
                0x00000cd0       0x38 Src/spi.o
 .debug_aranges
                0x00000d08       0x20 Src/stm32f3xx_hal_msp.o
 .debug_aranges
                0x00000d28       0x28 Src/stm32f3xx_it.o
 .debug_aranges
                0x00000d50       0x28 Src/system_stm32f3xx.o
 .debug_aranges
                0x00000d78       0x40 Src/tim.o
 .debug_aranges
                0x00000db8       0x20 Src/usb_device.o
 .debug_aranges
                0x00000dd8       0x40 Src/usbd_cdc_if.o
 .debug_aranges
                0x00000e18      0x110 Src/usbd_conf.o
 .debug_aranges
                0x00000f28       0x50 Src/usbd_desc.o
 .debug_aranges
                0x00000f78       0x28 startup/startup_stm32f303xc.o

.debug_ranges   0x00000000     0x1388
 .debug_ranges  0x00000000       0x98 Drivers/STM32F3xx_HAL_Driver/Src/stm32f3xx_hal.o
 .debug_ranges  0x00000098      0x148 Drivers/STM32F3xx_HAL_Driver/Src/stm32f3xx_hal_cortex.o
 .debug_ranges  0x000001e0       0x68 Drivers/STM32F3xx_HAL_Driver/Src/stm32f3xx_hal_gpio.o
 .debug_ranges  0x00000248      0x130 Drivers/STM32F3xx_HAL_Driver/Src/stm32f3xx_hal_pcd.o
 .debug_ranges  0x00000378       0x28 Drivers/STM32F3xx_HAL_Driver/Src/stm32f3xx_hal_pcd_ex.o
 .debug_ranges  0x000003a0      0x1d0 Drivers/STM32F3xx_HAL_Driver/Src/stm32f3xx_hal_rcc.o
 .debug_ranges  0x00000570       0x58 Drivers/STM32F3xx_HAL_Driver/Src/stm32f3xx_hal_rcc_ex.o