Archive member included to satisfy reference by file (symbol)

/home/jim/Ac6/SystemWorkbench/plugins/fr.ac6.mcu.externaltools.arm-none.linux64_1.13.1.201705091103/tools/compiler/bin/../lib/gcc/arm-none-eabi/5.4.1/../../../../arm-none-eabi/lib/armv7e-m/fpu/libm.a(lib_a-s_cos.o)
                              Src/speedcalc.o (cos)
/home/jim/Ac6/SystemWorkbench/plugins/fr.ac6.mcu.externaltools.arm-none.linux64_1.13.1.201705091103/tools/compiler/bin/../lib/gcc/arm-none-eabi/5.4.1/../../../../arm-none-eabi/lib/armv7e-m/fpu/libm.a(lib_a-s_sin.o)
                              Src/speedcalc.o (sin)
/home/jim/Ac6/SystemWorkbench/plugins/fr.ac6.mcu.externaltools.arm-none.linux64_1.13.1.201705091103/tools/compiler/bin/../lib/gcc/arm-none-eabi/5.4.1/../../../../arm-none-eabi/lib/armv7e-m/fpu/libm.a(lib_a-e_rem_pio2.o)
                              /home/jim/Ac6/SystemWorkbench/plugins/fr.ac6.mcu.externaltools.arm-none.linux64_1.13.1.201705091103/tools/compiler/bin/../lib/gcc/arm-none-eabi/5.4.1/../../../../arm-none-eabi/lib/armv7e-m/fpu/libm.a(lib_a-s_cos.o) (__ieee754_rem_pio2)
/home/jim/Ac6/SystemWorkbench/plugins/fr.ac6.mcu.externaltools.arm-none.linux64_1.13.1.201705091103/tools/compiler/bin/../lib/gcc/arm-none-eabi/5.4.1/../../../../arm-none-eabi/lib/armv7e-m/fpu/libm.a(lib_a-k_cos.o)
                              /home/jim/Ac6/SystemWorkbench/plugins/fr.ac6.mcu.externaltools.arm-none.linux64_1.13.1.201705091103/tools/compiler/bin/../lib/gcc/arm-none-eabi/5.4.1/../../../../arm-none-eabi/lib/armv7e-m/fpu/libm.a(lib_a-s_cos.o) (__kernel_cos)
/home/jim/Ac6/SystemWorkbench/plugins/fr.ac6.mcu.externaltools.arm-none.linux64_1.13.1.201705091103/tools/compiler/bin/../lib/gcc/arm-none-eabi/5.4.1/../../../../arm-none-eabi/lib/armv7e-m/fpu/libm.a(lib_a-k_rem_pio2.o)
                              /home/jim/Ac6/SystemWorkbench/plugins/fr.ac6.mcu.externaltools.arm-none.linux64_1.13.1.201705091103/tools/compiler/bin/../lib/gcc/arm-none-eabi/5.4.1/../../../../arm-none-eabi/lib/armv7e-m/fpu/libm.a(lib_a-e_rem_pio2.o) (__kernel_rem_pio2)
/home/jim/Ac6/SystemWorkbench/plugins/fr.ac6.mcu.externaltools.arm-none.linux64_1.13.1.201705091103/tools/compiler/bin/../lib/gcc/arm-none-eabi/5.4.1/../../../../arm-none-eabi/lib/armv7e-m/fpu/libm.a(lib_a-k_sin.o)
                              /home/jim/Ac6/SystemWorkbench/plugins/fr.ac6.mcu.externaltools.arm-none.linux64_1.13.1.201705091103/tools/compiler/bin/../lib/gcc/arm-none-eabi/5.4.1/../../../../arm-none-eabi/lib/armv7e-m/fpu/libm.a(lib_a-s_cos.o) (__kernel_sin)
/home/jim/Ac6/SystemWorkbench/plugins/fr.ac6.mcu.externaltools.arm-none.linux64_1.13.1.201705091103/tools/compiler/bin/../lib/gcc/arm-none-eabi/5.4.1/../../../../arm-none-eabi/lib/armv7e-m/fpu/libm.a(lib_a-s_fabs.o)
                              /home/jim/Ac6/SystemWorkbench/plugins/fr.ac6.mcu.externaltools.arm-none.linux64_1.13.1.201705091103/tools/compiler/bin/../lib/gcc/arm-none-eabi/5.4.1/../../../../arm-none-eabi/lib/armv7e-m/fpu/libm.a(lib_a-e_rem_pio2.o) (fabs)
/home/jim/Ac6/SystemWorkbench/plugins/fr.ac6.mcu.externaltools.arm-none.linux64_1.13.1.201705091103/tools/compiler/bin/../lib/gcc/arm-none-eabi/5.4.1/../../../../arm-none-eabi/lib/armv7e-m/fpu/libm.a(lib_a-s_floor.o)
                              /home/jim/Ac6/SystemWorkbench/plugins/fr.ac6.mcu.externaltools.arm-none.linux64_1.13.1.201705091103/tools/compiler/bin/../lib/gcc/arm-none-eabi/5.4.1/../../../../arm-none-eabi/lib/armv7e-m/fpu/libm.a(lib_a-k_rem_pio2.o) (floor)
/home/jim/Ac6/SystemWorkbench/plugins/fr.ac6.mcu.externaltools.arm-none.linux64_1.13.1.201705091103/tools/compiler/bin/../lib/gcc/arm-none-eabi/5.4.1/../../../../arm-none-eabi/lib/armv7e-m/fpu/libm.a(lib_a-s_scalbn.o)
                              /home/jim/Ac6/SystemWorkbench/plugins/fr.ac6.mcu.externaltools.arm-none.linux64_1.13.1.201705091103/tools/compiler/bin/../lib/gcc/arm-none-eabi/5.4.1/../../../../arm-none-eabi/lib/armv7e-m/fpu/libm.a(lib_a-k_rem_pio2.o) (scalbn)
/home/jim/Ac6/SystemWorkbench/plugins/fr.ac6.mcu.externaltools.arm-none.linux64_1.13.1.201705091103/tools/compiler/bin/../lib/gcc/arm-none-eabi/5.4.1/../../../../arm-none-eabi/lib/armv7e-m/fpu/libm.a(lib_a-s_copysign.o)
                              /home/jim/Ac6/SystemWorkbench/plugins/fr.ac6.mcu.externaltools.arm-none.linux64_1.13.1.201705091103/tools/compiler/bin/../lib/gcc/arm-none-eabi/5.4.1/../../../../arm-none-eabi/lib/armv7e-m/fpu/libm.a(lib_a-s_scalbn.o) (copysign)
/home/jim/Ac6/SystemWorkbench/plugins/fr.ac6.mcu.externaltools.arm-none.linux64_1.13.1.201705091103/tools/compiler/bin/../lib/gcc/arm-none-eabi/5.4.1/armv7e-m/fpu/libgcc.a(_lshrdi3.o)
                              Drivers/STM32F3xx_HAL_Driver/Src/stm32f3xx_hal_flash.o (__aeabi_llsr)
/home/jim/Ac6/SystemWorkbench/plugins/fr.ac6.mcu.externaltools.arm-none.linux64_1.13.1.201705091103/tools/compiler/bin/../lib/gcc/arm-none-eabi/5.4.1/armv7e-m/fpu/libgcc.a(_arm_addsubdf3.o)
                              Src/speedcalc.o (__aeabi_dsub)
[...]
Memory Configuration

Name             Origin             Length             Attributes
RAM              0x20000000         0x0000a000         xrw
CCMRAM           0x10000000         0x00002000         rw
FLASH            0x08000000         0x00040000         xr
*default*        0x00000000         0xffffffff

Linker script and memory map

LOAD /home/jim/Ac6/SystemWorkbench/plugins/fr.ac6.mcu.externaltools.arm-none.linux64_1.13.1.201705091103/tools/compiler/bin/../lib/gcc/arm-none-eabi/5.4.1/armv7e-m/fpu/crti.o
LOAD /home/jim/Ac6/SystemWorkbench/plugins/fr.ac6.mcu.externaltools.arm-none.linux64_1.13.1.201705091103/tools/compiler/bin/../lib/gcc/arm-none-eabi/5.4.1/armv7e-m/fpu/crtbegin.o
LOAD /home/jim/Ac6/SystemWorkbench/plugins/fr.ac6.mcu.externaltools.arm-none.linux64_1.13.1.201705091103/tools/compiler/bin/../lib/gcc/arm-none-eabi/5.4.1/../../../../arm-none-eabi/lib/armv7e-m/fpu/crt0.o
LOAD Drivers/STM32F3xx_HAL_Driver/Src/stm32f3xx_hal.o
LOAD Drivers/STM32F3xx_HAL_Driver/Src/stm32f3xx_hal_cortex.o
LOAD Drivers/STM32F3xx_HAL_Driver/Src/stm32f3xx_hal_dma.o
LOAD Drivers/STM32F3xx_HAL_Driver/Src/stm32f3xx_hal_flash.o
LOAD Drivers/STM32F3xx_HAL_Driver/Src/stm32f3xx_hal_flash_ex.o
LOAD Drivers/STM32F3xx_HAL_Driver/Src/stm32f3xx_hal_gpio.o
LOAD Drivers/STM32F3xx_HAL_Driver/Src/stm32f3xx_hal_i2c.o
LOAD Drivers/STM32F3xx_HAL_Driver/Src/stm32f3xx_hal_i2c_ex.o
LOAD Drivers/STM32F3xx_HAL_Driver/Src/stm32f3xx_hal_pcd.o
LOAD Drivers/STM32F3xx_HAL_Driver/Src/stm32f3xx_hal_pcd_ex.o
LOAD Drivers/STM32F3xx_HAL_Driver/Src/stm32f3xx_hal_pwr.o
LOAD Drivers/STM32F3xx_HAL_Driver/Src/stm32f3xx_hal_pwr_ex.o
LOAD Drivers/STM32F3xx_HAL_Driver/Src/stm32f3xx_hal_rcc.o
LOAD Drivers/STM32F3xx_HAL_Driver/Src/stm32f3xx_hal_rcc_ex.o
LOAD Drivers/STM32F3xx_HAL_Driver/Src/stm32f3xx_hal_spi.o
LOAD Drivers/STM32F3xx_HAL_Driver/Src/stm32f3xx_hal_spi_ex.o
LOAD Drivers/STM32F3xx_HAL_Driver/Src/stm32f3xx_hal_tim.o
LOAD Drivers/STM32F3xx_HAL_Driver/Src/stm32f3xx_hal_tim_ex.o
LOAD Middlewares/ST/STM32_USB_Device_Library/Class/CDC/Src/usbd_cdc.o
LOAD Middlewares/ST/STM32_USB_Device_Library/Core/Src/usbd_core.o
LOAD Middlewares/ST/STM32_USB_Device_Library/Core/Src/usbd_ctlreq.o
LOAD Middlewares/ST/STM32_USB_Device_Library/Core/Src/usbd_ioreq.o
LOAD Src/TextOut.o
LOAD Src/commsfpga.o
LOAD Src/gpio.o
LOAD Src/main.o
LOAD Src/myNRF24.o
LOAD Src/speedcalc.o
LOAD Src/spi.o
LOAD Src/stm32f3xx_hal_msp.o
LOAD Src/stm32f3xx_it.o
LOAD Src/system_stm32f3xx.o
LOAD Src/tim.o
LOAD Src/usb_device.o
LOAD Src/usbd_cdc_if.o
LOAD Src/usbd_conf.o
LOAD Src/usbd_desc.o
LOAD startup/startup_stm32f303xc.o
LOAD /home/jim/Ac6/SystemWorkbench/plugins/fr.ac6.mcu.externaltools.arm-none.linux64_1.13.1.201705091103/tools/compiler/bin/../lib/gcc/arm-none-eabi/5.4.1/../../../../arm-none-eabi/lib/armv7e-m/fpu/libm.a
START GROUP
LOAD /home/jim/Ac6/SystemWorkbench/plugins/fr.ac6.mcu.externaltools.arm-none.linux64_1.13.1.201705091103/tools/compiler/bin/../lib/gcc/arm-none-eabi/5.4.1/armv7e-m/fpu/libgcc.a
LOAD /home/jim/Ac6/SystemWorkbench/plugins/fr.ac6.mcu.externaltools.arm-none.linux64_1.13.1.201705091103/tools/compiler/bin/../lib/gcc/arm-none-eabi/5.4.1/../../../../arm-none-eabi/lib/armv7e-m/fpu/libc_nano.a
END GROUP
START GROUP
LOAD /home/jim/Ac6/SystemWorkbench/plugins/fr.ac6.mcu.externaltools.arm-none.linux64_1.13.1.201705091103/tools/compiler/bin/../lib/gcc/arm-none-eabi/5.4.1/armv7e-m/fpu/libgcc.a
LOAD /home/jim/Ac6/SystemWorkbench/plugins/fr.ac6.mcu.externaltools.arm-none.linux64_1.13.1.201705091103/tools/compiler/bin/../lib/gcc/arm-none-eabi/5.4.1/../../../../arm-none-eabi/lib/armv7e-m/fpu/libc_nano.a
LOAD /home/jim/Ac6/SystemWorkbench/plugins/fr.ac6.mcu.externaltools.arm-none.linux64_1.13.1.201705091103/tools/compiler/bin/../lib/gcc/arm-none-eabi/5.4.1/../../../../arm-none-eabi/lib/armv7e-m/fpu/libnosys.a
END GROUP
START GROUP
LOAD /home/jim/Ac6/SystemWorkbench/plugins/fr.ac6.mcu.externaltools.arm-none.linux64_1.13.1.201705091103/tools/compiler/bin/../lib/gcc/arm-none-eabi/5.4.1/armv7e-m/fpu/libgcc.a
LOAD /home/jim/Ac6/SystemWorkbench/plugins/fr.ac6.mcu.externaltools.arm-none.linux64_1.13.1.201705091103/tools/compiler/bin/../lib/gcc/arm-none-eabi/5.4.1/../../../../arm-none-eabi/lib/armv7e-m/fpu/libc_nano.a
LOAD /home/jim/Ac6/SystemWorkbench/plugins/fr.ac6.mcu.externaltools.arm-none.linux64_1.13.1.201705091103/tools/compiler/bin/../lib/gcc/arm-none-eabi/5.4.1/../../../../arm-none-eabi/lib/armv7e-m/fpu/libnosys.a
END GROUP
LOAD /home/jim/Ac6/SystemWorkbench/plugins/fr.ac6.mcu.externaltools.arm-none.linux64_1.13.1.201705091103/tools/compiler/bin/../lib/gcc/arm-none-eabi/5.4.1/armv7e-m/fpu/crtend.o
LOAD /home/jim/Ac6/SystemWorkbench/plugins/fr.ac6.mcu.externaltools.arm-none.linux64_1.13.1.201705091103/tools/compiler/bin/../lib/gcc/arm-none-eabi/5.4.1/armv7e-m/fpu/crtn.o
                0x2000a000                _estack = 0x2000a000
                0x00000200                _Min_Heap_Size = 0x200
                0x00000400                _Min_Stack_Size = 0x400

.isr_vector     0x08000000      0x188
                0x08000000                . = ALIGN (0x4)
 *(.isr_vector)
 .isr_vector    0x08000000      0x188 startup/startup_stm32f303xc.o
                0x08000000                g_pfnVectors
                0x08000188                . = ALIGN (0x4)

.text           0x08000190     0x9274
                0x08000190                . = ALIGN (0x4)
 *(.text)
 .text          0x08000190       0x5c /home/jim/Ac6/SystemWorkbench/plugins/fr.ac6.mcu.externaltools.arm-none.linux64_1.13.1.201705091103/tools/compiler/bin/../lib/gcc/arm-none-eabi/5.4.1/armv7e-m/fpu/crtbegin.o
 .text          0x080001ec      0x370 /home/jim/Ac6/SystemWorkbench/plugins/fr.ac6.mcu.externaltools.arm-none.linux64_1.13.1.201705091103/tools/compiler/bin/../lib/gcc/arm-none-eabi/5.4.1/armv7e-m/fpu/libgcc.a(_arm_addsubdf3.o)
                0x080001ec                __aeabi_drsub
                0x080001f4                __aeabi_dsub
                0x080001f4                __subdf3
                0x080001f8                __adddf3
                0x080001f8                __aeabi_dadd
                0x08000470                __aeabi_ui2d
                0x08000470                __floatunsidf
                0x08000490                __floatsidf
                0x08000490                __aeabi_i2d
                0x080004b4                __extendsfdf2
                0x080004b4                __aeabi_f2d
                0x080004f0                __aeabi_ul2d
                0x080004f0                __floatundidf
                0x08000500                __floatdidf
                0x08000500                __aeabi_l2d
 .text          0x0800055c      0x424 /home/jim/Ac6/SystemWorkbench/plugins/fr.ac6.mcu.externaltools.arm-none.linux64_1.13.1.201705091103/tools/compiler/bin/../lib/gcc/arm-none-eabi/5.4.1/armv7e-m/fpu/libgcc.a(_arm_muldivdf3.o)
                0x0800055c                __aeabi_dmul
                0x0800055c                __muldf3
                0x080007b0                __aeabi_ddiv
                0x080007b0                __divdf3
 .text          0x08000980      0x110 /home/jim/Ac6/SystemWorkbench/plugins/fr.ac6.mcu.externaltools.arm-none.linux64_1.13.1.201705091103/tools/compiler/bin/../lib/gcc/arm-none-eabi/5.4.1/armv7e-m/fpu/libgcc.a(_arm_cmpdf2.o)
                0x08000980                __gtdf2
                0x08000980                __gedf2
                0x08000988                __ltdf2
                0x08000988                __ledf2
                0x08000990                __cmpdf2
                0x08000990                __eqdf2
                0x08000990                __nedf2
                0x08000a0c                __aeabi_cdrcmple
                0x08000a1c                __aeabi_cdcmple
                0x08000a1c                __aeabi_cdcmpeq
                0x08000a2c                __aeabi_dcmpeq
                0x08000a40                __aeabi_dcmplt
                0x08000a54                __aeabi_dcmple
                0x08000a68                __aeabi_dcmpge
                0x08000a7c                __aeabi_dcmpgt
 .text          0x08000a90       0x50 /home/jim/Ac6/SystemWorkbench/plugins/fr.ac6.mcu.externaltools.arm-none.linux64_1.13.1.201705091103/tools/compiler/bin/../lib/gcc/arm-none-eabi/5.4.1/armv7e-m/fpu/libgcc.a(_arm_fixdfsi.o)
                0x08000a90                __fixdfsi
                0x08000a90                __aeabi_d2iz
 .text          0x08000ae0       0xa0 /home/jim/Ac6/SystemWorkbench/plugins/fr.ac6.mcu.externaltools.arm-none.linux64_1.13.1.201705091103/tools/compiler/bin/../lib/gcc/arm-none-eabi/5.4.1/armv7e-m/fpu/libgcc.a(_arm_truncdfsf2.o)
                0x08000ae0                __aeabi_d2f
                0x08000ae0                __truncdfsf2
 .text          0x08000b80       0x10 /home/jim/Ac6/SystemWorkbench/plugins/fr.ac6.mcu.externaltools.arm-none.linux64_1.13.1.201705091103/tools/compiler/bin/../lib/gcc/arm-none-eabi/5.4.1/../../../../arm-none-eabi/lib/armv7e-m/fpu/libc_nano.a(lib_a-strlen.o)
                0x08000b80                strlen
 .text          0x08000b90       0xa0 /home/jim/Ac6/SystemWorkbench/plugins/fr.ac6.mcu.externaltools.arm-none.linux64_1.13.1.201705091103/tools/compiler/bin/../lib/gcc/arm-none-eabi/5.4.1/../../../../arm-none-eabi/lib/armv7e-m/fpu/libc_nano.a(lib_a-memchr.o)
                0x08000b90                memchr
 .text          0x08000c30       0x2c /home/jim/Ac6/SystemWorkbench/plugins/fr.ac6.mcu.externaltools.arm-none.linux64_1.13.1.201705091103/tools/compiler/bin/../lib/gcc/arm-none-eabi/5.4.1/armv7e-m/fpu/libgcc.a(_arm_unorddf2.o)
                0x08000c30                __aeabi_dcmpun
                0x08000c30                __unorddf2
 *(.text*)
 .text.HAL_InitTick
                0x08000c5c       0x28 Drivers/STM32F3xx_HAL_Driver/Src/stm32f3xx_hal.o
                0x08000c5c                HAL_InitTick
 .text.HAL_Init
                0x08000c84       0x24 Drivers/STM32F3xx_HAL_Driver/Src/stm32f3xx_hal.o
                0x08000c84                HAL_Init
 .text.HAL_IncTick
                0x08000ca8       0x10 Drivers/STM32F3xx_HAL_Driver/Src/stm32f3xx_hal.o
                0x08000ca8                HAL_IncTick
 .text.HAL_GetTick
                0x08000cb8        0xc Drivers/STM32F3xx_HAL_Driver/Src/stm32f3xx_hal.o
                0x08000cb8                HAL_GetTick
 .text.HAL_Delay
                0x08000cc4       0x1a Drivers/STM32F3xx_HAL_Driver/Src/stm32f3xx_hal.o
                0x08000cc4                HAL_Delay
 *fill*         0x08000cde        0x2 
 .text.HAL_NVIC_SetPriorityGrouping
                0x08000ce0       0x24 Drivers/STM32F3xx_HAL_Driver/Src/stm32f3xx_hal_cortex.o
                0x08000ce0                HAL_NVIC_SetPriorityGrouping
 .text.HAL_NVIC_SetPriority
                0x08000d04       0x68 Drivers/STM32F3xx_HAL_Driver/Src/stm32f3xx_hal_cortex.o
                0x08000d04                HAL_NVIC_SetPriority
 .text.HAL_NVIC_EnableIRQ
                0x08000d6c       0x18 Drivers/STM32F3xx_HAL_Driver/Src/stm32f3xx_hal_cortex.o
                0x08000d6c                HAL_NVIC_EnableIRQ
 .text.HAL_SYSTICK_Config
                0x08000d84       0x2c Drivers/STM32F3xx_HAL_Driver/Src/stm32f3xx_hal_cortex.o
                0x08000d84                HAL_SYSTICK_Config
 .text.HAL_SYSTICK_CLKSourceConfig
                0x08000db0       0x18 Drivers/STM32F3xx_HAL_Driver/Src/stm32f3xx_hal_cortex.o
                0x08000db0                HAL_SYSTICK_CLKSourceConfig
 .text.HAL_SYSTICK_Callback
                0x08000dc8        0x2 Drivers/STM32F3xx_HAL_Driver/Src/stm32f3xx_hal_cortex.o
                0x08000dc8                HAL_SYSTICK_Callback
 .text.HAL_SYSTICK_IRQHandler
                0x08000dca        0x8 Drivers/STM32F3xx_HAL_Driver/Src/stm32f3xx_hal_cortex.o
                0x08000dca                HAL_SYSTICK_IRQHandler
 *fill*         0x08000dd2        0x2 
 .text.HAL_GPIO_Init
                0x08000dd4      0x194 Drivers/STM32F3xx_HAL_Driver/Src/stm32f3xx_hal_gpio.o
                0x08000dd4                HAL_GPIO_Init
 .text.HAL_GPIO_ReadPin
                0x08000f68        0xc Drivers/STM32F3xx_HAL_Driver/Src/stm32f3xx_hal_gpio.o
                0x08000f68                HAL_GPIO_ReadPin
 .text.HAL_GPIO_WritePin
                0x08000f74        0xa Drivers/STM32F3xx_HAL_Driver/Src/stm32f3xx_hal_gpio.o
                0x08000f74                HAL_GPIO_WritePin
 .text.HAL_PCD_Init
                0x08000f7e       0xaa Drivers/STM32F3xx_HAL_Driver/Src/stm32f3xx_hal_pcd.o
                0x08000f7e                HAL_PCD_Init
 .text.HAL_PCD_Start
                0x08001028        0xc Drivers/STM32F3xx_HAL_Driver/Src/stm32f3xx_hal_pcd.o
                0x08001028                HAL_PCD_Start
 .text.HAL_PCD_SetAddress
                0x08001034       0x2c Drivers/STM32F3xx_HAL_Driver/Src/stm32f3xx_hal_pcd.o
                0x08001034                HAL_PCD_SetAddress
 .text.HAL_PCD_EP_Open
                0x08001060      0x338 Drivers/STM32F3xx_HAL_Driver/Src/stm32f3xx_hal_pcd.o
                0x08001060                HAL_PCD_EP_Open
 .text.HAL_PCD_EP_Close
                0x08001398      0x1b0 Drivers/STM32F3xx_HAL_Driver/Src/stm32f3xx_hal_pcd.o
                0x08001398                HAL_PCD_EP_Close
 .text.HAL_PCD_EP_Receive
                0x08001548       0xfa Drivers/STM32F3xx_HAL_Driver/Src/stm32f3xx_hal_pcd.o
                0x08001548                HAL_PCD_EP_Receive
 .text.HAL_PCD_EP_GetRxCount
                0x08001642       0x10 Drivers/STM32F3xx_HAL_Driver/Src/stm32f3xx_hal_pcd.o
                0x08001642                HAL_PCD_EP_GetRxCount
 .text.HAL_PCD_EP_Transmit
                0x08001652      0x10a Drivers/STM32F3xx_HAL_Driver/Src/stm32f3xx_hal_pcd.o
                0x08001652                HAL_PCD_EP_Transmit
 .text.HAL_PCD_IRQHandler
                0x0800175c      0x4ba Drivers/STM32F3xx_HAL_Driver/Src/stm32f3xx_hal_pcd.o
                0x0800175c                HAL_PCD_IRQHandler
 .text.HAL_PCD_EP_SetStall
                0x08001c16       0xa0 Drivers/STM32F3xx_HAL_Driver/Src/stm32f3xx_hal_pcd.o
                0x08001c16                HAL_PCD_EP_SetStall
 .text.HAL_PCD_EP_ClrStall
                0x08001cb6       0xc8 Drivers/STM32F3xx_HAL_Driver/Src/stm32f3xx_hal_pcd.o
                0x08001cb6                HAL_PCD_EP_ClrStall
 .text.HAL_PCDEx_PMAConfig
                0x08001d7e       0x36 Drivers/STM32F3xx_HAL_Driver/Src/stm32f3xx_hal_pcd_ex.o
                0x08001d7e                HAL_PCDEx_PMAConfig
 .text.PCD_WritePMA
                0x08001db4       0x22 Drivers/STM32F3xx_HAL_Driver/Src/stm32f3xx_hal_pcd_ex.o
                0x08001db4                PCD_WritePMA
 .text.PCD_ReadPMA
                0x08001dd6       0x22 Drivers/STM32F3xx_HAL_Driver/Src/stm32f3xx_hal_pcd_ex.o
                0x08001dd6                PCD_ReadPMA
 .text.HAL_RCC_OscConfig
                0x08001df8      0x4cc Drivers/STM32F3xx_HAL_Driver/Src/stm32f3xx_hal_rcc.o
                0x08001df8                HAL_RCC_OscConfig
 .text.HAL_RCC_GetSysClockFreq
                0x080022c4       0x64 Drivers/STM32F3xx_HAL_Driver/Src/stm32f3xx_hal_rcc.o
                0x080022c4                HAL_RCC_GetSysClockFreq
 .text.HAL_RCC_ClockConfig
                0x08002328      0x164 Drivers/STM32F3xx_HAL_Driver/Src/stm32f3xx_hal_rcc.o
                0x08002328                HAL_RCC_ClockConfig
 .text.HAL_RCC_GetHCLKFreq
                0x0800248c        0xc Drivers/STM32F3xx_HAL_Driver/Src/stm32f3xx_hal_rcc.o
                0x0800248c                HAL_RCC_GetHCLKFreq
 .text.HAL_RCCEx_PeriphCLKConfig
                0x08002498      0x204 Drivers/STM32F3xx_HAL_Driver/Src/stm32f3xx_hal_rcc_ex.o
                0x08002498                HAL_RCCEx_PeriphCLKConfig
 .text.SPI_WaitFlagStateUntilTimeout.part.1
                0x0800269c       0x52 Drivers/STM32F3xx_HAL_Driver/Src/stm32f3xx_hal_spi.o
 .text.SPI_WaitFifoStateUntilTimeout
                0x080026ee       0x54 Drivers/STM32F3xx_HAL_Driver/Src/stm32f3xx_hal_spi.o
 .text.SPI_WaitFlagStateUntilTimeout
                0x08002742       0x40 Drivers/STM32F3xx_HAL_Driver/Src/stm32f3xx_hal_spi.o
 .text.SPI_EndRxTxTransaction
                0x08002782       0x2e Drivers/STM32F3xx_HAL_Driver/Src/stm32f3xx_hal_spi.o
 .text.SPI_EndRxTransaction
                0x080027b0       0x6a Drivers/STM32F3xx_HAL_Driver/Src/stm32f3xx_hal_spi.o
 .text.HAL_SPI_Init
                0x0800281a       0xb2 Drivers/STM32F3xx_HAL_Driver/Src/stm32f3xx_hal_spi.o
                0x0800281a                HAL_SPI_Init
 .text.HAL_SPI_Transmit
                0x080028cc      0x176 Drivers/STM32F3xx_HAL_Driver/Src/stm32f3xx_hal_spi.o
                0x080028cc                HAL_SPI_Transmit
 .text.HAL_SPI_TransmitReceive
                0x08002a42      0x2d6 Drivers/STM32F3xx_HAL_Driver/Src/stm32f3xx_hal_spi.o
                0x08002a42                HAL_SPI_TransmitReceive
 .text.HAL_SPI_Receive
                0x08002d18      0x224 Drivers/STM32F3xx_HAL_Driver/Src/stm32f3xx_hal_spi.o
                0x08002d18                HAL_SPI_Receive
 .text.HAL_TIM_PWM_MspInit
                0x08002f3c        0x2 Drivers/STM32F3xx_HAL_Driver/Src/stm32f3xx_hal_tim.o
                0x08002f3c                HAL_TIM_PWM_MspInit
 *fill*         0x08002f3e        0x2 
 .text.TIM_Base_SetConfig
                0x08002f40       0xb4 Drivers/STM32F3xx_HAL_Driver/Src/stm32f3xx_hal_tim.o
                0x08002f40                TIM_Base_SetConfig
 .text.HAL_TIM_Base_Init
                0x08002ff4       0x34 Drivers/STM32F3xx_HAL_Driver/Src/stm32f3xx_hal_tim.o
                0x08002ff4                HAL_TIM_Base_Init
 .text.HAL_TIM_PWM_Init
                0x08003028       0x34 Drivers/STM32F3xx_HAL_Driver/Src/stm32f3xx_hal_tim.o
                0x08003028                HAL_TIM_PWM_Init
 .text.TIM_OC1_SetConfig
                0x0800305c       0x98 Drivers/STM32F3xx_HAL_Driver/Src/stm32f3xx_hal_tim.o
                0x0800305c                TIM_OC1_SetConfig
 .text.TIM_OC2_SetConfig
                0x080030f4       0x8c Drivers/STM32F3xx_HAL_Driver/Src/stm32f3xx_hal_tim.o
                0x080030f4                TIM_OC2_SetConfig
 .text.TIM_OC3_SetConfig
                0x08003180       0x8c Drivers/STM32F3xx_HAL_Driver/Src/stm32f3xx_hal_tim.o
                0x08003180                TIM_OC3_SetConfig
 .text.TIM_OC4_SetConfig
                0x0800320c       0x68 Drivers/STM32F3xx_HAL_Driver/Src/stm32f3xx_hal_tim.o
                0x0800320c                TIM_OC4_SetConfig
 .text.TIM_ETR_SetConfig
                0x08003274       0x14 Drivers/STM32F3xx_HAL_Driver/Src/stm32f3xx_hal_tim.o
                0x08003274                TIM_ETR_SetConfig
 .text.HAL_TIM_ConfigClockSource
                0x08003288      0x170 Drivers/STM32F3xx_HAL_Driver/Src/stm32f3xx_hal_tim.o
                0x08003288                HAL_TIM_ConfigClockSource
 .text.TIM_CCxChannelCmd
                0x080033f8       0x1a Drivers/STM32F3xx_HAL_Driver/Src/stm32f3xx_hal_tim.o
                0x080033f8                TIM_CCxChannelCmd
 *fill*         0x08003412        0x2 
 .text.HAL_TIM_PWM_Start
                0x08003414       0x4c Drivers/STM32F3xx_HAL_Driver/Src/stm32f3xx_hal_tim.o
                0x08003414                HAL_TIM_PWM_Start
 .text.TIM_OC5_SetConfig
                0x08003460       0x68 Drivers/STM32F3xx_HAL_Driver/Src/stm32f3xx_hal_tim_ex.o
 .text.TIM_OC6_SetConfig
                0x080034c8       0x68 Drivers/STM32F3xx_HAL_Driver/Src/stm32f3xx_hal_tim_ex.o
 .text.HAL_TIM_PWM_ConfigChannel
                0x08003530      0x10c Drivers/STM32F3xx_HAL_Driver/Src/stm32f3xx_hal_tim_ex.o
                0x08003530                HAL_TIM_PWM_ConfigChannel
 .text.HAL_TIMEx_MasterConfigSynchronization
                0x0800363c       0x4c Drivers/STM32F3xx_HAL_Driver/Src/stm32f3xx_hal_tim_ex.o
                0x0800363c                HAL_TIMEx_MasterConfigSynchronization
 .text.HAL_TIMEx_ConfigBreakDeadTime
                0x08003688       0x84 Drivers/STM32F3xx_HAL_Driver/Src/stm32f3xx_hal_tim_ex.o
                0x08003688                HAL_TIMEx_ConfigBreakDeadTime
 .text.USBD_CDC_DataIn
                0x0800370c       0x12 Middlewares/ST/STM32_USB_Device_Library/Class/CDC/Src/usbd_cdc.o
 .text.USBD_CDC_EP0_RxReady
                0x0800371e       0x28 Middlewares/ST/STM32_USB_Device_Library/Class/CDC/Src/usbd_cdc.o
 *fill*         0x08003746        0x2 
 .text.USBD_CDC_GetFSCfgDesc
                0x08003748        0xc Middlewares/ST/STM32_USB_Device_Library/Class/CDC/Src/usbd_cdc.o
 .text.USBD_CDC_GetHSCfgDesc
                0x08003754        0xc Middlewares/ST/STM32_USB_Device_Library/Class/CDC/Src/usbd_cdc.o
 .text.USBD_CDC_GetOtherSpeedCfgDesc
                0x08003760        0xc Middlewares/ST/STM32_USB_Device_Library/Class/CDC/Src/usbd_cdc.o
 .text.USBD_CDC_GetDeviceQualifierDescriptor
                0x0800376c        0xc Middlewares/ST/STM32_USB_Device_Library/Class/CDC/Src/usbd_cdc.o
                0x0800376c                USBD_CDC_GetDeviceQualifierDescriptor
 .text.USBD_CDC_DataOut
                0x08003778       0x2e Middlewares/ST/STM32_USB_Device_Library/Class/CDC/Src/usbd_cdc.o
 *fill*         0x080037a6        0x2 
 .text.USBD_CDC_Setup
                0x080037a8       0x6c Middlewares/ST/STM32_USB_Device_Library/Class/CDC/Src/usbd_cdc.o
 .text.USBD_CDC_DeInit
                0x08003814       0x3a Middlewares/ST/STM32_USB_Device_Library/Class/CDC/Src/usbd_cdc.o
 .text.USBD_CDC_Init
                0x0800384e       0x8c Middlewares/ST/STM32_USB_Device_Library/Class/CDC/Src/usbd_cdc.o
 .text.USBD_CDC_RegisterInterface
                0x080038da        0xe Middlewares/ST/STM32_USB_Device_Library/Class/CDC/Src/usbd_cdc.o
                0x080038da                USBD_CDC_RegisterInterface
 .text.USBD_CDC_SetTxBuffer
                0x080038e8       0x10 Middlewares/ST/STM32_USB_Device_Library/Class/CDC/Src/usbd_cdc.o
                0x080038e8                USBD_CDC_SetTxBuffer
 .text.USBD_CDC_SetRxBuffer
                0x080038f8        0xc Middlewares/ST/STM32_USB_Device_Library/Class/CDC/Src/usbd_cdc.o
                0x080038f8                USBD_CDC_SetRxBuffer
 .text.USBD_CDC_TransmitPacket
                0x08003904       0x2e Middlewares/ST/STM32_USB_Device_Library/Class/CDC/Src/usbd_cdc.o
                0x08003904                USBD_CDC_TransmitPacket
 .text.USBD_CDC_ReceivePacket
                0x08003932       0x26 Middlewares/ST/STM32_USB_Device_Library/Class/CDC/Src/usbd_cdc.o
                0x08003932                USBD_CDC_ReceivePacket
 .text.USBD_Init
                0x08003958       0x2a Middlewares/ST/STM32_USB_Device_Library/Core/Src/usbd_core.o
                0x08003958                USBD_Init
 .text.USBD_RegisterClass
                0x08003982        0xe Middlewares/ST/STM32_USB_Device_Library/Core/Src/usbd_core.o
                0x08003982                USBD_RegisterClass
 .text.USBD_Start
                0x08003990        0xa Middlewares/ST/STM32_USB_Device_Library/Core/Src/usbd_core.o
                0x08003990                USBD_Start
 .text.USBD_SetClassConfig
                0x0800399a       0x16 Middlewares/ST/STM32_USB_Device_Library/Core/Src/usbd_core.o
                0x0800399a                USBD_SetClassConfig
 .text.USBD_ClrClassConfig
                0x080039b0        0xe Middlewares/ST/STM32_USB_Device_Library/Core/Src/usbd_core.o
                0x080039b0                USBD_ClrClassConfig
 .text.USBD_LL_SetupStage
                0x080039be       0x5a Middlewares/ST/STM32_USB_Device_Library/Core/Src/usbd_core.o
                0x080039be                USBD_LL_SetupStage
 .text.USBD_LL_DataOutStage
                0x08003a18       0x62 Middlewares/ST/STM32_USB_Device_Library/Core/Src/usbd_core.o
                0x08003a18                USBD_LL_DataOutStage
 .text.USBD_LL_DataInStage
                0x08003a7a       0x9c Middlewares/ST/STM32_USB_Device_Library/Core/Src/usbd_core.o
                0x08003a7a                USBD_LL_DataInStage
 .text.USBD_LL_Reset
                0x08003b16       0x3e Middlewares/ST/STM32_USB_Device_Library/Core/Src/usbd_core.o
                0x08003b16                USBD_LL_Reset
 .text.USBD_LL_SetSpeed
                0x08003b54        0x6 Middlewares/ST/STM32_USB_Device_Library/Core/Src/usbd_core.o
                0x08003b54                USBD_LL_SetSpeed
 .text.USBD_LL_Suspend
                0x08003b5a       0x12 Middlewares/ST/STM32_USB_Device_Library/Core/Src/usbd_core.o
                0x08003b5a                USBD_LL_Suspend
 .text.USBD_LL_Resume
                0x08003b6c        0xc Middlewares/ST/STM32_USB_Device_Library/Core/Src/usbd_core.o
                0x08003b6c                USBD_LL_Resume
 .text.USBD_LL_SOF
                0x08003b78       0x18 Middlewares/ST/STM32_USB_Device_Library/Core/Src/usbd_core.o
                0x08003b78                USBD_LL_SOF
 .text.USBD_ParseSetupRequest
                0x08003b90       0x28 Middlewares/ST/STM32_USB_Device_Library/Core/Src/usbd_ctlreq.o
                0x08003b90                USBD_ParseSetupRequest
 .text.USBD_CtlError
                0x08003bb8       0x16 Middlewares/ST/STM32_USB_Device_Library/Core/Src/usbd_ctlreq.o
                0x08003bb8                USBD_CtlError
 *fill*         0x08003bce        0x2 
 .text.USBD_StdDevReq
                0x08003bd0      0x214 Middlewares/ST/STM32_USB_Device_Library/Core/Src/usbd_ctlreq.o
                0x08003bd0                USBD_StdDevReq
 .text.USBD_StdItfReq
                0x08003de4       0x30 Middlewares/ST/STM32_USB_Device_Library/Core/Src/usbd_ctlreq.o
                0x08003de4                USBD_StdItfReq
 .text.USBD_StdEPReq
                0x08003e14       0xc6 Middlewares/ST/STM32_USB_Device_Library/Core/Src/usbd_ctlreq.o
                0x08003e14                USBD_StdEPReq
 .text.USBD_GetString
                0x08003eda       0x38 Middlewares/ST/STM32_USB_Device_Library/Core/Src/usbd_ctlreq.o
                0x08003eda                USBD_GetString
 .text.USBD_CtlSendData
                0x08003f12       0x1a Middlewares/ST/STM32_USB_Device_Library/Core/Src/usbd_ioreq.o
                0x08003f12                USBD_CtlSendData
 .text.USBD_CtlContinueSendData
                0x08003f2c       0x10 Middlewares/ST/STM32_USB_Device_Library/Core/Src/usbd_ioreq.o
                0x08003f2c                USBD_CtlContinueSendData
 .text.USBD_CtlPrepareRx
                0x08003f3c       0x1e Middlewares/ST/STM32_USB_Device_Library/Core/Src/usbd_ioreq.o
                0x08003f3c                USBD_CtlPrepareRx
 .text.USBD_CtlContinueRx
                0x08003f5a       0x10 Middlewares/ST/STM32_USB_Device_Library/Core/Src/usbd_ioreq.o
                0x08003f5a                USBD_CtlContinueRx
 .text.USBD_CtlSendStatus
                0x08003f6a       0x16 Middlewares/ST/STM32_USB_Device_Library/Core/Src/usbd_ioreq.o
                0x08003f6a                USBD_CtlSendStatus
 .text.USBD_CtlReceiveStatus
                0x08003f80       0x16 Middlewares/ST/STM32_USB_Device_Library/Core/Src/usbd_ioreq.o
                0x08003f80                USBD_CtlReceiveStatus
 *fill*         0x08003f96        0x2 
 .text.backslashNfixer
                0x08003f98       0x34 Src/TextOut.o
                0x08003f98                backslashNfixer
 .text.TextOut  0x08003fcc       0x24 Src/TextOut.o
                0x08003fcc                TextOut
 .text.csLow    0x08003ff0        0xc Src/commsfpga.o
                0x08003ff0                csLow
 .text.csHigh   0x08003ffc        0xc Src/commsfpga.o
                0x08003ffc                csHigh
 .text.reverseByte
                0x08004008       0x3e Src/commsfpga.o
                0x08004008                reverseByte
 *fill*         0x08004046        0x2 
 .text.sendReceivePacket
                0x08004048      0x238 Src/commsfpga.o
                0x08004048                sendReceivePacket
 .text.MX_GPIO_Init
                0x08004280      0x138 Src/gpio.o
                0x08004280                MX_GPIO_Init
 .text.SystemClock_Config
                0x080043b8       0x8a Src/main.o
                0x080043b8                SystemClock_Config
 *fill*         0x08004442        0x2 
 .text.shoot    0x08004444       0x5c Src/main.o
                0x08004444                shoot
 .text.startup.main
                0x080044a0      0x39c Src/main.o
                0x080044a0                main
 .text.Error_Handler
                0x0800483c        0x2 Src/main.o
                0x0800483c                Error_Handler
 *fill*         0x0800483e        0x2 
 .text.fun      0x08004840       0x9c Src/myNRF24.o
                0x08004840                fun
 .text.nssHigh  0x080048dc       0x20 Src/myNRF24.o
                0x080048dc                nssHigh
 .text.nssLow   0x080048fc       0x20 Src/myNRF24.o
                0x080048fc                nssLow
 .text.writeRegMulti.part.4
                0x0800491c       0x46 Src/myNRF24.o
 .text.readReg.part.5
                0x08004962       0x36 Src/myNRF24.o
 .text.ceHigh   0x08004998       0x1c Src/myNRF24.o
                0x08004998                ceHigh
 .text.ceLow    0x080049b4       0x1c Src/myNRF24.o
                0x080049b4                ceLow
 .text.irqRead  0x080049d0       0x28 Src/myNRF24.o
                0x080049d0                irqRead
 .text.writeReg
                0x080049f8       0x70 Src/myNRF24.o
                0x080049f8                writeReg
 .text.setRXbufferSize.part.8
                0x08004a68       0x3a Src/myNRF24.o
 *fill*         0x08004aa2        0x2 
 .text.writeRegMulti
                0x08004aa4       0x30 Src/myNRF24.o
                0x08004aa4                writeRegMulti
 .text.readReg  0x08004ad4       0x1c Src/myNRF24.o
                0x08004ad4                readReg
 .text.readRegMulti
                0x08004af0       0x48 Src/myNRF24.o
                0x08004af0                readRegMulti
 .text.reset    0x08004b38      0x130 Src/myNRF24.o
                0x08004b38                reset
 .text.setFreqChannel
                0x08004c68       0x18 Src/myNRF24.o
                0x08004c68                setFreqChannel
 .text.setDataPipeArray
                0x08004c80       0x38 Src/myNRF24.o
                0x08004c80                setDataPipeArray
 .text.RXinterrupts
                0x08004cb8       0x1e Src/myNRF24.o
                0x08004cb8                RXinterrupts
 .text.flushTX  0x08004cd6       0x24 Src/myNRF24.o
                0x08004cd6                flushTX
 .text.flushRX  0x08004cfa       0x24 Src/myNRF24.o
                0x08004cfa                flushRX
 .text.NRFinit  0x08004d1e       0x22 Src/myNRF24.o
                0x08004d1e                NRFinit
 .text.powerUpRX
                0x08004d40       0x2a Src/myNRF24.o
                0x08004d40                powerUpRX
 .text.readData
                0x08004d6a       0x34 Src/myNRF24.o
                0x08004d6a                readData
 .text.setLowSpeed
                0x08004d9e       0x1e Src/myNRF24.o
                0x08004d9e                setLowSpeed
 .text.enableAutoRetransmitSlow
                0x08004dbc        0x8 Src/myNRF24.o
                0x08004dbc                enableAutoRetransmitSlow
 .text.printAllRegisters
                0x08004dc4       0xac Src/myNRF24.o
                0x08004dc4                printAllRegisters
 .text.initRobo
                0x08004e70       0x7c Src/myNRF24.o
                0x08004e70                initRobo
 .text.roboCallback
                0x08004eec       0xda Src/myNRF24.o
                0x08004eec                roboCallback
 *fill*         0x08004fc6        0x2 
 .text.printDataStruct
                0x08004fc8      0x150 Src/myNRF24.o
                0x08004fc8                printDataStruct
 .text.splitVector
                0x08005118       0x94 Src/speedcalc.o
                0x08005118                splitVector
 .text.calcFPGAFromRPS
                0x080051ac       0x38 Src/speedcalc.o
                0x080051ac                calcFPGAFromRPS
 *fill*         0x080051e4        0x4 
 .text.calcMotorRaw
                0x080051e8      0x460 Src/speedcalc.o
                0x080051e8                calcMotorRaw
 .text.calcMotorSpeed
                0x08005648       0x44 Src/speedcalc.o
                0x08005648                calcMotorSpeed
 .text.MX_SPI1_Init
                0x0800568c       0x50 Src/spi.o
                0x0800568c                MX_SPI1_Init
 .text.MX_SPI3_Init
                0x080056dc       0x50 Src/spi.o
                0x080056dc                MX_SPI3_Init
 .text.HAL_SPI_MspInit
                0x0800572c       0x9c Src/spi.o
                0x0800572c                HAL_SPI_MspInit
 .text.HAL_MspInit
                0x080057c8       0x7c Src/stm32f3xx_hal_msp.o
                0x080057c8                HAL_MspInit
 .text.SysTick_Handler
                0x08005844        0xe Src/stm32f3xx_it.o
                0x08005844                SysTick_Handler
 *fill*         0x08005852        0x2 
 .text.USB_LP_CAN_RX0_IRQHandler
                0x08005854        0xc Src/stm32f3xx_it.o
                0x08005854                USB_LP_CAN_RX0_IRQHandler
 .text.SystemInit
                0x08005860       0x68 Src/system_stm32f3xx.o
                0x08005860                SystemInit
 .text.HAL_TIM_Base_MspInit
                0x080058c8       0x48 Src/tim.o
                0x080058c8                HAL_TIM_Base_MspInit
 .text.HAL_TIM_MspPostInit
                0x08005910       0x48 Src/tim.o
                0x08005910                HAL_TIM_MspPostInit
 .text.MX_TIM1_Init
                0x08005958       0xc0 Src/tim.o
                0x08005958                MX_TIM1_Init
 .text.MX_TIM2_Init
                0x08005a18       0x84 Src/tim.o
                0x08005a18                MX_TIM2_Init
 .text.MX_USB_DEVICE_Init
                0x08005a9c       0x38 Src/usb_device.o
                0x08005a9c                MX_USB_DEVICE_Init
 .text.CDC_DeInit_FS
                0x08005ad4        0x4 Src/usbd_cdc_if.o
 .text.CDC_Control_FS
                0x08005ad8        0x4 Src/usbd_cdc_if.o
 .text.CDC_Receive_FS
                0x08005adc       0x3c Src/usbd_cdc_if.o
 .text.CDC_Init_FS
                0x08005b18       0x28 Src/usbd_cdc_if.o
 .text.CDC_Transmit_FS
                0x08005b40       0x2c Src/usbd_cdc_if.o
                0x08005b40                CDC_Transmit_FS
 .text.HAL_PCD_MspInit
                0x08005b6c       0x5c Src/usbd_conf.o
                0x08005b6c                HAL_PCD_MspInit
 .text.HAL_PCD_SetupStageCallback
                0x08005bc8        0xc Src/usbd_conf.o
                0x08005bc8                HAL_PCD_SetupStageCallback
 .text.HAL_PCD_DataOutStageCallback
                0x08005bd4       0x12 Src/usbd_conf.o
                0x08005bd4                HAL_PCD_DataOutStageCallback
 .text.HAL_PCD_DataInStageCallback
                0x08005be6       0x10 Src/usbd_conf.o
                0x08005be6                HAL_PCD_DataInStageCallback
 .text.HAL_PCD_SOFCallback
                0x08005bf6        0x8 Src/usbd_conf.o
                0x08005bf6                HAL_PCD_SOFCallback
 .text.HAL_PCD_ResetCallback
                0x08005bfe       0x1a Src/usbd_conf.o
                0x08005bfe                HAL_PCD_ResetCallback
 .text.HAL_PCD_SuspendCallback
                0x08005c18       0x20 Src/usbd_conf.o
                0x08005c18                HAL_PCD_SuspendCallback
 .text.HAL_PCD_ResumeCallback
                0x08005c38        0x8 Src/usbd_conf.o
                0x08005c38                HAL_PCD_ResumeCallback
 .text.USBD_LL_Init
                0x08005c40       0x84 Src/usbd_conf.o
                0x08005c40                USBD_LL_Init
 .text.USBD_LL_Start
                0x08005cc4        0xe Src/usbd_conf.o
                0x08005cc4                USBD_LL_Start
 .text.USBD_LL_OpenEP
                0x08005cd2       0x14 Src/usbd_conf.o
                0x08005cd2                USBD_LL_OpenEP
 .text.USBD_LL_CloseEP
                0x08005ce6        0xe Src/usbd_conf.o
                0x08005ce6                USBD_LL_CloseEP
 .text.USBD_LL_StallEP
                0x08005cf4        0xe Src/usbd_conf.o
                0x08005cf4                USBD_LL_StallEP
 .text.USBD_LL_ClearStallEP
                0x08005d02        0xe Src/usbd_conf.o
                0x08005d02                USBD_LL_ClearStallEP
 .text.USBD_LL_IsStallEP
                0x08005d10       0x26 Src/usbd_conf.o
                0x08005d10                USBD_LL_IsStallEP
 .text.USBD_LL_SetUSBAddress
                0x08005d36        0xe Src/usbd_conf.o
                0x08005d36                USBD_LL_SetUSBAddress
 .text.USBD_LL_Transmit
                0x08005d44        0xe Src/usbd_conf.o
                0x08005d44                USBD_LL_Transmit
 .text.USBD_LL_PrepareReceive
                0x08005d52        0xe Src/usbd_conf.o
                0x08005d52                USBD_LL_PrepareReceive
 .text.USBD_LL_GetRxDataSize
                0x08005d60        0xc Src/usbd_conf.o
                0x08005d60                USBD_LL_GetRxDataSize
 .text.USBD_static_malloc
                0x08005d6c        0x8 Src/usbd_conf.o
                0x08005d6c                USBD_static_malloc
 .text.USBD_static_free
                0x08005d74        0x2 Src/usbd_conf.o
                0x08005d74                USBD_static_free
 .text.HAL_PCDEx_SetConnectionState
                0x08005d76        0x2 Src/usbd_conf.o
                0x08005d76                HAL_PCDEx_SetConnectionState
 .text.USBD_FS_DeviceDescriptor
                0x08005d78        0xc Src/usbd_desc.o
                0x08005d78                USBD_FS_DeviceDescriptor
 .text.USBD_FS_LangIDStrDescriptor
                0x08005d84        0xc Src/usbd_desc.o
                0x08005d84                USBD_FS_LangIDStrDescriptor
 .text.USBD_FS_ManufacturerStrDescriptor
                0x08005d90       0x1c Src/usbd_desc.o
                0x08005d90                USBD_FS_ManufacturerStrDescriptor
 .text.USBD_FS_ProductStrDescriptor
                0x08005dac       0x1c Src/usbd_desc.o
                0x08005dac                USBD_FS_ProductStrDescriptor
 .text.USBD_FS_SerialStrDescriptor
                0x08005dc8       0x1c Src/usbd_desc.o
                0x08005dc8                USBD_FS_SerialStrDescriptor
 .text.USBD_FS_ConfigStrDescriptor
                0x08005de4       0x1c Src/usbd_desc.o
                0x08005de4                USBD_FS_ConfigStrDescriptor
 .text.USBD_FS_InterfaceStrDescriptor
                0x08005e00       0x1c Src/usbd_desc.o
                0x08005e00                USBD_FS_InterfaceStrDescriptor
 .text.Reset_Handler
                0x08005e1c       0x50 startup/startup_stm32f303xc.o
                0x08005e1c                Reset_Handler
 .text.Default_Handler
                0x08005e6c        0x2 startup/startup_stm32f303xc.o
                0x08005e6c                RTC_Alarm_IRQHandler
                0x08005e6c                TIM8_TRG_COM_IRQHandler
                0x08005e6c                TIM8_CC_IRQHandler
                0x08005e6c                DebugMon_Handler
                0x08005e6c                TIM1_CC_IRQHandler
                0x08005e6c                HardFault_Handler
                0x08005e6c                USB_HP_IRQHandler
                0x08005e6c                PVD_IRQHandler
                0x08005e6c                TAMP_STAMP_IRQHandler
                0x08005e6c                PendSV_Handler
                0x08005e6c                NMI_Handler
                0x08005e6c                EXTI3_IRQHandler
                0x08005e6c                USB_HP_CAN_TX_IRQHandler
                0x08005e6c                EXTI0_IRQHandler
                0x08005e6c                I2C2_EV_IRQHandler
                0x08005e6c                FPU_IRQHandler
                0x08005e6c                TIM1_UP_TIM16_IRQHandler
                0x08005e6c                UsageFault_Handler
                0x08005e6c                ADC1_2_IRQHandler
                0x08005e6c                SPI1_IRQHandler
                0x08005e6c                CAN_SCE_IRQHandler
                0x08005e6c                TIM6_DAC_IRQHandler
                0x08005e6c                TIM8_UP_IRQHandler
                0x08005e6c                DMA2_Channel2_IRQHandler
                0x08005e6c                DMA1_Channel4_IRQHandler
                0x08005e6c                USART3_IRQHandler
                0x08005e6c                DMA1_Channel7_IRQHandler
                0x08005e6c                UART5_IRQHandler
                0x08005e6c                ADC3_IRQHandler
                0x08005e6c                TIM4_IRQHandler
                0x08005e6c                CAN_RX1_IRQHandler
                0x08005e6c                DMA2_Channel1_IRQHandler
                0x08005e6c                I2C1_EV_IRQHandler
                0x08005e6c                DMA1_Channel6_IRQHandler
                0x08005e6c                UART4_IRQHandler
                0x08005e6c                DMA2_Channel4_IRQHandler
                0x08005e6c                TIM3_IRQHandler
                0x08005e6c                RCC_IRQHandler
                0x08005e6c                DMA1_Channel1_IRQHandler
                0x08005e6c                Default_Handler
                0x08005e6c                USBWakeUp_RMP_IRQHandler
                0x08005e6c                EXTI15_10_IRQHandler
                0x08005e6c                TIM7_IRQHandler
                0x08005e6c                EXTI9_5_IRQHandler
                0x08005e6c                RTC_WKUP_IRQHandler
                0x08005e6c                SPI2_IRQHandler
                0x08005e6c                MemManage_Handler
                0x08005e6c                SVC_Handler
                0x08005e6c                DMA2_Channel5_IRQHandler
                0x08005e6c                DMA1_Channel5_IRQHandler
                0x08005e6c                USB_LP_IRQHandler
                0x08005e6c                EXTI4_IRQHandler
                0x08005e6c                TIM1_TRG_COM_TIM17_IRQHandler
                0x08005e6c                DMA1_Channel3_IRQHandler
                0x08005e6c                ADC4_IRQHandler
                0x08005e6c                WWDG_IRQHandler
                0x08005e6c                TIM2_IRQHandler
                0x08005e6c                COMP7_IRQHandler
                0x08005e6c                COMP1_2_3_IRQHandler
                0x08005e6c                EXTI1_IRQHandler
                0x08005e6c                USART2_IRQHandler
                0x08005e6c                COMP4_5_6_IRQHandler
                0x08005e6c                I2C2_ER_IRQHandler
                0x08005e6c                DMA1_Channel2_IRQHandler
                0x08005e6c                TIM8_BRK_IRQHandler
                0x08005e6c                FLASH_IRQHandler
                0x08005e6c                BusFault_Handler
                0x08005e6c                USART1_IRQHandler
                0x08005e6c                SPI3_IRQHandler
                0x08005e6c                I2C1_ER_IRQHandler
                0x08005e6c                USBWakeUp_IRQHandler
                0x08005e6c                DMA2_Channel3_IRQHandler
                0x08005e6c                EXTI2_TSC_IRQHandler
                0x08005e6c                TIM1_BRK_TIM15_IRQHandler
 *fill*         0x08005e6e        0x2 
 .text.cos      0x08005e70       0xc0 /home/jim/Ac6/SystemWorkbench/plugins/fr.ac6.mcu.externaltools.arm-none.linux64_1.13.1.201705091103/tools/compiler/bin/../lib/gcc/arm-none-eabi/5.4.1/../../../../arm-none-eabi/lib/armv7e-m/fpu/libm.a(lib_a-s_cos.o)
                0x08005e70                cos
 .text.sin      0x08005f30       0xc0 /home/jim/Ac6/SystemWorkbench/plugins/fr.ac6.mcu.externaltools.arm-none.linux64_1.13.1.201705091103/tools/compiler/bin/../lib/gcc/arm-none-eabi/5.4.1/../../../../arm-none-eabi/lib/armv7e-m/fpu/libm.a(lib_a-s_sin.o)
                0x08005f30                sin
 .text.__ieee754_rem_pio2
                0x08005ff0      0x44c /home/jim/Ac6/SystemWorkbench/plugins/fr.ac6.mcu.externaltools.arm-none.linux64_1.13.1.201705091103/tools/compiler/bin/../lib/gcc/arm-none-eabi/5.4.1/../../../../arm-none-eabi/lib/armv7e-m/fpu/libm.a(lib_a-e_rem_pio2.o)
                0x08005ff0                __ieee754_rem_pio2
 *fill*         0x0800643c        0x4 
 .text.__kernel_cos
                0x08006440      0x284 /home/jim/Ac6/SystemWorkbench/plugins/fr.ac6.mcu.externaltools.arm-none.linux64_1.13.1.201705091103/tools/compiler/bin/../lib/gcc/arm-none-eabi/5.4.1/../../../../arm-none-eabi/lib/armv7e-m/fpu/libm.a(lib_a-k_cos.o)
                0x08006440                __kernel_cos
 *fill*         0x080066c4        0x4 
 .text.__kernel_rem_pio2
                0x080066c8      0x820 /home/jim/Ac6/SystemWorkbench/plugins/fr.ac6.mcu.externaltools.arm-none.linux64_1.13.1.201705091103/tools/compiler/bin/../lib/gcc/arm-none-eabi/5.4.1/../../../../arm-none-eabi/lib/armv7e-m/fpu/libm.a(lib_a-k_rem_pio2.o)
                0x080066c8                __kernel_rem_pio2
 .text.__kernel_sin
                0x08006ee8      0x194 /home/jim/Ac6/SystemWorkbench/plugins/fr.ac6.mcu.externaltools.arm-none.linux64_1.13.1.201705091103/tools/compiler/bin/../lib/gcc/arm-none-eabi/5.4.1/../../../../arm-none-eabi/lib/armv7e-m/fpu/libm.a(lib_a-k_sin.o)
                0x08006ee8                __kernel_sin
 .text.fabs     0x0800707c       0x10 /home/jim/Ac6/SystemWorkbench/plugins/fr.ac6.mcu.externaltools.arm-none.linux64_1.13.1.201705091103/tools/compiler/bin/../lib/gcc/arm-none-eabi/5.4.1/../../../../arm-none-eabi/lib/armv7e-m/fpu/libm.a(lib_a-s_fabs.o)
                0x0800707c                fabs
 *fill*         0x0800708c        0x4 
 .text.floor    0x08007090      0x120 /home/jim/Ac6/SystemWorkbench/plugins/fr.ac6.mcu.externaltools.arm-none.linux64_1.13.1.201705091103/tools/compiler/bin/../lib/gcc/arm-none-eabi/5.4.1/../../../../arm-none-eabi/lib/armv7e-m/fpu/libm.a(lib_a-s_floor.o)
                0x08007090                floor
 .text.scalbn   0x080071b0      0x10c /home/jim/Ac6/SystemWorkbench/plugins/fr.ac6.mcu.externaltools.arm-none.linux64_1.13.1.201705091103/tools/compiler/bin/../lib/gcc/arm-none-eabi/5.4.1/../../../../arm-none-eabi/lib/armv7e-m/fpu/libm.a(lib_a-s_scalbn.o)
                0x080071b0                scalbn
 .text.copysign
                0x080072bc       0x1c /home/jim/Ac6/SystemWorkbench/plugins/fr.ac6.mcu.externaltools.arm-none.linux64_1.13.1.201705091103/tools/compiler/bin/../lib/gcc/arm-none-eabi/5.4.1/../../../../arm-none-eabi/lib/armv7e-m/fpu/libm.a(lib_a-s_copysign.o)
                0x080072bc                copysign
 .text.__libc_init_array
                0x080072d8       0x4c /home/jim/Ac6/SystemWorkbench/plugins/fr.ac6.mcu.externaltools.arm-none.linux64_1.13.1.201705091103/tools/compiler/bin/../lib/gcc/arm-none-eabi/5.4.1/../../../../arm-none-eabi/lib/armv7e-m/fpu/libc_nano.a(lib_a-init.o)
                0x080072d8                __libc_init_array
 .text.memcpy   0x08007324       0x16 /home/jim/Ac6/SystemWorkbench/plugins/fr.ac6.mcu.externaltools.arm-none.linux64_1.13.1.201705091103/tools/compiler/bin/../lib/gcc/arm-none-eabi/5.4.1/../../../../arm-none-eabi/lib/armv7e-m/fpu/libc_nano.a(lib_a-memcpy-stub.o)
                0x08007324                memcpy
 .text.memset   0x0800733a       0x10 /home/jim/Ac6/SystemWorkbench/plugins/fr.ac6.mcu.externaltools.arm-none.linux64_1.13.1.201705091103/tools/compiler/bin/../lib/gcc/arm-none-eabi/5.4.1/../../../../arm-none-eabi/lib/armv7e-m/fpu/libc_nano.a(lib_a-memset.o)
                0x0800733a                memset
 .text.__cvt    0x0800734a       0xc8 /home/jim/Ac6/SystemWorkbench/plugins/fr.ac6.mcu.externaltools.arm-none.linux64_1.13.1.201705091103/tools/compiler/bin/../lib/gcc/arm-none-eabi/5.4.1/../../../../arm-none-eabi/lib/armv7e-m/fpu/libc_nano.a(lib_a-nano-vfprintf_float.o)
                0x0800734a                __cvt
 .text.__exponent
                0x08007412       0x60 /home/jim/Ac6/SystemWorkbench/plugins/fr.ac6.mcu.externaltools.arm-none.linux64_1.13.1.201705091103/tools/compiler/bin/../lib/gcc/arm-none-eabi/5.4.1/../../../../arm-none-eabi/lib/armv7e-m/fpu/libc_nano.a(lib_a-nano-vfprintf_float.o)
                0x08007412                __exponent
 *fill*         0x08007472        0x2 
 .text._printf_float
                0x08007474      0x47c /home/jim/Ac6/SystemWorkbench/plugins/fr.ac6.mcu.externaltools.arm-none.linux64_1.13.1.201705091103/tools/compiler/bin/../lib/gcc/arm-none-eabi/5.4.1/../../../../arm-none-eabi/lib/armv7e-m/fpu/libc_nano.a(lib_a-nano-vfprintf_float.o)
                0x08007474                _printf_float
 .text._printf_common
                0x080078f0       0xec /home/jim/Ac6/SystemWorkbench/plugins/fr.ac6.mcu.externaltools.arm-none.linux64_1.13.1.201705091103/tools/compiler/bin/../lib/gcc/arm-none-eabi/5.4.1/../../../../arm-none-eabi/lib/armv7e-m/fpu/libc_nano.a(lib_a-nano-vfprintf_i.o)
                0x080078f0                _printf_common
 .text._printf_i
                0x080079dc      0x24c /home/jim/Ac6/SystemWorkbench/plugins/fr.ac6.mcu.externaltools.arm-none.linux64_1.13.1.201705091103/tools/compiler/bin/../lib/gcc/arm-none-eabi/5.4.1/../../../../arm-none-eabi/lib/armv7e-m/fpu/libc_nano.a(lib_a-nano-vfprintf_i.o)
                0x080079dc                _printf_i
 .text.sprintf  0x08007c28       0x48 /home/jim/Ac6/SystemWorkbench/plugins/fr.ac6.mcu.externaltools.arm-none.linux64_1.13.1.201705091103/tools/compiler/bin/../lib/gcc/arm-none-eabi/5.4.1/../../../../arm-none-eabi/lib/armv7e-m/fpu/libc_nano.a(lib_a-sprintf.o)
                0x08007c28                sprintf
                0x08007c28                siprintf
 .text.strchr   0x08007c70       0x1c /home/jim/Ac6/SystemWorkbench/plugins/fr.ac6.mcu.externaltools.arm-none.linux64_1.13.1.201705091103/tools/compiler/bin/../lib/gcc/arm-none-eabi/5.4.1/../../../../arm-none-eabi/lib/armv7e-m/fpu/libc_nano.a(lib_a-strchr.o)
                0x08007c70                strchr
 .text.quorem   0x08007c8c      0x11e /home/jim/Ac6/SystemWorkbench/plugins/fr.ac6.mcu.externaltools.arm-none.linux64_1.13.1.201705091103/tools/compiler/bin/../lib/gcc/arm-none-eabi/5.4.1/../../../../arm-none-eabi/lib/armv7e-m/fpu/libc_nano.a(lib_a-dtoa.o)
 *fill*         0x08007daa        0x6 
 .text._dtoa_r  0x08007db0      0xb40 /home/jim/Ac6/SystemWorkbench/plugins/fr.ac6.mcu.externaltools.arm-none.linux64_1.13.1.201705091103/tools/compiler/bin/../lib/gcc/arm-none-eabi/5.4.1/../../../../arm-none-eabi/lib/armv7e-m/fpu/libc_nano.a(lib_a-dtoa.o)
                0x08007db0                _dtoa_r
 .text._localeconv_r
                0x080088f0       0x1c /home/jim/Ac6/SystemWorkbench/plugins/fr.ac6.mcu.externaltools.arm-none.linux64_1.13.1.201705091103/tools/compiler/bin/../lib/gcc/arm-none-eabi/5.4.1/../../../../arm-none-eabi/lib/armv7e-m/fpu/libc_nano.a(lib_a-localeconv.o)
                0x080088f0                _localeconv_r
 .text.malloc   0x0800890c       0x10 /home/jim/Ac6/SystemWorkbench/plugins/fr.ac6.mcu.externaltools.arm-none.linux64_1.13.1.201705091103/tools/compiler/bin/../lib/gcc/arm-none-eabi/5.4.1/../../../../arm-none-eabi/lib/armv7e-m/fpu/libc_nano.a(lib_a-malloc.o)
                0x0800890c                malloc
 .text._Balloc  0x0800891c       0x6a /home/jim/Ac6/SystemWorkbench/plugins/fr.ac6.mcu.externaltools.arm-none.linux64_1.13.1.201705091103/tools/compiler/bin/../lib/gcc/arm-none-eabi/5.4.1/../../../../arm-none-eabi/lib/armv7e-m/fpu/libc_nano.a(lib_a-mprec.o)
                0x0800891c                _Balloc
 .text._Bfree   0x08008986       0x2e /home/jim/Ac6/SystemWorkbench/plugins/fr.ac6.mcu.externaltools.arm-none.linux64_1.13.1.201705091103/tools/compiler/bin/../lib/gcc/arm-none-eabi/5.4.1/../../../../arm-none-eabi/lib/armv7e-m/fpu/libc_nano.a(lib_a-mprec.o)
                0x08008986                _Bfree
 .text.__multadd
                0x080089b4       0x76 /home/jim/Ac6/SystemWorkbench/plugins/fr.ac6.mcu.externaltools.arm-none.linux64_1.13.1.201705091103/tools/compiler/bin/../lib/gcc/arm-none-eabi/5.4.1/../../../../arm-none-eabi/lib/armv7e-m/fpu/libc_nano.a(lib_a-mprec.o)
                0x080089b4                __multadd
 .text.__hi0bits
                0x08008a2a       0x40 /home/jim/Ac6/SystemWorkbench/plugins/fr.ac6.mcu.externaltools.arm-none.linux64_1.13.1.201705091103/tools/compiler/bin/../lib/gcc/arm-none-eabi/5.4.1/../../../../arm-none-eabi/lib/armv7e-m/fpu/libc_nano.a(lib_a-mprec.o)
                0x08008a2a                __hi0bits
 .text.__lo0bits
                0x08008a6a       0x5a /home/jim/Ac6/SystemWorkbench/plugins/fr.ac6.mcu.externaltools.arm-none.linux64_1.13.1.201705091103/tools/compiler/bin/../lib/gcc/arm-none-eabi/5.4.1/../../../../arm-none-eabi/lib/armv7e-m/fpu/libc_nano.a(lib_a-mprec.o)
                0x08008a6a                __lo0bits
 .text.__i2b    0x08008ac4       0x12 /home/jim/Ac6/SystemWorkbench/plugins/fr.ac6.mcu.externaltools.arm-none.linux64_1.13.1.201705091103/tools/compiler/bin/../lib/gcc/arm-none-eabi/5.4.1/../../../../arm-none-eabi/lib/armv7e-m/fpu/libc_nano.a(lib_a-mprec.o)
                0x08008ac4                __i2b
 .text.__multiply
                0x08008ad6      0x122 /home/jim/Ac6/SystemWorkbench/plugins/fr.ac6.mcu.externaltools.arm-none.linux64_1.13.1.201705091103/tools/compiler/bin/../lib/gcc/arm-none-eabi/5.4.1/../../../../arm-none-eabi/lib/armv7e-m/fpu/libc_nano.a(lib_a-mprec.o)
                0x08008ad6                __multiply
 .text.__pow5mult
                0x08008bf8       0x9c /home/jim/Ac6/SystemWorkbench/plugins/fr.ac6.mcu.externaltools.arm-none.linux64_1.13.1.201705091103/tools/compiler/bin/../lib/gcc/arm-none-eabi/5.4.1/../../../../arm-none-eabi/lib/armv7e-m/fpu/libc_nano.a(lib_a-mprec.o)
                0x08008bf8                __pow5mult
 .text.__lshift
                0x08008c94       0xa2 /home/jim/Ac6/SystemWorkbench/plugins/fr.ac6.mcu.externaltools.arm-none.linux64_1.13.1.201705091103/tools/compiler/bin/../lib/gcc/arm-none-eabi/5.4.1/../../../../arm-none-eabi/lib/armv7e-m/fpu/libc_nano.a(lib_a-mprec.o)
                0x08008c94                __lshift
 .text.__mcmp   0x08008d36       0x38 /home/jim/Ac6/SystemWorkbench/plugins/fr.ac6.mcu.externaltools.arm-none.linux64_1.13.1.201705091103/tools/compiler/bin/../lib/gcc/arm-none-eabi/5.4.1/../../../../arm-none-eabi/lib/armv7e-m/fpu/libc_nano.a(lib_a-mprec.o)
                0x08008d36                __mcmp
 .text.__mdiff  0x08008d6e       0xbe /home/jim/Ac6/SystemWorkbench/plugins/fr.ac6.mcu.externaltools.arm-none.linux64_1.13.1.201705091103/tools/compiler/bin/../lib/gcc/arm-none-eabi/5.4.1/../../../../arm-none-eabi/lib/armv7e-m/fpu/libc_nano.a(lib_a-mprec.o)
                0x08008d6e                __mdiff
 .text.__d2b    0x08008e2c       0x9c /home/jim/Ac6/SystemWorkbench/plugins/fr.ac6.mcu.externaltools.arm-none.linux64_1.13.1.201705091103/tools/compiler/bin/../lib/gcc/arm-none-eabi/5.4.1/../../../../arm-none-eabi/lib/armv7e-m/fpu/libc_nano.a(lib_a-mprec.o)
                0x08008e2c                __d2b
 .text._calloc_r
                0x08008ec8       0x1c /home/jim/Ac6/SystemWorkbench/plugins/fr.ac6.mcu.externaltools.arm-none.linux64_1.13.1.201705091103/tools/compiler/bin/../lib/gcc/arm-none-eabi/5.4.1/../../../../arm-none-eabi/lib/armv7e-m/fpu/libc_nano.a(lib_a-nano-callocr.o)
                0x08008ec8                _calloc_r
 .text._free_r  0x08008ee4       0x9c /home/jim/Ac6/SystemWorkbench/plugins/fr.ac6.mcu.externaltools.arm-none.linux64_1.13.1.201705091103/tools/compiler/bin/../lib/gcc/arm-none-eabi/5.4.1/../../../../arm-none-eabi/lib/armv7e-m/fpu/libc_nano.a(lib_a-nano-freer.o)
                0x08008ee4                _free_r
 .text._malloc_r
                0x08008f80       0xbc /home/jim/Ac6/SystemWorkbench/plugins/fr.ac6.mcu.externaltools.arm-none.linux64_1.13.1.201705091103/tools/compiler/bin/../lib/gcc/arm-none-eabi/5.4.1/../../../../arm-none-eabi/lib/armv7e-m/fpu/libc_nano.a(lib_a-nano-mallocr.o)
                0x08008f80                _malloc_r
 .text.__ssputs_r
                0x0800903c       0xb2 /home/jim/Ac6/SystemWorkbench/plugins/fr.ac6.mcu.externaltools.arm-none.linux64_1.13.1.201705091103/tools/compiler/bin/../lib/gcc/arm-none-eabi/5.4.1/../../../../arm-none-eabi/lib/armv7e-m/fpu/libc_nano.a(lib_a-nano-svfprintf.o)
                0x0800903c                __ssputs_r
 *fill*         0x080090ee        0x2 
 .text._svfprintf_r
                0x080090f0      0x1e8 /home/jim/Ac6/SystemWorkbench/plugins/fr.ac6.mcu.externaltools.arm-none.linux64_1.13.1.201705091103/tools/compiler/bin/../lib/gcc/arm-none-eabi/5.4.1/../../../../arm-none-eabi/lib/armv7e-m/fpu/libc_nano.a(lib_a-nano-svfprintf.o)
                0x080090f0                _svfprintf_r
                0x080090f0                _svfiprintf_r
 .text._sbrk_r  0x080092d8       0x20 /home/jim/Ac6/SystemWorkbench/plugins/fr.ac6.mcu.externaltools.arm-none.linux64_1.13.1.201705091103/tools/compiler/bin/../lib/gcc/arm-none-eabi/5.4.1/../../../../arm-none-eabi/lib/armv7e-m/fpu/libc_nano.a(lib_a-sbrkr.o)
                0x080092d8                _sbrk_r
 .text.__ascii_mbtowc
                0x080092f8       0x24 /home/jim/Ac6/SystemWorkbench/plugins/fr.ac6.mcu.externaltools.arm-none.linux64_1.13.1.201705091103/tools/compiler/bin/../lib/gcc/arm-none-eabi/5.4.1/../../../../arm-none-eabi/lib/armv7e-m/fpu/libc_nano.a(lib_a-mbtowc_r.o)
                0x080092f8                __ascii_mbtowc
 .text.memmove  0x0800931c       0x36 /home/jim/Ac6/SystemWorkbench/plugins/fr.ac6.mcu.externaltools.arm-none.linux64_1.13.1.201705091103/tools/compiler/bin/../lib/gcc/arm-none-eabi/5.4.1/../../../../arm-none-eabi/lib/armv7e-m/fpu/libc_nano.a(lib_a-memmove.o)
                0x0800931c                memmove
 .text.__malloc_lock
                0x08009352        0x2 /home/jim/Ac6/SystemWorkbench/plugins/fr.ac6.mcu.externaltools.arm-none.linux64_1.13.1.201705091103/tools/compiler/bin/../lib/gcc/arm-none-eabi/5.4.1/../../../../arm-none-eabi/lib/armv7e-m/fpu/libc_nano.a(lib_a-mlock.o)
                0x08009352                __malloc_lock
 .text.__malloc_unlock
                0x08009354        0x2 /home/jim/Ac6/SystemWorkbench/plugins/fr.ac6.mcu.externaltools.arm-none.linux64_1.13.1.201705091103/tools/compiler/bin/../lib/gcc/arm-none-eabi/5.4.1/../../../../arm-none-eabi/lib/armv7e-m/fpu/libc_nano.a(lib_a-mlock.o)
                0x08009354                __malloc_unlock
 .text._realloc_r
                0x08009356       0x4c /home/jim/Ac6/SystemWorkbench/plugins/fr.ac6.mcu.externaltools.arm-none.linux64_1.13.1.201705091103/tools/compiler/bin/../lib/gcc/arm-none-eabi/5.4.1/../../../../arm-none-eabi/lib/armv7e-m/fpu/libc_nano.a(lib_a-nano-reallocr.o)
                0x08009356                _realloc_r
 .text.__ascii_wctomb
                0x080093a2       0x1a /home/jim/Ac6/SystemWorkbench/plugins/fr.ac6.mcu.externaltools.arm-none.linux64_1.13.1.201705091103/tools/compiler/bin/../lib/gcc/arm-none-eabi/5.4.1/../../../../arm-none-eabi/lib/armv7e-m/fpu/libc_nano.a(lib_a-wctomb_r.o)
                0x080093a2                __ascii_wctomb
 .text._malloc_usable_size_r
                0x080093bc       0x14 /home/jim/Ac6/SystemWorkbench/plugins/fr.ac6.mcu.externaltools.arm-none.linux64_1.13.1.201705091103/tools/compiler/bin/../lib/gcc/arm-none-eabi/5.4.1/../../../../arm-none-eabi/lib/armv7e-m/fpu/libc_nano.a(lib_a-nano-msizer.o)
                0x080093bc                _malloc_usable_size_r
 .text._sbrk    0x080093d0       0x1c /home/jim/Ac6/SystemWorkbench/plugins/fr.ac6.mcu.externaltools.arm-none.linux64_1.13.1.201705091103/tools/compiler/bin/../lib/gcc/arm-none-eabi/5.4.1/../../../../arm-none-eabi/lib/armv7e-m/fpu/libnosys.a(sbrk.o)
                0x080093d0                _sbrk
 *(.glue_7)
 .glue_7        0x080093ec        0x0 linker stubs
 *(.glue_7t)
 .glue_7t       0x080093ec        0x0 linker stubs
 *(.eh_frame)
 .eh_frame      0x080093ec        0x0 /home/jim/Ac6/SystemWorkbench/plugins/fr.ac6.mcu.externaltools.arm-none.linux64_1.13.1.201705091103/tools/compiler/bin/../lib/gcc/arm-none-eabi/5.4.1/armv7e-m/fpu/crtbegin.o
 *(.init)
 .init          0x080093ec        0x4 /home/jim/Ac6/SystemWorkbench/plugins/fr.ac6.mcu.externaltools.arm-none.linux64_1.13.1.201705091103/tools/compiler/bin/../lib/gcc/arm-none-eabi/5.4.1/armv7e-m/fpu/crti.o
                0x080093ec                _init
 .init          0x080093f0        0x8 /home/jim/Ac6/SystemWorkbench/plugins/fr.ac6.mcu.externaltools.arm-none.linux64_1.13.1.201705091103/tools/compiler/bin/../lib/gcc/arm-none-eabi/5.4.1/armv7e-m/fpu/crtn.o
 *(.fini)
 .fini          0x080093f8        0x4 /home/jim/Ac6/SystemWorkbench/plugins/fr.ac6.mcu.externaltools.arm-none.linux64_1.13.1.201705091103/tools/compiler/bin/../lib/gcc/arm-none-eabi/5.4.1/armv7e-m/fpu/crti.o
                0x080093f8                _fini
 .fini          0x080093fc        0x8 /home/jim/Ac6/SystemWorkbench/plugins/fr.ac6.mcu.externaltools.arm-none.linux64_1.13.1.201705091103/tools/compiler/bin/../lib/gcc/arm-none-eabi/5.4.1/armv7e-m/fpu/crtn.o
                0x08009404                . = ALIGN (0x4)
                0x08009404                _etext = .

.vfp11_veneer   0x08009404        0x0
 .vfp11_veneer  0x08009404        0x0 linker stubs

.v4_bx          0x08009404        0x0
 .v4_bx         0x08009404        0x0 linker stubs

.iplt           0x08009404        0x0
 .iplt          0x08009404        0x0 /home/jim/Ac6/SystemWorkbench/plugins/fr.ac6.mcu.externaltools.arm-none.linux64_1.13.1.201705091103/tools/compiler/bin/../lib/gcc/arm-none-eabi/5.4.1/armv7e-m/fpu/crtbegin.o

.rodata         0x08009408      0xaa8
                0x08009408                . = ALIGN (0x4)
 *(.rodata)
 .rodata        0x08009408       0x20 Drivers/STM32F3xx_HAL_Driver/Src/stm32f3xx_hal_rcc.o
                0x08009408                aPLLMULFactorTable
                0x08009418                aPredivFactorTable
 .rodata        0x08009428       0x10 Src/myNRF24.o
 .rodata        0x08009438       0x18 Src/system_stm32f3xx.o
                0x08009438                AHBPrescTable
                0x08009448                APBPrescTable
 *(.rodata*)
 .rodata.str1.1
                0x08009450        0x4 Src/commsfpga.o
 .rodata.str1.1
                0x08009454      0x127 Src/main.o
                                0x12c (size before relaxing)
 .rodata.str1.1
                0x0800957b      0x48f Src/myNRF24.o
                                0x49b (size before relaxing)
 .rodata.str1.1
                0x08009a0a       0x1c Src/speedcalc.o
 .rodata.str1.1
                0x08009a26       0x4f Src/usbd_desc.o
 *fill*         0x08009a75        0x3 
 .rodata.npio2_hw
                0x08009a78       0x80 /home/jim/Ac6/SystemWorkbench/plugins/fr.ac6.mcu.externaltools.arm-none.linux64_1.13.1.201705091103/tools/compiler/bin/../lib/gcc/arm-none-eabi/5.4.1/../../../../arm-none-eabi/lib/armv7e-m/fpu/libm.a(lib_a-e_rem_pio2.o)
 .rodata.two_over_pi
                0x08009af8      0x108 /home/jim/Ac6/SystemWorkbench/plugins/fr.ac6.mcu.externaltools.arm-none.linux64_1.13.1.201705091103/tools/compiler/bin/../lib/gcc/arm-none-eabi/5.4.1/../../../../arm-none-eabi/lib/armv7e-m/fpu/libm.a(lib_a-e_rem_pio2.o)
 .rodata.init_jk
                0x08009c00       0x10 /home/jim/Ac6/SystemWorkbench/plugins/fr.ac6.mcu.externaltools.arm-none.linux64_1.13.1.201705091103/tools/compiler/bin/../lib/gcc/arm-none-eabi/5.4.1/../../../../arm-none-eabi/lib/armv7e-m/fpu/libm.a(lib_a-k_rem_pio2.o)
 .rodata.PIo2   0x08009c10       0x40 /home/jim/Ac6/SystemWorkbench/plugins/fr.ac6.mcu.externaltools.arm-none.linux64_1.13.1.201705091103/tools/compiler/bin/../lib/gcc/arm-none-eabi/5.4.1/../../../../arm-none-eabi/lib/armv7e-m/fpu/libm.a(lib_a-k_rem_pio2.o)
 .rodata.str1.1
                0x08009c50       0x12 /home/jim/Ac6/SystemWorkbench/plugins/fr.ac6.mcu.externaltools.arm-none.linux64_1.13.1.201705091103/tools/compiler/bin/../lib/gcc/arm-none-eabi/5.4.1/../../../../arm-none-eabi/lib/armv7e-m/fpu/libc_nano.a(lib_a-nano-vfprintf_float.o)
 .rodata.str1.1
                0x08009c62       0x22 /home/jim/Ac6/SystemWorkbench/plugins/fr.ac6.mcu.externaltools.arm-none.linux64_1.13.1.201705091103/tools/compiler/bin/../lib/gcc/arm-none-eabi/5.4.1/../../../../arm-none-eabi/lib/armv7e-m/fpu/libc_nano.a(lib_a-nano-vfprintf_i.o)
 .rodata.str1.1
                0x08009c84        0xd /home/jim/Ac6/SystemWorkbench/plugins/fr.ac6.mcu.externaltools.arm-none.linux64_1.13.1.201705091103/tools/compiler/bin/../lib/gcc/arm-none-eabi/5.4.1/../../../../arm-none-eabi/lib/armv7e-m/fpu/libc_nano.a(lib_a-dtoa.o)
                                  0xf (size before relaxing)
 *fill*         0x08009c91        0x7 
 .rodata.__mprec_tens
                0x08009c98       0xc8 /home/jim/Ac6/SystemWorkbench/plugins/fr.ac6.mcu.externaltools.arm-none.linux64_1.13.1.201705091103/tools/compiler/bin/../lib/gcc/arm-none-eabi/5.4.1/../../../../arm-none-eabi/lib/armv7e-m/fpu/libc_nano.a(lib_a-mprec.o)
                0x08009c98                __mprec_tens
 .rodata.__mprec_bigtens
                0x08009d60       0x28 /home/jim/Ac6/SystemWorkbench/plugins/fr.ac6.mcu.externaltools.arm-none.linux64_1.13.1.201705091103/tools/compiler/bin/../lib/gcc/arm-none-eabi/5.4.1/../../../../arm-none-eabi/lib/armv7e-m/fpu/libc_nano.a(lib_a-mprec.o)
                0x08009d60                __mprec_bigtens
 .rodata.p05.6099
                0x08009d88        0xc /home/jim/Ac6/SystemWorkbench/plugins/fr.ac6.mcu.externaltools.arm-none.linux64_1.13.1.201705091103/tools/compiler/bin/../lib/gcc/arm-none-eabi/5.4.1/../../../../arm-none-eabi/lib/armv7e-m/fpu/libc_nano.a(lib_a-mprec.o)
 .rodata.str1.1
                0x08009d94       0x11 /home/jim/Ac6/SystemWorkbench/plugins/fr.ac6.mcu.externaltools.arm-none.linux64_1.13.1.201705091103/tools/compiler/bin/../lib/gcc/arm-none-eabi/5.4.1/../../../../arm-none-eabi/lib/armv7e-m/fpu/libc_nano.a(lib_a-nano-svfprintf.o)
 .rodata.str1.1
                0x08009da5        0xa /home/jim/Ac6/SystemWorkbench/plugins/fr.ac6.mcu.externaltools.arm-none.linux64_1.13.1.201705091103/tools/compiler/bin/../lib/gcc/arm-none-eabi/5.4.1/../../../../arm-none-eabi/lib/armv7e-m/fpu/libc_nano.a(lib_a-locale.o)
                                  0xb (size before relaxing)
 .rodata._ctype_
                0x08009daf      0x101 /home/jim/Ac6/SystemWorkbench/plugins/fr.ac6.mcu.externaltools.arm-none.linux64_1.13.1.201705091103/tools/compiler/bin/../lib/gcc/arm-none-eabi/5.4.1/../../../../arm-none-eabi/lib/armv7e-m/fpu/libc_nano.a(lib_a-ctype_.o)
                0x08009daf                _ctype_
                0x08009eb0                . = ALIGN (0x4)

.rel.dyn        0x08009eb0        0x0
 .rel.iplt      0x08009eb0        0x0 /home/jim/Ac6/SystemWorkbench/plugins/fr.ac6.mcu.externaltools.arm-none.linux64_1.13.1.201705091103/tools/compiler/bin/../lib/gcc/arm-none-eabi/5.4.1/armv7e-m/fpu/crtbegin.o

.ARM.extab
 *(.ARM.extab* .gnu.linkonce.armextab.*)

.ARM            0x08009eb0        0x0
                0x08009eb0                __exidx_start = .
 *(.ARM.exidx*)
                0x08009eb0                __exidx_end = .

.preinit_array  0x08009eb0        0x0
                0x08009eb0                PROVIDE (__preinit_array_start, .)
 *(.preinit_array*)
                0x08009eb0                PROVIDE (__preinit_array_end, .)

.init_array     0x08009eb0        0x4
                0x08009eb0                PROVIDE (__init_array_start, .)
 *(SORT(.init_array.*))
 *(.init_array*)
 .init_array    0x08009eb0        0x4 /home/jim/Ac6/SystemWorkbench/plugins/fr.ac6.mcu.externaltools.arm-none.linux64_1.13.1.201705091103/tools/compiler/bin/../lib/gcc/arm-none-eabi/5.4.1/armv7e-m/fpu/crtbegin.o
                0x08009eb4                PROVIDE (__init_array_end, .)

.fini_array     0x08009eb4        0x4
                [!provide]                PROVIDE (__fini_array_start, .)
 *(SORT(.fini_array.*))
 *(.fini_array*)
 .fini_array    0x08009eb4        0x4 /home/jim/Ac6/SystemWorkbench/plugins/fr.ac6.mcu.externaltools.arm-none.linux64_1.13.1.201705091103/tools/compiler/bin/../lib/gcc/arm-none-eabi/5.4.1/armv7e-m/fpu/crtbegin.o
                [!provide]                PROVIDE (__fini_array_end, .)
                0x08009eb8                _sidata = LOADADDR (.data)

.data           0x20000000      0x328 load address 0x08009eb8
                0x20000000                . = ALIGN (0x4)
                0x20000000                _sdata = .
 *(.data)
 .data          0x20000000      0x110 Middlewares/ST/STM32_USB_Device_Library/Class/CDC/Src/usbd_cdc.o
                0x20000000                USBD_CDC_CfgFSDesc
                0x20000044                USBD_CDC_CfgHSDesc
                0x20000088                USBD_CDC_OtherSpeedCfgDesc
                0x200000d8                USBD_CDC
 .data          0x20000110        0x4 Src/system_stm32f3xx.o
                0x20000110                SystemCoreClock
 .data          0x20000114       0x10 Src/usbd_cdc_if.o
                0x20000114                USBD_Interface_fops_FS
 .data          0x20000124       0x34 Src/usbd_desc.o
                0x20000124                USBD_FS_DeviceDesc
                0x20000138                USBD_LangIDDesc
                0x2000013c                FS_Desc
 *(.data*)
 .data.impure_data
                0x20000158       0x60 /home/jim/Ac6/SystemWorkbench/plugins/fr.ac6.mcu.externaltools.arm-none.linux64_1.13.1.201705091103/tools/compiler/bin/../lib/gcc/arm-none-eabi/5.4.1/../../../../arm-none-eabi/lib/armv7e-m/fpu/libc_nano.a(lib_a-impure.o)
 .data._impure_ptr
                0x200001b8        0x4 /home/jim/Ac6/SystemWorkbench/plugins/fr.ac6.mcu.externaltools.arm-none.linux64_1.13.1.201705091103/tools/compiler/bin/../lib/gcc/arm-none-eabi/5.4.1/../../../../arm-none-eabi/lib/armv7e-m/fpu/libc_nano.a(lib_a-impure.o)
                0x200001b8                _impure_ptr
 .data.__global_locale
                0x200001bc      0x16c /home/jim/Ac6/SystemWorkbench/plugins/fr.ac6.mcu.externaltools.arm-none.linux64_1.13.1.201705091103/tools/compiler/bin/../lib/gcc/arm-none-eabi/5.4.1/../../../../arm-none-eabi/lib/armv7e-m/fpu/libc_nano.a(lib_a-locale.o)
                0x200001bc                __global_locale
                0x20000328                . = ALIGN (0x4)
                0x20000328                _edata = .
                0x0800a1e0                _siccmram = LOADADDR (.ccmram)

.jcr            0x20000328        0x0 load address 0x0800a1e0
 .jcr           0x20000328        0x0 /home/jim/Ac6/SystemWorkbench/plugins/fr.ac6.mcu.externaltools.arm-none.linux64_1.13.1.201705091103/tools/compiler/bin/../lib/gcc/arm-none-eabi/5.4.1/armv7e-m/fpu/crtbegin.o

.igot.plt       0x20000328        0x0 load address 0x0800a1e0
 .igot.plt      0x20000328        0x0 /home/jim/Ac6/SystemWorkbench/plugins/fr.ac6.mcu.externaltools.arm-none.linux64_1.13.1.201705091103/tools/compiler/bin/../lib/gcc/arm-none-eabi/5.4.1/armv7e-m/fpu/crtbegin.o

.ccmram         0x10000000        0x0 load address 0x0800a1e0
                0x10000000                . = ALIGN (0x4)
                0x10000000                _sccmram = .
 *(.ccmram)
 *(.ccmram*)
                0x10000000                . = ALIGN (0x4)
                0x10000000                _eccmram = .
                0x10000000                . = ALIGN (0x4)

.bss            0x20000328      0xfac
                0x20000328                _sbss = .
                0x20000328                __bss_start__ = _sbss
 *(.bss)
 .bss           0x20000328       0x1c /home/jim/Ac6/SystemWorkbench/plugins/fr.ac6.mcu.externaltools.arm-none.linux64_1.13.1.201705091103/tools/compiler/bin/../lib/gcc/arm-none-eabi/5.4.1/armv7e-m/fpu/crtbegin.o
 .bss           0x20000344        0x1 Middlewares/ST/STM32_USB_Device_Library/Class/CDC/Src/usbd_cdc.o
 .bss           0x20000345        0x1 Middlewares/ST/STM32_USB_Device_Library/Core/Src/usbd_ctlreq.o
 *fill*         0x20000346        0x2 
 .bss           0x20000348        0x4 Src/usbd_cdc_if.o
                0x20000348                usbLength
 .bss           0x2000034c      0x220 Src/usbd_conf.o
 *(.bss*)
 .bss.__malloc_sbrk_start
                0x2000056c        0x4 /home/jim/Ac6/SystemWorkbench/plugins/fr.ac6.mcu.externaltools.arm-none.linux64_1.13.1.201705091103/tools/compiler/bin/../lib/gcc/arm-none-eabi/5.4.1/../../../../arm-none-eabi/lib/armv7e-m/fpu/libc_nano.a(lib_a-nano-mallocr.o)
                0x2000056c                __malloc_sbrk_start
 .bss.__malloc_free_list
                0x20000570        0x4 /home/jim/Ac6/SystemWorkbench/plugins/fr.ac6.mcu.externaltools.arm-none.linux64_1.13.1.201705091103/tools/compiler/bin/../lib/gcc/arm-none-eabi/5.4.1/../../../../arm-none-eabi/lib/armv7e-m/fpu/libc_nano.a(lib_a-nano-mallocr.o)
                0x20000570                __malloc_free_list
 .bss.heap_end.4169
                0x20000574        0x4 /home/jim/Ac6/SystemWorkbench/plugins/fr.ac6.mcu.externaltools.arm-none.linux64_1.13.1.201705091103/tools/compiler/bin/../lib/gcc/arm-none-eabi/5.4.1/../../../../arm-none-eabi/lib/armv7e-m/fpu/libnosys.a(sbrk.o)
 *(COMMON)
 COMMON         0x20000578        0x4 Drivers/STM32F3xx_HAL_Driver/Src/stm32f3xx_hal.o
                0x20000578                uwTick
 COMMON         0x2000057c      0x400 Src/TextOut.o
                0x2000057c                smallStrBuffer
 COMMON         0x2000097c       0xc8 Src/spi.o
                0x2000097c                hspi3
                0x200009e0                hspi1
 COMMON         0x20000a44       0x78 Src/tim.o
                0x20000a44                htim1
                0x20000a80                htim2
 COMMON         0x20000abc      0x224 Src/usb_device.o
                0x20000abc                hUsbDeviceFS
 COMMON         0x20000ce0       0x48 Src/usbd_cdc_if.o
                0x20000ce0                UserRxBufferFS
                0x20000ce4                usbData
                0x20000d24                UserTxBufferFS
 COMMON         0x20000d28      0x3a8 Src/usbd_conf.o
                0x20000d28                hpcd_USB_FS
 COMMON         0x200010d0      0x200 Src/usbd_desc.o
                0x200010d0                USBD_StrDesc
 COMMON         0x200012d0        0x4 /home/jim/Ac6/SystemWorkbench/plugins/fr.ac6.mcu.externaltools.arm-none.linux64_1.13.1.201705091103/tools/compiler/bin/../lib/gcc/arm-none-eabi/5.4.1/../../../../arm-none-eabi/lib/armv7e-m/fpu/libc_nano.a(lib_a-reent.o)
                0x200012d0                errno
                0x200012d4                . = ALIGN (0x4)
                0x200012d4                _ebss = .
                0x200012d4                __bss_end__ = _ebss

._user_heap_stack
                0x200012d4      0x604
                0x200012d8                . = ALIGN (0x8)
 *fill*         0x200012d4        0x4 
                0x200012d8                PROVIDE (end, .)
                [!provide]                PROVIDE (_end, .)
                0x200014d8                . = (. + _Min_Heap_Size)
 *fill*         0x200012d8      0x200 
                0x200018d8                . = (. + _Min_Stack_Size)
 *fill*         0x200014d8      0x400 
                0x200018d8                . = ALIGN (0x8)

/DISCARD/
 libc.a(*)
 libm.a(*)
 libgcc.a(*)

.ARM.attributes
                0x00000000       0x30
 *(.ARM.attributes)
 .ARM.attributes
                0x00000000       0x22 /home/jim/Ac6/SystemWorkbench/plugins/fr.ac6.mcu.externaltools.arm-none.linux64_1.13.1.201705091103/tools/compiler/bin/../lib/gcc/arm-none-eabi/5.4.1/armv7e-m/fpu/crti.o
 .ARM.attributes
                0x00000022       0x34 /home/jim/Ac6/SystemWorkbench/plugins/fr.ac6.mcu.externaltools.arm-none.linux64_1.13.1.201705091103/tools/compiler/bin/../lib/gcc/arm-none-eabi/5.4.1/armv7e-m/fpu/crtbegin.o
 .ARM.attributes
                0x00000056       0x39 Drivers/STM32F3xx_HAL_Driver/Src/stm32f3xx_hal.o
 .ARM.attributes
                0x0000008f       0x39 Drivers/STM32F3xx_HAL_Driver/Src/stm32f3xx_hal_cortex.o
 .ARM.attributes
                0x000000c8       0x39 Drivers/STM32F3xx_HAL_Driver/Src/stm32f3xx_hal_gpio.o
 .ARM.attributes
                0x00000101       0x39 Drivers/STM32F3xx_HAL_Driver/Src/stm32f3xx_hal_pcd.o
 .ARM.attributes
                0x0000013a       0x39 Drivers/STM32F3xx_HAL_Driver/Src/stm32f3xx_hal_pcd_ex.o
 .ARM.attributes
                0x00000173       0x39 Drivers/STM32F3xx_HAL_Driver/Src/stm32f3xx_hal_rcc.o
 .ARM.attributes
                0x000001ac       0x39 Drivers/STM32F3xx_HAL_Driver/Src/stm32f3xx_hal_rcc_ex.o
 .ARM.attributes
                0x000001e5       0x39 Drivers/STM32F3xx_HAL_Driver/Src/stm32f3xx_hal_spi.o
 .ARM.attributes
                0x0000021e       0x39 Drivers/STM32F3xx_HAL_Driver/Src/stm32f3xx_hal_tim.o
 .ARM.attributes
                0x00000257       0x39 Drivers/STM32F3xx_HAL_Driver/Src/stm32f3xx_hal_tim_ex.o
 .ARM.attributes
                0x00000290       0x39 Middlewares/ST/STM32_USB_Device_Library/Class/CDC/Src/usbd_cdc.o
 .ARM.attributes
                0x000002c9       0x39 Middlewares/ST/STM32_USB_Device_Library/Core/Src/usbd_core.o
 .ARM.attributes
                0x00000302       0x39 Middlewares/ST/STM32_USB_Device_Library/Core/Src/usbd_ctlreq.o
 .ARM.attributes
                0x0000033b       0x39 Middlewares/ST/STM32_USB_Device_Library/Core/Src/usbd_ioreq.o
 .ARM.attributes
                0x00000374       0x39 Src/TextOut.o
 .ARM.attributes
                0x000003ad       0x39 Src/commsfpga.o
 .ARM.attributes
                0x000003e6       0x39 Src/gpio.o
 .ARM.attributes
                0x0000041f       0x39 Src/main.o
 .ARM.attributes
                0x00000458       0x39 Src/myNRF24.o
 .ARM.attributes
                0x00000491       0x39 Src/speedcalc.o
 .ARM.attributes
                0x000004ca       0x39 Src/spi.o
 .ARM.attributes
                0x00000503       0x39 Src/stm32f3xx_hal_msp.o
 .ARM.attributes
                0x0000053c       0x39 Src/stm32f3xx_it.o
 .ARM.attributes
                0x00000575       0x39 Src/system_stm32f3xx.o
 .ARM.attributes
                0x000005ae       0x39 Src/tim.o
 .ARM.attributes
                0x000005e7       0x39 Src/usb_device.o
 .ARM.attributes
                0x00000620       0x39 Src/usbd_cdc_if.o
 .ARM.attributes
                0x00000659       0x39 Src/usbd_conf.o
 .ARM.attributes
                0x00000692       0x39 Src/usbd_desc.o
 .ARM.attributes
                0x000006cb       0x21 startup/startup_stm32f303xc.o
 .ARM.attributes
                0x000006ec       0x34 /home/jim/Ac6/SystemWorkbench/plugins/fr.ac6.mcu.externaltools.arm-none.linux64_1.13.1.201705091103/tools/compiler/bin/../lib/gcc/arm-none-eabi/5.4.1/../../../../arm-none-eabi/lib/armv7e-m/fpu/libm.a(lib_a-s_cos.o)
 .ARM.attributes
                0x00000720       0x34 /home/jim/Ac6/SystemWorkbench/plugins/fr.ac6.mcu.externaltools.arm-none.linux64_1.13.1.201705091103/tools/compiler/bin/../lib/gcc/arm-none-eabi/5.4.1/../../../../arm-none-eabi/lib/armv7e-m/fpu/libm.a(lib_a-s_sin.o)
 .ARM.attributes
                0x00000754       0x34 /home/jim/Ac6/SystemWorkbench/plugins/fr.ac6.mcu.externaltools.arm-none.linux64_1.13.1.201705091103/tools/compiler/bin/../lib/gcc/arm-none-eabi/5.4.1/../../../../arm-none-eabi/lib/armv7e-m/fpu/libm.a(lib_a-e_rem_pio2.o)
 .ARM.attributes
                0x00000788       0x34 /home/jim/Ac6/SystemWorkbench/plugins/fr.ac6.mcu.externaltools.arm-none.linux64_1.13.1.201705091103/tools/compiler/bin/../lib/gcc/arm-none-eabi/5.4.1/../../../../arm-none-eabi/lib/armv7e-m/fpu/libm.a(lib_a-k_cos.o)
 .ARM.attributes
                0x000007bc       0x34 /home/jim/Ac6/SystemWorkbench/plugins/fr.ac6.mcu.externaltools.arm-none.linux64_1.13.1.201705091103/tools/compiler/bin/../lib/gcc/arm-none-eabi/5.4.1/../../../../arm-none-eabi/lib/armv7e-m/fpu/libm.a(lib_a-k_rem_pio2.o)
 .ARM.attributes
                0x000007f0       0x34 /home/jim/Ac6/SystemWorkbench/plugins/fr.ac6.mcu.externaltools.arm-none.linux64_1.13.1.201705091103/tools/compiler/bin/../lib/gcc/arm-none-eabi/5.4.1/../../../../arm-none-eabi/lib/armv7e-m/fpu/libm.a(lib_a-k_sin.o)
 .ARM.attributes
                0x00000824       0x34 /home/jim/Ac6/SystemWorkbench/plugins/fr.ac6.mcu.externaltools.arm-none.linux64_1.13.1.201705091103/tools/compiler/bin/../lib/gcc/arm-none-eabi/5.4.1/../../../../arm-none-eabi/lib/armv7e-m/fpu/libm.a(lib_a-s_fabs.o)
 .ARM.attributes
                0x00000858       0x34 /home/jim/Ac6/SystemWorkbench/plugins/fr.ac6.mcu.externaltools.arm-none.linux64_1.13.1.201705091103/tools/compiler/bin/../lib/gcc/arm-none-eabi/5.4.1/../../../../arm-none-eabi/lib/armv7e-m/fpu/libm.a(lib_a-s_floor.o)
 .ARM.attributes
                0x0000088c       0x34 /home/jim/Ac6/SystemWorkbench/plugins/fr.ac6.mcu.externaltools.arm-none.linux64_1.13.1.201705091103/tools/compiler/bin/../lib/gcc/arm-none-eabi/5.4.1/../../../../arm-none-eabi/lib/armv7e-m/fpu/libm.a(lib_a-s_scalbn.o)
 .ARM.attributes
                0x000008c0       0x34 /home/jim/Ac6/SystemWorkbench/plugins/fr.ac6.mcu.externaltools.arm-none.linux64_1.13.1.201705091103/tools/compiler/bin/../lib/gcc/arm-none-eabi/5.4.1/../../../../arm-none-eabi/lib/armv7e-m/fpu/libm.a(lib_a-s_copysign.o)
 .ARM.attributes
                0x000008f4       0x22 /home/jim/Ac6/SystemWorkbench/plugins/fr.ac6.mcu.externaltools.arm-none.linux64_1.13.1.201705091103/tools/compiler/bin/../lib/gcc/arm-none-eabi/5.4.1/armv7e-m/fpu/libgcc.a(_arm_addsubdf3.o)
 .ARM.attributes
                0x00000916       0x22 /home/jim/Ac6/SystemWorkbench/plugins/fr.ac6.mcu.externaltools.arm-none.linux64_1.13.1.201705091103/tools/compiler/bin/../lib/gcc/arm-none-eabi/5.4.1/armv7e-m/fpu/libgcc.a(_arm_muldivdf3.o)
 .ARM.attributes
                0x00000938       0x22 /home/jim/Ac6/SystemWorkbench/plugins/fr.ac6.mcu.externaltools.arm-none.linux64_1.13.1.201705091103/tools/compiler/bin/../lib/gcc/arm-none-eabi/5.4.1/armv7e-m/fpu/libgcc.a(_arm_cmpdf2.o)
 .ARM.attributes
                0x0000095a       0x22 /home/jim/Ac6/SystemWorkbench/plugins/fr.ac6.mcu.externaltools.arm-none.linux64_1.13.1.201705091103/tools/compiler/bin/../lib/gcc/arm-none-eabi/5.4.1/armv7e-m/fpu/libgcc.a(_arm_fixdfsi.o)
 .ARM.attributes
                0x0000097c       0x22 /home/jim/Ac6/SystemWorkbench/plugins/fr.ac6.mcu.externaltools.arm-none.linux64_1.13.1.201705091103/tools/compiler/bin/../lib/gcc/arm-none-eabi/5.4.1/armv7e-m/fpu/libgcc.a(_arm_truncdfsf2.o)
 .ARM.attributes
                0x0000099e       0x34 /home/jim/Ac6/SystemWorkbench/plugins/fr.ac6.mcu.externaltools.arm-none.linux64_1.13.1.201705091103/tools/compiler/bin/../lib/gcc/arm-none-eabi/5.4.1/../../../../arm-none-eabi/lib/armv7e-m/fpu/libc_nano.a(lib_a-impure.o)
 .ARM.attributes
                0x000009d2       0x34 /home/jim/Ac6/SystemWorkbench/plugins/fr.ac6.mcu.externaltools.arm-none.linux64_1.13.1.201705091103/tools/compiler/bin/../lib/gcc/arm-none-eabi/5.4.1/../../../../arm-none-eabi/lib/armv7e-m/fpu/libc_nano.a(lib_a-init.o)
 .ARM.attributes
                0x00000a06       0x34 /home/jim/Ac6/SystemWorkbench/plugins/fr.ac6.mcu.externaltools.arm-none.linux64_1.13.1.201705091103/tools/compiler/bin/../lib/gcc/arm-none-eabi/5.4.1/../../../../arm-none-eabi/lib/armv7e-m/fpu/libc_nano.a(lib_a-memcpy-stub.o)
 .ARM.attributes
                0x00000a3a       0x34 /home/jim/Ac6/SystemWorkbench/plugins/fr.ac6.mcu.externaltools.arm-none.linux64_1.13.1.201705091103/tools/compiler/bin/../lib/gcc/arm-none-eabi/5.4.1/../../../../arm-none-eabi/lib/armv7e-m/fpu/libc_nano.a(lib_a-memset.o)
 .ARM.attributes
                0x00000a6e       0x34 /home/jim/Ac6/SystemWorkbench/plugins/fr.ac6.mcu.externaltools.arm-none.linux64_1.13.1.201705091103/tools/compiler/bin/../lib/gcc/arm-none-eabi/5.4.1/../../../../arm-none-eabi/lib/armv7e-m/fpu/libc_nano.a(lib_a-nano-vfprintf_float.o)
 .ARM.attributes
                0x00000aa2       0x34 /home/jim/Ac6/SystemWorkbench/plugins/fr.ac6.mcu.externaltools.arm-none.linux64_1.13.1.201705091103/tools/compiler/bin/../lib/gcc/arm-none-eabi/5.4.1/../../../../arm-none-eabi/lib/armv7e-m/fpu/libc_nano.a(lib_a-nano-vfprintf_i.o)
 .ARM.attributes
                0x00000ad6       0x34 /home/jim/Ac6/SystemWorkbench/plugins/fr.ac6.mcu.externaltools.arm-none.linux64_1.13.1.201705091103/tools/compiler/bin/../lib/gcc/arm-none-eabi/5.4.1/../../../../arm-none-eabi/lib/armv7e-m/fpu/libc_nano.a(lib_a-sprintf.o)
 .ARM.attributes
                0x00000b0a       0x34 /home/jim/Ac6/SystemWorkbench/plugins/fr.ac6.mcu.externaltools.arm-none.linux64_1.13.1.201705091103/tools/compiler/bin/../lib/gcc/arm-none-eabi/5.4.1/../../../../arm-none-eabi/lib/armv7e-m/fpu/libc_nano.a(lib_a-strchr.o)
 .ARM.attributes
                0x00000b3e       0x1b /home/jim/Ac6/SystemWorkbench/plugins/fr.ac6.mcu.externaltools.arm-none.linux64_1.13.1.201705091103/tools/compiler/bin/../lib/gcc/arm-none-eabi/5.4.1/../../../../arm-none-eabi/lib/armv7e-m/fpu/libc_nano.a(lib_a-strlen.o)
 .ARM.attributes
                0x00000b59       0x34 /home/jim/Ac6/SystemWorkbench/plugins/fr.ac6.mcu.externaltools.arm-none.linux64_1.13.1.201705091103/tools/compiler/bin/../lib/gcc/arm-none-eabi/5.4.1/../../../../arm-none-eabi/lib/armv7e-m/fpu/libc_nano.a(lib_a-dtoa.o)
 .ARM.attributes
                0x00000b8d       0x34 /home/jim/Ac6/SystemWorkbench/plugins/fr.ac6.mcu.externaltools.arm-none.linux64_1.13.1.201705091103/tools/compiler/bin/../lib/gcc/arm-none-eabi/5.4.1/../../../../arm-none-eabi/lib/armv7e-m/fpu/libc_nano.a(lib_a-localeconv.o)
 .ARM.attributes
                0x00000bc1       0x34 /home/jim/Ac6/SystemWorkbench/plugins/fr.ac6.mcu.externaltools.arm-none.linux64_1.13.1.201705091103/tools/compiler/bin/../lib/gcc/arm-none-eabi/5.4.1/../../../../arm-none-eabi/lib/armv7e-m/fpu/libc_nano.a(lib_a-malloc.o)
 .ARM.attributes
                0x00000bf5       0x20 /home/jim/Ac6/SystemWorkbench/plugins/fr.ac6.mcu.externaltools.arm-none.linux64_1.13.1.201705091103/tools/compiler/bin/../lib/gcc/arm-none-eabi/5.4.1/../../../../arm-none-eabi/lib/armv7e-m/fpu/libc_nano.a(lib_a-memchr.o)
 .ARM.attributes
                0x00000c15       0x34 /home/jim/Ac6/SystemWorkbench/plugins/fr.ac6.mcu.externaltools.arm-none.linux64_1.13.1.201705091103/tools/compiler/bin/../lib/gcc/arm-none-eabi/5.4.1/../../../../arm-none-eabi/lib/armv7e-m/fpu/libc_nano.a(lib_a-mprec.o)
 .ARM.attributes
                0x00000c49       0x34 /home/jim/Ac6/SystemWorkbench/plugins/fr.ac6.mcu.externaltools.arm-none.linux64_1.13.1.201705091103/tools/compiler/bin/../lib/gcc/arm-none-eabi/5.4.1/../../../../arm-none-eabi/lib/armv7e-m/fpu/libc_nano.a(lib_a-nano-callocr.o)
 .ARM.attributes
                0x00000c7d       0x34 /home/jim/Ac6/SystemWorkbench/plugins/fr.ac6.mcu.externaltools.arm-none.linux64_1.13.1.201705091103/tools/compiler/bin/../lib/gcc/arm-none-eabi/5.4.1/../../../../arm-none-eabi/lib/armv7e-m/fpu/libc_nano.a(lib_a-nano-freer.o)
 .ARM.attributes
                0x00000cb1       0x34 /home/jim/Ac6/SystemWorkbench/plugins/fr.ac6.mcu.externaltools.arm-none.linux64_1.13.1.201705091103/tools/compiler/bin/../lib/gcc/arm-none-eabi/5.4.1/../../../../arm-none-eabi/lib/armv7e-m/fpu/libc_nano.a(lib_a-nano-mallocr.o)
 .ARM.attributes
                0x00000ce5       0x34 /home/jim/Ac6/SystemWorkbench/plugins/fr.ac6.mcu.externaltools.arm-none.linux64_1.13.1.201705091103/tools/compiler/bin/../lib/gcc/arm-none-eabi/5.4.1/../../../../arm-none-eabi/lib/armv7e-m/fpu/libc_nano.a(lib_a-nano-svfprintf.o)
 .ARM.attributes
                0x00000d19       0x34 /home/jim/Ac6/SystemWorkbench/plugins/fr.ac6.mcu.externaltools.arm-none.linux64_1.13.1.201705091103/tools/compiler/bin/../lib/gcc/arm-none-eabi/5.4.1/../../../../arm-none-eabi/lib/armv7e-m/fpu/libc_nano.a(lib_a-sbrkr.o)
 .ARM.attributes
                0x00000d4d       0x34 /home/jim/Ac6/SystemWorkbench/plugins/fr.ac6.mcu.externaltools.arm-none.linux64_1.13.1.201705091103/tools/compiler/bin/../lib/gcc/arm-none-eabi/5.4.1/../../../../arm-none-eabi/lib/armv7e-m/fpu/libc_nano.a(lib_a-locale.o)
 .ARM.attributes
                0x00000d81       0x34 /home/jim/Ac6/SystemWorkbench/plugins/fr.ac6.mcu.externaltools.arm-none.linux64_1.13.1.201705091103/tools/compiler/bin/../lib/gcc/arm-none-eabi/5.4.1/../../../../arm-none-eabi/lib/armv7e-m/fpu/libc_nano.a(lib_a-mbtowc_r.o)
 .ARM.attributes
                0x00000db5       0x34 /home/jim/Ac6/SystemWorkbench/plugins/fr.ac6.mcu.externaltools.arm-none.linux64_1.13.1.201705091103/tools/compiler/bin/../lib/gcc/arm-none-eabi/5.4.1/../../../../arm-none-eabi/lib/armv7e-m/fpu/libc_nano.a(lib_a-memmove.o)
 .ARM.attributes
                0x00000de9       0x34 /home/jim/Ac6/SystemWorkbench/plugins/fr.ac6.mcu.externaltools.arm-none.linux64_1.13.1.201705091103/tools/compiler/bin/../lib/gcc/arm-none-eabi/5.4.1/../../../../arm-none-eabi/lib/armv7e-m/fpu/libc_nano.a(lib_a-mlock.o)
 .ARM.attributes
                0x00000e1d       0x34 /home/jim/Ac6/SystemWorkbench/plugins/fr.ac6.mcu.externaltools.arm-none.linux64_1.13.1.201705091103/tools/compiler/bin/../lib/gcc/arm-none-eabi/5.4.1/../../../../arm-none-eabi/lib/armv7e-m/fpu/libc_nano.a(lib_a-nano-reallocr.o)
 .ARM.attributes
                0x00000e51       0x34 /home/jim/Ac6/SystemWorkbench/plugins/fr.ac6.mcu.externaltools.arm-none.linux64_1.13.1.201705091103/tools/compiler/bin/../lib/gcc/arm-none-eabi/5.4.1/../../../../arm-none-eabi/lib/armv7e-m/fpu/libc_nano.a(lib_a-reent.o)
 .ARM.attributes
                0x00000e85       0x34 /home/jim/Ac6/SystemWorkbench/plugins/fr.ac6.mcu.externaltools.arm-none.linux64_1.13.1.201705091103/tools/compiler/bin/../lib/gcc/arm-none-eabi/5.4.1/../../../../arm-none-eabi/lib/armv7e-m/fpu/libc_nano.a(lib_a-wctomb_r.o)
 .ARM.attributes
                0x00000eb9       0x34 /home/jim/Ac6/SystemWorkbench/plugins/fr.ac6.mcu.externaltools.arm-none.linux64_1.13.1.201705091103/tools/compiler/bin/../lib/gcc/arm-none-eabi/5.4.1/../../../../arm-none-eabi/lib/armv7e-m/fpu/libc_nano.a(lib_a-ctype_.o)
 .ARM.attributes
                0x00000eed       0x34 /home/jim/Ac6/SystemWorkbench/plugins/fr.ac6.mcu.externaltools.arm-none.linux64_1.13.1.201705091103/tools/compiler/bin/../lib/gcc/arm-none-eabi/5.4.1/../../../../arm-none-eabi/lib/armv7e-m/fpu/libc_nano.a(lib_a-nano-msizer.o)
 .ARM.attributes
                0x00000f21       0x22 /home/jim/Ac6/SystemWorkbench/plugins/fr.ac6.mcu.externaltools.arm-none.linux64_1.13.1.201705091103/tools/compiler/bin/../lib/gcc/arm-none-eabi/5.4.1/armv7e-m/fpu/libgcc.a(_arm_unorddf2.o)
 .ARM.attributes
                0x00000f43       0x34 /home/jim/Ac6/SystemWorkbench/plugins/fr.ac6.mcu.externaltools.arm-none.linux64_1.13.1.201705091103/tools/compiler/bin/../lib/gcc/arm-none-eabi/5.4.1/../../../../arm-none-eabi/lib/armv7e-m/fpu/libnosys.a(sbrk.o)
 .ARM.attributes
                0x00000f77       0x22 /home/jim/Ac6/SystemWorkbench/plugins/fr.ac6.mcu.externaltools.arm-none.linux64_1.13.1.201705091103/tools/compiler/bin/../lib/gcc/arm-none-eabi/5.4.1/armv7e-m/fpu/crtn.o
OUTPUT(robotCode.elf elf32-littlearm)

.debug_info     0x00000000    0x182e4
 .debug_info    0x00000000      0x6f1 Drivers/STM32F3xx_HAL_Driver/Src/stm32f3xx_hal.o
 .debug_info    0x000006f1      0xe30 Drivers/STM32F3xx_HAL_Driver/Src/stm32f3xx_hal_cortex.o
 .debug_info    0x00001521      0x675 Drivers/STM32F3xx_HAL_Driver/Src/stm32f3xx_hal_gpio.o
 .debug_info    0x00001b96      0xfb6 Drivers/STM32F3xx_HAL_Driver/Src/stm32f3xx_hal_pcd.o
 .debug_info    0x00002b4c      0x69e Drivers/STM32F3xx_HAL_Driver/Src/stm32f3xx_hal_pcd_ex.o
 .debug_info    0x000031ea     0x1327 Drivers/STM32F3xx_HAL_Driver/Src/stm32f3xx_hal_rcc.o
 .debug_info    0x00004511      0x6b4 Drivers/STM32F3xx_HAL_Driver/Src/stm32f3xx_hal_rcc_ex.o
 .debug_info    0x00004bc5     0x1b79 Drivers/STM32F3xx_HAL_Driver/Src/stm32f3xx_hal_spi.o
 .debug_info    0x0000673e     0x2d6b Drivers/STM32F3xx_HAL_Driver/Src/stm32f3xx_hal_tim.o
 .debug_info    0x000094a9     0x12a6 Drivers/STM32F3xx_HAL_Driver/Src/stm32f3xx_hal_tim_ex.o
 .debug_info    0x0000a74f      0xc84 Middlewares/ST/STM32_USB_Device_Library/Class/CDC/Src/usbd_cdc.o
 .debug_info    0x0000b3d3      0xbdd Middlewares/ST/STM32_USB_Device_Library/Core/Src/usbd_core.o
 .debug_info    0x0000bfb0      0xbcb Middlewares/ST/STM32_USB_Device_Library/Core/Src/usbd_ctlreq.o
 .debug_info    0x0000cb7b      0x765 Middlewares/ST/STM32_USB_Device_Library/Core/Src/usbd_ioreq.o
 .debug_info    0x0000d2e0      0x27a Src/TextOut.o
 .debug_info    0x0000d55a      0x8d2 Src/commsfpga.o
 .debug_info    0x0000de2c      0x4b8 Src/gpio.o
 .debug_info    0x0000e2e4     0x16f0 Src/main.o
 .debug_info    0x0000f9d4     0x3398 Src/myNRF24.o
 .debug_info    0x00012d6c      0x6a0 Src/speedcalc.o
 .debug_info    0x0001340c      0x892 Src/spi.o
 .debug_info    0x00013c9e      0x47b Src/stm32f3xx_hal_msp.o
 .debug_info    0x00014119      0x521 Src/stm32f3xx_it.o
 .debug_info    0x0001463a      0x404 Src/system_stm32f3xx.o
 .debug_info    0x00014a3e      0xc79 Src/tim.o
 .debug_info    0x000156b7      0x619 Src/usb_device.o
 .debug_info    0x00015cd0      0x866 Src/usbd_cdc_if.o
 .debug_info    0x00016536     0x1853 Src/usbd_conf.o
 .debug_info    0x00017d89      0x4f2 Src/usbd_desc.o
 .debug_info    0x0001827b       0x69 startup/startup_stm32f303xc.o

.debug_abbrev   0x00000000     0x3e9b
 .debug_abbrev  0x00000000      0x1d3 Drivers/STM32F3xx_HAL_Driver/Src/stm32f3xx_hal.o
 .debug_abbrev  0x000001d3      0x316 Drivers/STM32F3xx_HAL_Driver/Src/stm32f3xx_hal_cortex.o
 .debug_abbrev  0x000004e9      0x1cb Drivers/STM32F3xx_HAL_Driver/Src/stm32f3xx_hal_gpio.o
 .debug_abbrev  0x000006b4      0x322 Drivers/STM32F3xx_HAL_Driver/Src/stm32f3xx_hal_pcd.o
 .debug_abbrev  0x000009d6      0x1b5 Drivers/STM32F3xx_HAL_Driver/Src/stm32f3xx_hal_pcd_ex.o
 .debug_abbrev  0x00000b8b      0x2cd Drivers/STM32F3xx_HAL_Driver/Src/stm32f3xx_hal_rcc.o
 .debug_abbrev  0x00000e58      0x261 Drivers/STM32F3xx_HAL_Driver/Src/stm32f3xx_hal_rcc_ex.o
 .debug_abbrev  0x000010b9      0x366 Drivers/STM32F3xx_HAL_Driver/Src/stm32f3xx_hal_spi.o
 .debug_abbrev  0x0000141f      0x313 Drivers/STM32F3xx_HAL_Driver/Src/stm32f3xx_hal_tim.o
 .debug_abbrev  0x00001732      0x273 Drivers/STM32F3xx_HAL_Driver/Src/stm32f3xx_hal_tim_ex.o
 .debug_abbrev  0x000019a5      0x259 Middlewares/ST/STM32_USB_Device_Library/Class/CDC/Src/usbd_cdc.o
 .debug_abbrev  0x00001bfe      0x273 Middlewares/ST/STM32_USB_Device_Library/Core/Src/usbd_core.o
 .debug_abbrev  0x00001e71      0x2c7 Middlewares/ST/STM32_USB_Device_Library/Core/Src/usbd_ctlreq.o